09-15 14:41:14.889: I/CarrierServices(3013): [2] RcsAutoStartReceiver.b: RcsAutoStartReceiver triggered. Fetching RCS State. Action: android.intent.action.PACKAGE_ADDED
09-15 14:41:14.894: I/Finsky(7748): [175] epm.a(12): Asset module storage cleared for package com.example.aplikacija.
09-15 14:41:14.905: I/CarrierServices(3013): [2] aws.a: Migration binding to RcsMigrationService
09-15 14:41:14.922: D/AwarenessRouter(7785): 0 new fences
09-15 14:41:14.924: I/Finsky(7748): [2] kzs.c(2): Frosting ID looked up on UI thread. Caller should move to a background thread.
09-15 14:41:14.933: I/Bugle(4157): returning RCS state provider.
09-15 14:41:14.937: I/Finsky(7748): [2] keu.run(7): Package state data is missing for com.example.aplikacija
09-15 14:41:14.946: D/AwarenessRouter(7785): 0 fences already registered
09-15 14:41:14.955: I/CarrierServices(4157): [307] ieq.a: Sim state is not ready. Returning last known operation mode.
09-15 14:41:14.956: I/CarrierServices(3013): [238] awt.doInBackground: Saving RCS State
09-15 14:41:14.961: D/CarrierSvcBindHelper(1497): No carrier app for: 0
09-15 14:41:14.964: I/CarrierServices(3013): [238] awt.doInBackground: Old operation mode: 0
09-15 14:41:14.965: I/zygote64(8729): Deoptimizing int qky.onStartCommand(android.content.Intent, int, int) due to JIT inline cache
09-15 14:41:14.971: E/VvmPkgInstalledRcvr(1497): cannot create TelephonyManager from ComponentInfo{com.android.phone/com.android.services.telephony.TelephonyConnectionService}, [****], UserHandle{0}
09-15 14:41:14.971: D/ImsResolver(1497): maybeAddedImsService, packageName: com.example.aplikacija
09-15 14:41:14.972: D/CarrierConfigLoader(1497): mHandler: 9 phoneId: 0
09-15 14:41:14.973: I/CarrierServices(3013): [238] awt.doInBackground: New operation mode: 0
09-15 14:41:14.973: D/AwarenessRouter(7785): Successfully removed 0 context fences
09-15 14:41:14.974: I/CarrierServices(3013): [2] aww.a: Unbinding RcsMigrationService
09-15 14:41:14.982: D/RegisteredNfcFServicesCache(1970): Service unchanged, not updating
09-15 14:41:14.986: I/Telecom(893): DefaultDialerCache: Refreshing default dialer for user 0: now com.google.android.dialer: DDC.oR@AIg
09-15 14:41:14.994: I/zygote64(8729): Deoptimizing java.lang.Object ox.next() due to JIT inline cache
09-15 14:41:15.007: W/GCM(6666): Unexpected forwarded intent: Intent { act=android.intent.action.PACKAGE_ADDED dat=package:com.example.aplikacija flg=0x4000010 cmp=com.google.android.gms/.chimera.PersistentIntentOperationService (has extras) }
09-15 14:41:15.017: W/GCM(6666): Unexpected forwarded intent: Intent { act=android.intent.action.PACKAGE_ADDED dat=package:com.example.aplikacija flg=0x4000010 cmp=com.google.android.gms/.chimera.PersistentIntentOperationService (has extras) }
09-15 14:41:15.019: I/Finsky(7748): [178] kzo.run(16): Wrote row to frosting DB: 174
09-15 14:41:15.024: W/ActivityManager(893): Unable to start service Intent { act=com.google.android.gms.auth.key.retrieval.service.START pkg=com.google.android.gms } U=0: not found
09-15 14:41:15.029: W/ActivityManager(893): Unbind failed: could not find connection for android.os.BinderProxy@32a20cc
09-15 14:41:15.030: I/Auth(8729): [SupervisedAccountIntentOperation] onHandleIntent(): android.intent.action.PACKAGE_ADDED
09-15 14:41:15.033: E/GmsClient(8729): unable to connect to service: com.google.android.gms.auth.key.retrieval.service.START on com.google.android.gms
09-15 14:41:15.042: I/ChromeSync(8729): [Sync,SyncIntentOperation] Handling the intent: Intent { act=android.intent.action.PACKAGE_ADDED dat=package:com.example.aplikacija flg=0x4000010 cmp=com.google.android.gms/.chimera.GmsIntentOperationService (has extras) }.
09-15 14:41:15.084: I/zygote64(9531): Waiting for a blocking GC ProfileSaver
09-15 14:41:15.119: E/zygote64(9700): The String#value field is not present on Android versions >= 6.0
09-15 14:41:15.137: I/zygote64(9531): WaitForGcToComplete blocked for 53.279ms for cause ProfileSaver
09-15 14:41:15.139: D/AndroidRuntime(9719): >>>>>> START com.android.internal.os.RuntimeInit uid 2000 <<<<<<
09-15 14:41:15.146: I/zygote(7748): Deoptimizing void apfm.a(int, java.util.List, apct) due to JIT inline cache
09-15 14:41:15.154: W/zygote64(9531): Suspending all threads took: 9.001ms
09-15 14:41:15.201: I/ActivityManager(893): Start proc 9742:com.android.providers.calendar/u0a6 for content provider com.android.providers.calendar/.CalendarProvider2
09-15 14:41:15.212: W/Primes(9700): Primes not initialized, returning default (no-op) Primes instance which will ignore all calls. Please call Primes.initialize(...) before using any Primes API.
09-15 14:41:15.225: E/ConfigFileUtils(8729): Failed to read config file: /data/user_de/0/com.google.android.gms/app_chimera/next_container.pb (No such file or directory)
09-15 14:41:15.241: I/ChromeSync(8729): [Persistence,AffiliationManager] One of affiliation or grouping data for android://N50vJU0zrJ8WOzDt6r3GDtfqrkROFOSiqHcmppwn3vxaRC4hFpNn4UsL7XlvjtlfcWuDAQhmck0qjQPwsrpMNg==@com.example.aplikacija/ was not found. Marking affiliation data as stale...
09-15 14:41:15.247: D/AndroidRuntime(9719): Calling main entry com.android.commands.pm.Pm
09-15 14:41:15.254: E/asset(9767): setgid: Operation not permitted
09-15 14:41:15.310: I/ModuleSetMgr(8729): Container features not yet downloaded are disabled.
09-15 14:41:15.322: I/ModuleSetMgr(8729): Container features not yet downloaded are disabled.
09-15 14:41:15.339: I/CalendarProvider2(9742): Created com.android.providers.calendar.CalendarAlarmManager@d4f1742(com.android.providers.calendar.CalendarProvider2@2cf3353)
09-15 14:41:15.349: I/GmsModuleFndr(8729): Beginning GMS chimera module scan
09-15 14:41:15.375: I/ModuleSetMgr(8729): Computing pending module set with APKs: [[AdsFdrDynamite.integ:22060000000], [Payments.integ:202690008000400], [PaymentsDynamite.integ:202690008000400], [AdsFdrDynamite.integ:21460000000], [Cronetdynamite:202116040400], [Dynamiteloader:202116040000], [Dynamitemodulesa:202116040000], [Dynamitemodulesc:202116040000], [Googlecertificates:202116040000], [Mapsdynamite:202116040000], [Measurementdynamite:202116040000]]
09-15 14:41:15.381: I/zygote64(893): Background concurrent copying GC freed 61110(2MB) AllocSpace objects, 9(180KB) LOS objects, 42% free, 16MB/28MB, paused 333us total 545.294ms
09-15 14:41:15.388: I/ModuleSetMgr(8729): Pending container module APKs: []
09-15 14:41:15.388: I/ModuleSetMgr(8729): Pending non-container module APKs: [[AdsFdrDynamite.integ:22060000000], [Payments.integ:202690008000400], [PaymentsDynamite.integ:202690008000400]]
09-15 14:41:15.397: I/Icing(8729): IndexChimeraService.getServiceInterface callingPackage=com.google.android.gms componentName=AppsCorpus serviceId=36 [CONTEXT service_id=21 ]
09-15 14:41:15.442: W/PackageParser(8729): Unknown element under <manifest>: queries at /data/user_de/0/com.google.android.gms/app_chimera/m/00000015/dl-AdsFdrDynamite.integ_22060000000.apk Binary XML file line #5
09-15 14:41:15.446: W/PackageParser(8729): Unknown element under <manifest>: queries at /data/user_de/0/com.google.android.gms/app_chimera/m/00000016/dl-Payments.integ_202690008000400.apk Binary XML file line #5
09-15 14:41:15.460: I/ChimeraConfigurator(8729): Update complete: success
09-15 14:41:15.470: I/ModuleSetMgr(8729): Container features not yet downloaded are disabled.
09-15 14:41:15.510: W/Icing(8729): No valid account for uploading user actions [CONTEXT service_id=21 ]
09-15 14:41:15.514: I/zygote64(8729): Compiler allocated 4MB to compile void bzls.a(java.lang.Object, bziy)
09-15 14:41:15.523: I/zygote64(8729): Deoptimizing void bzhl.a(java.lang.Iterable, java.util.List) due to JIT inline cache
09-15 14:41:15.545: I/zygote64(8729): Deoptimizing boolean cyk.a(android.content.Context, cyi, java.lang.String) due to JIT inline cache
09-15 14:41:15.548: I/zygote64(7297): Deoptimizing boolean com.google.android.apps.gsa.search.core.preferences.an.ex(boolean) due to JIT inline cache
09-15 14:41:15.551: I/aodq(6666): Scheduling Phenotype for a PhenotypeSyncImmediately(5, null) one off with window [1, 2] in seconds [CONTEXT service_id=51 ]
09-15 14:41:15.564: I/BgTaskExecutorImpl(7297): Starting EXCLUSIVE background task process_account_change.
09-15 14:41:15.583: I/PmtsSwAccountIntentOp(8729): Processing intent action=android.accounts.LOGIN_ACCOUNTS_CHANGED
09-15 14:41:15.583: W/SearchServiceCore(7297): Abort, client detached.
09-15 14:41:15.601: I/ActivityManager(893): Start proc 9802:com.google.android.youtube/u0a109 for broadcast com.google.android.youtube/com.google.android.libraries.youtube.account.AccountsChangedReceiver
09-15 14:41:15.609: I/PmtsSwAccountIntentOp(8729): Account added has already been processed
09-15 14:41:15.613: I/GamesDatabaseHelper(8729): Bootstrapping database version: 2302
09-15 14:41:15.631: I/MicroDetectionWorker(7297): Initializing MicroDataManager InitializeType-2, isForced-true, isActivePhoneEnrollment-false isActiveGoogleHomeEnrollment-false
09-15 14:41:15.661: I/PackageManager.DexOptimizer(893): Running dexopt (dexoptNeeded=1) on: /data/app/vmdl1661452150.tmp/base.apk pkg=androidx.test.tools.crawler isa=arm64 dexoptFlags=boot_complete,public target-filter=quicken oatDir=/data/app/vmdl1661452150.tmp/oat sharedLibraries=/system/framework/android.test.runner.jar
09-15 14:41:15.686: I/dex2oat(9817): /system/bin/dex2oat --input-vdex-fd=-1 --output-vdex-fd=17 --compiler-filter=quicken --classpath-dir=/data/app/vmdl1661452150.tmp
09-15 14:41:15.746: I/Auth(6666): [BroadcastManager] Broadcasting account change.
09-15 14:41:15.750: W/WakefulBroadcastReceiv.(6666): No active wake lock id #1
09-15 14:41:15.786: I/Icing(8729): IndexChimeraService.getServiceInterface callingPackage=com.google.android.gms componentName=null serviceId=30 [CONTEXT service_id=21 ]
09-15 14:41:15.796: W/YT(9802): Last known version:13.20.54
09-15 14:41:15.797: I/Icing(8729): Usage reports ok 1, Failed Usage reports 0, indexed 0, rejected 0 [CONTEXT service_id=21 ]
09-15 14:41:15.829: W/Icing(8729): No valid account for uploading user actions [CONTEXT service_id=21 ]
09-15 14:41:15.851: I/Finsky(7748): [2] eho.a(29): Completed 1 account content syncs with 1 successful.
09-15 14:41:15.857: I/Auth(6666): [AccountStatusChecker] OnDataChanged check: <ELLIDED:1789593452>
09-15 14:41:15.859: I/Auth(6666): [AccountStatusChecker] Canceling for <ELLIDED:1789593452>
09-15 14:41:15.860: I/Icing(8729): Usage reports ok 0, Failed Usage reports 0, indexed 0, rejected 0 [CONTEXT service_id=21 ]
09-15 14:41:15.882: I/Finsky(7748): [2] ContentSyncJob.a(12): Installation state replication succeeded.
09-15 14:41:15.882: I/Finsky(7748): [2] tsg.a(16): SCH: jobFinished: 12-1. TimeElapsed: 2008ms.
09-15 14:41:15.882: I/zygote64(8729): Deoptimizing int bzls.a(java.lang.Object, byte[], int, int, int, int, int, int, long, int, long, bzhs) due to JIT inline cache
09-15 14:41:15.883: I/Finsky(7748): [2] tqw.a(37): SCH: Job 12-1 finished. Not rescheduling.
09-15 14:41:15.884: I/Finsky(7748): [2] tqv.handleMessage(63): SCH: RunningQueue size: 0, PendingQueue size: 0
09-15 14:41:15.884: I/Finsky(7748): [2] tqv.handleMessage(29): Executor finished
09-15 14:41:15.889: I/Icing(8729): Indexing com.google.android.gms-internal.3p:MobileApplication from com.google.android.gms using seqno 109 [CONTEXT service_id=21 ]
09-15 14:41:15.890: I/BgTaskExecutorImpl(7297): Starting EXCLUSIVE background task send_gsa_home_request.
09-15 14:41:15.893: I/NowOptInSettings(7297): onAccountChanged() : [REDACTED-54]
09-15 14:41:15.904: W/YouTube(9802): Fetching the Gservices key 'failsafe_clear_cache_release_13_02' before the end of the bulk initialization
09-15 14:41:15.951: I/Icing(8729): Indexing com.google.android.gms-apps from com.google.android.gms [CONTEXT service_id=21 ]
09-15 14:41:16.027: I/WebViewFactory(7297): Loading com.android.chrome version 66.0.3359.158 (code 335915852)
09-15 14:41:16.066: I/Icing(8729): Indexing done com.google.android.gms-apps [CONTEXT service_id=21 ]
09-15 14:41:16.073: I/Auth(6666): [AccountStatusChecker] OnDataChanged check: <ELLIDED:1789593452>
09-15 14:41:16.075: I/Auth(6666): [AccountStatusChecker] Canceling for <ELLIDED:1789593452>
09-15 14:41:16.145: I/Finsky(7748): [2] ttj.a(7): SCH: Jobs in database: 1-1337 24-77777777 26-1414141414 
09-15 14:41:16.150: I/Finsky(7748): [2] tpg.a(58): SCH: ConstraintMapping: 24-77777777,  -> L: 0ms, D: 82591313ms, C: false, I: true, N: 0
09-15 14:41:16.151: I/Finsky(7748): [2] tpg.a(58): SCH: ConstraintMapping: 1-1337,  -> L: 14182122ms, D: 49011510ms, C: false, I: false, N: 1
09-15 14:41:16.151: I/Finsky(7748): [2] tpg.a(58): SCH: ConstraintMapping: 26-1414141414,  -> L: 691763ms, D: 1591763ms, C: false, I: false, N: 0
09-15 14:41:16.159: W/YouTube(9802): Fetching the Gservices key 'disable_binder_callback_flush' before the end of the bulk initialization
09-15 14:41:16.173: I/Finsky(7748): [2] trt.a(37): Cancelling existing jobscheduler jobs: 9002 9000 
09-15 14:41:16.179: I/Finsky(7748): [2] trt.a(14): Throttling wakeup for job 9003 (expected to run in 0 ms) due to recent wakeup
09-15 14:41:16.180: I/Finsky(7748): [2] trt.a(30): Scheduling job Id: 9003, L: 30000, D: 82591313, C: false, I: true, N: 0
09-15 14:41:16.183: I/Finsky(7748): [2] trt.a(30): Scheduling job Id: 9004, L: 14182122, D: 49011510, C: false, I: false, N: 1
09-15 14:41:16.185: I/Finsky(7748): [2] trt.a(30): Scheduling job Id: 9005, L: 691763, D: 1591763, C: false, I: false, N: 0
09-15 14:41:16.218: W/OptInChecker(7297): Missing cached UDC setting for AUDIO_HISTORY
09-15 14:41:16.218: W/OptInChecker(7297): Missing cached UDC setting for DEVICE_STATE_AND_CONTENT
09-15 14:41:16.218: W/OptInChecker(7297): Missing cached UDC setting for LOCATION_HISTORY_AND_REPORTING
09-15 14:41:16.218: W/OptInChecker(7297): Missing cached UDC setting for NOW_CARDS
09-15 14:41:16.218: W/OptInChecker(7297): Missing cached UDC setting for NOW_NOTIFICATIONS
09-15 14:41:16.224: I/zygote64(6666): Deoptimizing boolean bpav.n() due to JIT inline cache
09-15 14:41:16.225: I/zygote64(6666): Deoptimizing void bpce.a(bpbs, bpcd, bpcc) due to JIT inline cache
09-15 14:41:16.225: I/FacsCacheGmsModule(6666): Receiving API connection to FACS API from package 'com.google.android.gms'...
09-15 14:41:16.261: I/FacsCacheGmsModule(6666): API connection successful!
09-15 14:41:16.277: I/FacsCacheGmsModule(6666): Received 'getActivityControlsSettings' request from package 'com.google.android.gms', instance id 'gmscoreinmemoryfacscache_nearby_sharing', version '1'...
09-15 14:41:16.278: I/FacsCacheGmsModule(6666): Operation 'getActivityControlsSettings' dispatched!
09-15 14:41:16.278: I/FacsCacheGmsModule(6666): Executing operation 'GetActivityControlsSettingsOperation'...
09-15 14:41:16.306: I/cr_LibraryLoader(7297): Time to load native libraries: 4 ms (timestamps 7175-7179)
09-15 14:41:16.318: W/OptInChecker(7297): Missing cached UDC setting for WEB_HISTORY
09-15 14:41:16.318: W/OptInChecker(7297): Missing cached UDC setting for WEB_AND_APP_HISTORY
09-15 14:41:16.318: W/OptInChecker(7297): Missing cached UDC setting for CHROME_HISTORY_SYNC
09-15 14:41:16.319: I/FacsCacheGmsModule(8729): Receiving API connection to internal FACS API...
09-15 14:41:16.353: I/chromium(7297): [INFO:library_loader_hooks.cc(36)] Chromium logging enabled: level = 0, default verbosity = 0
09-15 14:41:16.354: I/cr_LibraryLoader(7297): Expected native library version number "66.0.3359.158", actual native library version number "66.0.3359.158"
09-15 14:41:16.378: I/FacsCacheGmsModule(6666): Forwarding operation 'GetActivityControlsSettingsOperation' to internal FACS API...
09-15 14:41:16.382: W/ThreadPoolDumper(7297): Queue length for executor Blocking is now 6. Perhaps some tasks are too long, or the pool is too small.
09-15 14:41:16.421: I/zygote64(6666): Background concurrent copying GC freed 142206(7MB) AllocSpace objects, 42(2MB) LOS objects, 50% free, 8MB/17MB, paused 5.723ms total 141.673ms
09-15 14:41:16.425: D/NetworkSecurityConfig(7297): Using Network Security Config from resource network_security_config debugBuild: false
09-15 14:41:16.452: I/zygote64(893): Background concurrent copying GC freed 50531(2MB) AllocSpace objects, 19(380KB) LOS objects, 42% free, 14MB/26MB, paused 204us total 180.871ms
09-15 14:41:16.459: W/OptInChecker(7297): Missing cached UDC setting for WEB_HISTORY
09-15 14:41:16.475: I/FacsCacheGmsModule(8729): API connection successful!
09-15 14:41:16.478: I/FacsCacheGmsModule(8729): Received 'syncActivityControlsSettingsInternal' (forced: false) request...
09-15 14:41:16.480: I/FacsCacheGmsModule(8729): Operation 'syncActivityControlsSettingsInternal' dispatched!
09-15 14:41:16.486: I/FacsCacheGmsModule(8729): Executing operation 'SyncActivityControlsSettingsInternalOperation'...
09-15 14:41:16.486: I/FacsCacheGmsModule(8729): Operation 'SyncActivityControlsSettingsInternalOperation' performing sync (type: 'EMPTY_CACHE')...
09-15 14:41:16.637: E/YouTube(9802): Failed delayed event dispatch, no dispatchers.
09-15 14:41:16.641: I/VoiceUnlockApiWrapper(7297): Settings voice unlock to : false
09-15 14:41:16.684: I/FacsCacheGmsModule(6666): Receiving API connection to FACS API from package 'com.google.android.gms'...
09-15 14:41:16.692: I/FacsCacheGmsModule(6666): API connection successful!
09-15 14:41:16.695: I/FacsCacheGmsModule(6666): Received 'readDeviceLevelSettings' request from package 'com.google.android.gms'...
09-15 14:41:16.698: I/FacsCacheGmsModule(6666): Operation 'readDeviceLevelSettings' dispatched!
09-15 14:41:16.700: I/FacsCacheGmsModule(6666): Executing operation 'ReadDeviceLevelSettingsOperation'...
09-15 14:41:16.715: I/FacsCacheGmsModule(6666): Operation 'ReadDeviceLevelSettingsOperation' successful!
09-15 14:41:16.726: I/GmsCoreXrpcWrapper(8729): Returning a channel provider with trafficStatsTag=4097
09-15 14:41:16.793: W/Conscrypt(6666): Could not set socket write timeout: java.net.SocketException: Socket closed
09-15 14:41:16.793: W/Conscrypt(6666): 	at com.google.android.gms.org.conscrypt.Platform.setSocketWriteTimeout(:com.google.android.gms@202116019@20.21.16 (040400-315540369):2)
09-15 14:41:16.793: W/Conscrypt(6666): 	at com.google.android.gms.org.conscrypt.ConscryptFileDescriptorSocket.setSoWriteTimeout(:com.google.android.gms@202116019@20.21.16 (040400-315540369):0)
09-15 14:41:16.800: W/Conscrypt(6666): Could not set socket write timeout: java.net.SocketException: Socket closed
09-15 14:41:16.800: W/Conscrypt(6666): 	at com.google.android.gms.org.conscrypt.Platform.setSocketWriteTimeout(:com.google.android.gms@202116019@20.21.16 (040400-315540369):2)
09-15 14:41:16.800: W/Conscrypt(6666): 	at com.google.android.gms.org.conscrypt.ConscryptFileDescriptorSocket.setSoWriteTimeout(:com.google.android.gms@202116019@20.21.16 (040400-315540369):0)
09-15 14:41:16.834: I/dex2oat(9817): dex2oat took 1.148s (1.367s cpu) (threads: 4) arena alloc=5KB (5808B) java alloc=3MB (3891920B) native alloc=5MB (6146976B) free=2MB (2765920B)
09-15 14:41:16.986: I/zygote64(6666): Deoptimizing void bzls.a(bziy, int, java.lang.Object, int) due to JIT inline cache
09-15 14:41:16.986: I/zygote64(6666): Deoptimizing void bzjk.a(bzix, bzns, int, java.lang.Object) due to JIT inline cache
09-15 14:41:16.987: I/zygote64(6666): Deoptimizing void bzmj.a(int, java.util.List, bziy) due to JIT inline cache
09-15 14:41:16.990: I/aoeb(6666): Removed 0 invalid users [CONTEXT service_id=51 ]
09-15 14:41:16.990: I/aoeb(6666): [ 09-15 14:41:17.073   678: 1144 E/         ]
09-15 14:41:16.990: I/aoeb(6666): Couldn't opendir /data/app/vmdl1661452150.tmp: No such file or directory
09-15 14:41:17.073: E/installd(678): Failed to delete /data/app/vmdl1661452150.tmp: No such file or directory
09-15 14:41:17.081: I/Pm(9719): Package androidx.test.tools.crawler installed in 1831 ms
09-15 14:41:17.082: D/PackageInstaller(893): Ignoring abandon after commit relinquished control
09-15 14:41:17.083: I/app_process(9719): System.exit called, status: 0
09-15 14:41:17.083: I/AndroidRuntime(9719): VM exiting with result code 0.
09-15 14:41:17.088: I/Auth(6666): [AccountStatusChecker] OnDataChanged check: <ELLIDED:1789593452>
09-15 14:41:17.094: I/Auth(6666): [AccountStatusChecker] Canceling for <ELLIDED:1789593452>
09-15 14:41:17.115: I/Finsky(7748): [2] qvg.a(21): PackageMonitor - Received: android.intent.action.PACKAGE_ADDED, [OwTLqO6btGsi6Tcv2-TznXK21v3lwAbORH4jydMacKQ]
09-15 14:41:17.115: I/Finsky(7748): [2] qwj.d(11): Invalidating cached PackageState for androidx.test.tools.crawler
09-15 14:41:17.117: I/CarrierServices(3013): [2] RcsAutoStartReceiver.b: carrierServicesJibeServiceEnabled changed from true to true
09-15 14:41:17.120: I/InputReader(893): Reconfiguring input devices.  changes=0x00000010
09-15 14:41:17.123: I/Finsky(7748): [2] abny.a(10): Do not start WearSupportService due to Wear service optimization
09-15 14:41:17.126: I/Finsky(7748): [2] abny.a(10): Do not start WearSupportService due to Wear service optimization
09-15 14:41:17.128: I/Finsky(7748): [175] epm.a(12): Asset module storage cleared for package androidx.test.tools.crawler.
09-15 14:41:17.131: I/CarrierServices(3013): [2] RcsAutoStartReceiver.b: enableRcs changed from true to true
09-15 14:41:17.133: I/CarrierServices(3013): [2] RcsAutoStartReceiver.b: RcsAutoStartReceiver triggered. Fetching RCS State. Action: android.intent.action.PACKAGE_ADDED
09-15 14:41:17.175: I/Finsky(7748): [2] kzs.c(2): Frosting ID looked up on UI thread. Caller should move to a background thread.
09-15 14:41:17.189: I/CarrierServices(3013): [2] aws.a: Migration binding to RcsMigrationService
09-15 14:41:17.197: I/Bugle(4157): returning RCS state provider.
09-15 14:41:17.208: I/CarrierServices(4157): [307] ieq.a: Sim state is not ready. Returning last known operation mode.
09-15 14:41:17.209: I/CarrierServices(3013): [239] awt.doInBackground: Saving RCS State
09-15 14:41:17.211: I/CarrierServices(3013): [239] awt.doInBackground: Old operation mode: 0
09-15 14:41:17.213: I/zygote64(9590): Waiting for a blocking GC ProfileSaver
09-15 14:41:17.214: W/OptInChecker(7297): Missing cached UDC setting for AUDIO_HISTORY
09-15 14:41:17.214: W/OptInChecker(7297): Missing cached UDC setting for DEVICE_STATE_AND_CONTENT
09-15 14:41:17.214: W/OptInChecker(7297): Missing cached UDC setting for LOCATION_HISTORY_AND_REPORTING
09-15 14:41:17.214: W/OptInChecker(7297): Missing cached UDC setting for NOW_CARDS
09-15 14:41:17.214: W/OptInChecker(7297): Missing cached UDC setting for NOW_NOTIFICATIONS
09-15 14:41:17.214: W/OptInChecker(7297): Missing cached UDC setting for WEB_HISTORY
09-15 14:41:17.214: W/OptInChecker(7297): Missing cached UDC setting for WEB_AND_APP_HISTORY
09-15 14:41:17.214: W/OptInChecker(7297): Missing cached UDC setting for CHROME_HISTORY_SYNC
09-15 14:41:17.216: D/CarrierSvcBindHelper(1497): No carrier app for: 0
09-15 14:41:17.223: I/Finsky(7748): [2] keu.run(7): Package state data is missing for androidx.test.tools.crawler
09-15 14:41:17.234: E/VvmPkgInstalledRcvr(1497): cannot create TelephonyManager from ComponentInfo{com.android.phone/com.android.services.telephony.TelephonyConnectionService}, [****], UserHandle{0}
09-15 14:41:17.234: D/ImsResolver(1497): maybeAddedImsService, packageName: androidx.test.tools.crawler
09-15 14:41:17.235: D/CarrierConfigLoader(1497): mHandler: 9 phoneId: 0
09-15 14:41:17.246: I/Telecom(893): DefaultDialerCache: Refreshing default dialer for user 0: now com.google.android.dialer: DDC.oR@AIw
09-15 14:41:17.252: I/zygote64(9590): WaitForGcToComplete blocked for 40.218ms for cause ProfileSaver
09-15 14:41:17.253: D/RegisteredNfcFServicesCache(1970): Service unchanged, not updating
09-15 14:41:17.258: I/Auth(8729): [SupervisedAccountIntentOperation] onHandleIntent(): android.intent.action.PACKAGE_ADDED
09-15 14:41:17.263: I/CarrierServices(3013): [239] awt.doInBackground: New operation mode: 0
09-15 14:41:17.264: I/CarrierServices(3013): [2] aww.a: Unbinding RcsMigrationService
09-15 14:41:17.264: W/GCM(6666): Unexpected forwarded intent: Intent { act=android.intent.action.PACKAGE_ADDED dat=package:androidx.test.tools.crawler flg=0x4000010 cmp=com.google.android.gms/.chimera.PersistentIntentOperationService (has extras) }
09-15 14:41:17.265: W/GCM(6666): Unexpected forwarded intent: Intent { act=android.intent.action.PACKAGE_ADDED dat=package:androidx.test.tools.crawler flg=0x4000010 cmp=com.google.android.gms/.chimera.PersistentIntentOperationService (has extras) }
09-15 14:41:17.310: I/ChromeSync(8729): [Sync,SyncIntentOperation] Handling the intent: Intent { act=android.intent.action.PACKAGE_ADDED dat=package:androidx.test.tools.crawler flg=0x4000010 cmp=com.google.android.gms/.chimera.GmsIntentOperationService (has extras) }.
09-15 14:41:17.313: I/FontLog(8729): Package androidx.test.tools.crawler has no metadata [CONTEXT service_id=132 ]
09-15 14:41:17.316: W/ActivityManager(893): Unable to start service Intent { act=com.google.android.gms.auth.key.retrieval.service.START pkg=com.google.android.gms } U=0: not found
09-15 14:41:17.340: I/Finsky(7748): [178] kzo.run(16): Wrote row to frosting DB: 175
09-15 14:41:17.349: W/ActivityManager(893): Unbind failed: could not find connection for android.os.BinderProxy@e6c2c6e
09-15 14:41:17.350: E/GmsClient(8729): unable to connect to service: com.google.android.gms.auth.key.retrieval.service.START on com.google.android.gms
09-15 14:41:17.412: W/background1-1(9825): type=1400 audit(0.0:183): avc: denied { open } for path="/data/data/com.google.android.youtube/files/offline/.offlineLibraryBrowse" dev="sda35" ino=262356 scontext=u:r:untrusted_app:s0:c512,c768 tcontext=u:object_r:system_data_file:s0 tclass=file permissive=0
09-15 14:41:17.415: E/YouTube(9802): Failed to read offline browse from store
09-15 14:41:17.415: E/YouTube(9802): java.io.FileNotFoundException: /data/user/0/com.google.android.youtube/files/offline/.offlineLibraryBrowse (Permission denied)
09-15 14:41:17.415: E/YouTube(9802): 	at java.io.FileInputStream.open0(Native Method)
09-15 14:41:17.415: E/YouTube(9802): 	at java.io.FileInputStream.open(FileInputStream.java:200)
09-15 14:41:17.415: E/YouTube(9802): 	at java.io.FileInputStream.<init>(FileInputStream.java:150)
09-15 14:41:17.415: E/YouTube(9802): 	at amxg.a(SourceFile:4)
09-15 14:41:17.415: E/YouTube(9802): 	at amxg.b(SourceFile:7)
09-15 14:41:17.415: E/YouTube(9802): 	at amxc.d(SourceFile:35)
09-15 14:41:17.415: E/YouTube(9802): 	at dbm.c(SourceFile:58)
09-15 14:41:17.415: E/YouTube(9802): 	at dbm.b(SourceFile:10)
09-15 14:41:17.415: E/YouTube(9802): 	at dbf.e(SourceFile:50)
09-15 14:41:17.415: E/YouTube(9802): 	at cwa.run(SourceFile:6)
09-15 14:41:17.415: E/YouTube(9802): 	at java.util.concurrent.Executors$RunnableAdapter.call(Executors.java:457)
09-15 14:41:17.415: E/YouTube(9802): 	at java.util.concurrent.FutureTask.run(FutureTask.java:266)
09-15 14:41:17.415: E/YouTube(9802): 	at java.util.concurrent.ScheduledThreadPoolExecutor$ScheduledFutureTask.run(ScheduledThreadPoolExecutor.java:301)
09-15 14:41:17.415: E/YouTube(9802): 	at java.util.concurrent.ThreadPoolExecutor.runWorker(ThreadPoolExecutor.java:1162)
09-15 14:41:17.415: E/YouTube(9802): 	at java.util.concurrent.ThreadPoolExecutor$Worker.run(ThreadPoolExecutor.java:636)
09-15 14:41:17.415: E/YouTube(9802): 	at tun.run(SourceFile:20)
09-15 14:41:17.415: E/YouTube(9802): 	at java.lang.Thread.run(Thread.java:764)
09-15 14:41:17.437: I/CrashMetricService(9802): Startup metric for 'PRIMES_CRASH_MONITORING_INITIALIZED' dropped.
09-15 14:41:17.444: I/zygote64(9590): WaitForGcToComplete blocked for 175.261ms for cause HeapTrim
09-15 14:41:17.488: I/ChromeSync(8729): [Persistence,AffiliationManager] One of affiliation or grouping data for android://N50vJU0zrJ8WOzDt6r3GDtfqrkROFOSiqHcmppwn3vxaRC4hFpNn4UsL7XlvjtlfcWuDAQhmck0qjQPwsrpMNg==@androidx.test.tools.crawler/ was not found. Marking affiliation data as stale...
09-15 14:41:17.542: I/Finsky(7748): [2] ttj.a(7): SCH: Jobs in database: 1-1337 12-1 24-77777777 26-1414141414 
09-15 14:41:17.551: I/Finsky(7748): [2] tpg.a(58): SCH: ConstraintMapping: 24-77777777,  -> L: 0ms, D: 82589914ms, C: false, I: true, N: 0
09-15 14:41:17.552: I/Finsky(7748): [2] tpg.a(58): SCH: ConstraintMapping: 1-1337, 12-1,  -> L: 14676ms, D: 49010113ms, C: false, I: false, N: 1
09-15 14:41:17.553: I/Finsky(7748): [2] tpg.a(58): SCH: ConstraintMapping: 26-1414141414,  -> L: 690363ms, D: 1590363ms, C: false, I: false, N: 0
09-15 14:41:17.564: I/Finsky(7748): [2] trt.a(37): Cancelling existing jobscheduler jobs: 9005 9004 9003 
09-15 14:41:17.573: I/Finsky(7748): [2] trt.a(14): Throttling wakeup for job 9000 (expected to run in 0 ms) due to recent wakeup
09-15 14:41:17.573: E/ConfigFileUtils(8729): Failed to read config file: /data/user_de/0/com.google.android.gms/app_chimera/next_container.pb (No such file or directory)
09-15 14:41:17.573: I/Finsky(7748): [2] trt.a(30): Scheduling job Id: 9000, L: 30000, D: 82589914, C: false, I: true, N: 0
09-15 14:41:17.583: I/Finsky(7748): [2] trt.a(14): Throttling wakeup for job 9001 (expected to run in 14676 ms) due to recent wakeup
09-15 14:41:17.583: I/Finsky(7748): [2] trt.a(30): Scheduling job Id: 9001, L: 30000, D: 49010113, C: false, I: false, N: 1
09-15 14:41:17.586: I/Finsky(7748): [2] trt.a(30): Scheduling job Id: 9002, L: 690363, D: 1590363, C: false, I: false, N: 0
09-15 14:41:17.587: D/AndroidRuntime(9930): >>>>>> START com.android.internal.os.RuntimeInit uid 2000 <<<<<<
09-15 14:41:17.600: I/zygote64(893): Background concurrent copying GC freed 76901(3MB) AllocSpace objects, 9(180KB) LOS objects, 42% free, 16MB/28MB, paused 308us total 525.473ms
09-15 14:41:17.614: I/ModuleSetMgr(8729): Container features not yet downloaded are disabled.
09-15 14:41:17.630: I/ModuleSetMgr(8729): Container features not yet downloaded are disabled.
09-15 14:41:17.642: I/Icing(8729): Indexing com.google.android.gms-apps from com.google.android.gms [CONTEXT service_id=21 ]
09-15 14:41:17.644: I/GmsModuleFndr(8729): Beginning GMS chimera module scan
09-15 14:41:17.654: I/ModuleSetMgr(8729): Computing pending module set with APKs: [[AdsFdrDynamite.integ:22060000000], [Payments.integ:202690008000400], [PaymentsDynamite.integ:202690008000400], [AdsFdrDynamite.integ:21460000000], [Cronetdynamite:202116040400], [Dynamiteloader:202116040000], [Dynamitemodulesa:202116040000], [Dynamitemodulesc:202116040000], [Googlecertificates:202116040000], [Mapsdynamite:202116040000], [Measurementdynamite:202116040000]]
09-15 14:41:17.668: I/ModuleSetMgr(8729): Pending container module APKs: []
09-15 14:41:17.668: I/ModuleSetMgr(8729): Pending non-container module APKs: [[AdsFdrDynamite.integ:22060000000], [Payments.integ:202690008000400], [PaymentsDynamite.integ:202690008000400]]
09-15 14:41:17.685: I/Icing(8729): Indexing done com.google.android.gms-apps [CONTEXT service_id=21 ]
09-15 14:41:17.699: D/AndroidRuntime(9930): Calling main entry com.android.commands.am.Am
09-15 14:41:17.712: I/ActivityManager(893): Force stopping com.google.android.apps.mtaas.tools appid=10117 user=0: start instr
09-15 14:41:17.730: I/ActivityManager(893): Start proc 9957:com.google.android.apps.mtaas.tools/u0a117 for added application com.google.android.apps.mtaas.tools
09-15 14:41:17.730: D/NetworkSecurityConfig(9802): No Network Security Config specified, using platform default
09-15 14:41:17.732: W/PackageParser(8729): Unknown element under <manifest>: queries at /data/user_de/0/com.google.android.gms/app_chimera/m/00000015/dl-AdsFdrDynamite.integ_22060000000.apk Binary XML file line #5
09-15 14:41:17.734: W/PackageParser(8729): Unknown element under <manifest>: queries at /data/user_de/0/com.google.android.gms/app_chimera/m/00000016/dl-Payments.integ_202690008000400.apk Binary XML file line #5
09-15 14:41:17.741: I/ChimeraConfigurator(8729): Update complete: success
09-15 14:41:17.751: I/ModuleSetMgr(8729): Container features not yet downloaded are disabled.
09-15 14:41:17.786: I/zygote64(9638): Waiting for a blocking GC ProfileSaver
09-15 14:41:17.792: W/zygote64(9802): Skipping duplicate class check due to unrecognized classloader
09-15 14:41:17.807: D/GetPackageUid(9957): Instrumentation completed successfully
09-15 14:41:17.808: I/ActivityManager(893): Force stopping com.google.android.apps.mtaas.tools appid=10117 user=0: finished inst
09-15 14:41:17.808: I/ActivityManager(893): Killing 9957:com.google.android.apps.mtaas.tools/u0a117 (adj 0): stop com.google.android.apps.mtaas.tools
09-15 14:41:17.810: W/Binder(893): Outgoing transactions from this process must be FLAG_ONEWAY
09-15 14:41:17.810: W/Binder(893): java.lang.Throwable
09-15 14:41:17.810: W/Binder(893): 	at android.os.BinderProxy.transact(Binder.java:736)
09-15 14:41:17.810: W/Binder(893): 	at android.app.IInstrumentationWatcher$Stub$Proxy.instrumentationFinished(IInstrumentationWatcher.java:160)
09-15 14:41:17.810: W/Binder(893): 	at com.android.server.am.InstrumentationReporter$MyThread.run(InstrumentationReporter.java:86)
09-15 14:41:17.814: D/AndroidRuntime(9930): Shutting down VM
09-15 14:41:17.816: E/GCoreUlr(6666): Create new device tag of -356023298 without device reboot
09-15 14:41:17.840: I/DynamiteModule(9802): Considering local module com.google.android.gms.ads.dynamite:0 and remote module com.google.android.gms.ads.dynamite:22000
09-15 14:41:17.840: I/DynamiteModule(9802): Selected remote version of com.google.android.gms.ads.dynamite, version >= 22000
09-15 14:41:17.845: I/ActivityManager(893): Failure reporting to instrumentation watcher: comp=ComponentInfo{com.google.android.apps.mtaas.tools/com.google.android.apps.mtaas.tools.instrumentations.GetPackageUid} results=Bundle[mParcelledData.dataSize=100]
09-15 14:41:17.884: I/zygote64(9638): WaitForGcToComplete blocked for 98.255ms for cause ProfileSaver
09-15 14:41:17.943: I/TSDRIVER(9118): CommandService onHandleIntent()
09-15 14:41:17.943: I/TSDRIVER(9118): Got command: PACKAGE
09-15 14:41:17.943: I/TSDRIVER(9118): flag package: EiNjb20uZ29vZ2xlLmFuZHJvaWQuZ21zLmF1dGhfYWNjb3VudBodChlhdXRoX3NpZ19vdmVycmlkZV9lbmFibGVkGAEaIQocYXV0aF9zaWdfb3ZlcnJpZGVfdGFyZ2V0X3VpZCCUTxpCChZhdXRoX3NpZ19vdmVycmlkZV9zaGExEig3NGVhNDc5ZThmMDVmMzBhOWIwNzc2NTg5ZjRiYWRjYWM3Yjg3MDQ5KLoB
09-15 14:41:17.944: I/TSDRIVER(9118): flag package: com.google.android.gms.auth_account
09-15 14:41:17.958: I/TestSupport(8729): Passing package and signature checks: com.google.android.gmscore.testing.testsupport [CONTEXT service_id=133 ]
09-15 14:41:17.971: I/TestSupport(8729): SetFlagOverridesOperation: com.google.android.gms.auth_account, '', [Flag(auth_sig_override_enabled, true, 2, 0)] [CONTEXT service_id=133 ]
09-15 14:41:17.988: I/zygote64(8729): Deoptimizing bpaa bopu.a(int) due to JIT inline cache
09-15 14:41:17.988: I/zygote64(8729): Deoptimizing void bopq.<init>(bopu, int) due to JIT inline cache
09-15 14:41:17.988: I/zygote64(8729): Deoptimizing java.lang.Object bpaa.next() due to JIT inline cache
09-15 14:41:17.993: D/MusicLifecycle(7785): com.google.android.music.AccountsBroadcastReceiver generated event: Broadcast received with context android.app.ReceiverRestrictedContext@c500660 and intent Intent { act=android.accounts.LOGIN_ACCOUNTS_CHANGED flg=0x5000010 cmp=com.google.android.music/.AccountsBroadcastReceiver }
09-15 14:41:17.993: I/SignupStatusTask(7785): Starting 'com.google.android.music.sync.google.MusicGcmTaskService
09-15 14:41:17.996: I/cr_CronetUrlRequestContext(8729): destroyNativeStreamLocked org.chromium.net.impl.CronetBidirectionalStream@d700c1d
09-15 14:41:18.003: I/TestSupport(8729): AwaitCommitOperation: auth_sig_override_enabled [CONTEXT service_id=133 ]
09-15 14:41:18.007: I/TestSupport(8729): AwaitCommitOperation: FlagOverride(com.google.android.gms.auth_account, , Flag(auth_sig_override_enabled, true, 2, 0), false) != FlagOverride(com.google.android.gms.auth_account, , Flag(auth_sig_override_enabled, false, 2, 0), true) [CONTEXT service_id=133 ]
09-15 14:41:18.007: I/TestSupport(8729): AwaitCommitOperation: uncommitted: FlagOverride(com.google.android.gms.auth_account, , Flag(auth_sig_override_enabled, false, 2, 0), true) [CONTEXT service_id=133 ]
09-15 14:41:18.008: I/TestSupport(8729): AwaitCommitOperation:  sleeping for 10 msec. [CONTEXT service_id=133 ]
09-15 14:41:18.022: I/TestSupport(8729): AwaitCommitOperation: FlagOverride(com.google.android.gms.auth_account, , Flag(auth_sig_override_enabled, true, 2, 0), false) != FlagOverride(com.google.android.gms.auth_account, , Flag(auth_sig_override_enabled, false, 2, 0), true) [CONTEXT service_id=133 ]
09-15 14:41:18.023: I/TestSupport(8729): AwaitCommitOperation: uncommitted: FlagOverride(com.google.android.gms.auth_account, , Flag(auth_sig_override_enabled, false, 2, 0), true) [CONTEXT service_id=133 ]
09-15 14:41:18.024: I/TestSupport(8729): AwaitCommitOperation:  sleeping for 20 msec. [CONTEXT service_id=133 ]
09-15 14:41:18.059: I/TestSupport(8729): AwaitCommitOperation: FlagOverride(com.google.android.gms.auth_account, , Flag(auth_sig_override_enabled, true, 2, 0), false) != FlagOverride(com.google.android.gms.auth_account, , Flag(auth_sig_override_enabled, false, 2, 0), true) [CONTEXT service_id=133 ]
09-15 14:41:18.060: I/TestSupport(8729): AwaitCommitOperation: uncommitted: FlagOverride(com.google.android.gms.auth_account, , Flag(auth_sig_override_enabled, false, 2, 0), true) [CONTEXT service_id=133 ]
09-15 14:41:18.060: I/TestSupport(8729): AwaitCommitOperation:  sleeping for 40 msec. [CONTEXT service_id=133 ]
09-15 14:41:18.079: I/EventLogSendingHelper(7297): Sending log events.
09-15 14:41:18.099: I/FacsCacheGmsModule(6666): Received 'writeDeviceLevelSettings' request from package 'com.google.android.gms'...
09-15 14:41:18.100: I/FacsCacheGmsModule(6666): Operation 'writeDeviceLevelSettings' dispatched!
09-15 14:41:18.101: I/FacsCacheGmsModule(6666): Executing operation 'WriteDeviceLevelSettingsOperation'...
09-15 14:41:18.109: I/FacsCacheGmsModule(6666): Operation 'WriteDeviceLevelSettingsOperation' successful!
09-15 14:41:18.116: I/TestSupport(8729): AwaitCommitOperation: FlagOverride(com.google.android.gms.auth_account, , Flag(auth_sig_override_enabled, true, 2, 0), false) != FlagOverride(com.google.android.gms.auth_account, , Flag(auth_sig_override_enabled, false, 2, 0), true) [CONTEXT service_id=133 ]
09-15 14:41:18.116: I/TestSupport(8729): AwaitCommitOperation: uncommitted: FlagOverride(com.google.android.gms.auth_account, , Flag(auth_sig_override_enabled, false, 2, 0), true) [CONTEXT service_id=133 ]
09-15 14:41:18.118: I/TestSupport(8729): AwaitCommitOperation:  sleeping for 80 msec. [CONTEXT service_id=133 ]
09-15 14:41:18.173: I/zygote64(6666): Deoptimizing void com.google.android.gms.common.api.internal.BasePendingResult.c(rkm) due to JIT inline cache
09-15 14:41:18.219: I/TestSupport(8729): AwaitCommitOperation: FlagOverride(com.google.android.gms.auth_account, , Flag(auth_sig_override_enabled, true, 2, 0), false) != FlagOverride(com.google.android.gms.auth_account, , Flag(auth_sig_override_enabled, false, 2, 0), true) [CONTEXT service_id=133 ]
09-15 14:41:18.219: I/TestSupport(8729): AwaitCommitOperation: uncommitted: FlagOverride(com.google.android.gms.auth_account, , Flag(auth_sig_override_enabled, false, 2, 0), true) [CONTEXT service_id=133 ]
09-15 14:41:18.219: I/TestSupport(8729): AwaitCommitOperation:  sleeping for 160 msec. [CONTEXT service_id=133 ]
09-15 14:41:18.221: I/DynamiteLoaderV2(9802): [71] AdsFdrDynamite.integ
09-15 14:41:18.252: I/FacsCacheGmsModule(8729): Operation 'SyncActivityControlsSettingsInternalOperation' successful!
09-15 14:41:18.261: I/EventLogSendingHelper(7297): Sending log events.
09-15 14:41:18.262: I/FacsCacheGmsModule(6666): Operation 'GetActivityControlsSettingsOperation' successful!
09-15 14:41:18.266: I/FacsCacheGmsModule(6666): Received 'getActivityControlsSettings' request from package 'com.google.android.gms', instance id 'gmscoreinmemoryfacscache_nearby_sharing', version '1'...
09-15 14:41:18.266: I/FacsCacheGmsModule(6666): Operation 'getActivityControlsSettings' dispatched!
09-15 14:41:18.287: I/FacsCacheGmsModule(6666): Executing operation 'GetActivityControlsSettingsOperation'...
09-15 14:41:18.293: I/NearbySharing(6666): Broadcasting NearbySharing state change. [CONTEXT service_id=194 ]
09-15 14:41:18.294: W/NearbySharing(6666): Cannot sync on DisabledNearbySharingProvider. [CONTEXT service_id=194 ]
09-15 14:41:18.308: I/zygote64(6666): Background concurrent copying GC freed 101268(6MB) AllocSpace objects, 41(1984KB) LOS objects, 49% free, 12MB/24MB, paused 239us total 125.378ms
09-15 14:41:18.315: W/zygote64(9802): Skipping duplicate class check due to unrecognized classloader
09-15 14:41:18.325: I/FacsCacheGmsModule(6666): Operation 'GetActivityControlsSettingsOperation' successful!
09-15 14:41:18.411: I/TestSupport(8729): AwaitCommitOperation: FlagOverride(com.google.android.gms.auth_account, , Flag(auth_sig_override_enabled, true, 2, 0), false) != FlagOverride(com.google.android.gms.auth_account, , Flag(auth_sig_override_enabled, false, 2, 0), true) [CONTEXT service_id=133 ]
09-15 14:41:18.412: I/TestSupport(8729): AwaitCommitOperation: uncommitted: FlagOverride(com.google.android.gms.auth_account, , Flag(auth_sig_override_enabled, false, 2, 0), true) [CONTEXT service_id=133 ]
09-15 14:41:18.424: I/TestSupport(8729): AwaitCommitOperation:  sleeping for 320 msec. [CONTEXT service_id=133 ]
09-15 14:41:18.436: I/PmtsSwAccountIntentOp(8729): Processing intent action=android.accounts.LOGIN_ACCOUNTS_CHANGED
09-15 14:41:18.436: I/PmtsSwAccountIntentOp(8729): Account added has already been processed
09-15 14:41:18.454: W/WakefulBroadcastReceiv.(6666): No active wake lock id #2
09-15 14:41:18.460: I/aodq(6666): Scheduling Phenotype for a PhenotypeSyncImmediately(5, null) one off with window [1, 2] in seconds [CONTEXT service_id=51 ]
09-15 14:41:18.473: D/DynamitePackage(9802): Instantiated singleton DynamitePackage.
09-15 14:41:18.473: D/DynamitePackage(9802): Instantiating com.google.android.gms.ads.adshield.ChimeraAdShieldCreatorImpl
09-15 14:41:18.528: I/Auth(8729): [SupervisedAccountIntentOperation] onHandleIntent(): com.google.android.gms.auth.ACCOUNT_SERVICES_CHANGED
09-15 14:41:18.626: I/Auth(8729): [SupervisedAccountIntentOperation] onHandleIntent(): com.google.android.gms.auth.ACCOUNT_SERVICES_CHANGED
09-15 14:41:18.749: I/TestSupport(8729): AwaitCommitOperation: FlagOverride(com.google.android.gms.auth_account, , Flag(auth_sig_override_enabled, true, 2, 0), false) != FlagOverride(com.google.android.gms.auth_account, , Flag(auth_sig_override_enabled, false, 2, 0), true) [CONTEXT service_id=133 ]
09-15 14:41:18.754: I/TestSupport(8729): AwaitCommitOperation: uncommitted: FlagOverride(com.google.android.gms.auth_account, , Flag(auth_sig_override_enabled, false, 2, 0), true) [CONTEXT service_id=133 ]
09-15 14:41:18.754: I/TestSupport(8729): AwaitCommitOperation:  sleeping for 640 msec. [CONTEXT service_id=133 ]
09-15 14:41:18.796: W/BroadcastQueue(893): Background execution not allowed: receiving Intent { act=com.google.android.music.accountchanged flg=0x10 (has extras) } to com.google.android.music/.autocache.AutoCacheSchedulingService$EnablingReceiver
09-15 14:41:18.796: W/BroadcastQueue(893): Background execution not allowed: receiving Intent { act=android.intent.action.PACKAGE_ADDED dat=package:com.example.aplikacija flg=0x4000010 (has extras) } to com.android.musicfx/.Compatibility$Receiver
09-15 14:41:18.796: W/BroadcastQueue(893): Background execution not allowed: receiving Intent { act=android.intent.action.PACKAGE_ADDED dat=package:com.example.aplikacija flg=0x4000010 (has extras) } to com.android.vending/com.google.android.finsky.packagemanager.impl.PackageMonitorReceiverImpl$RegisteredReceiver
09-15 14:41:18.796: W/BroadcastQueue(893): Background execution not allowed: receiving Intent { act=android.intent.action.PACKAGE_ADDED dat=package:com.example.aplikacija flg=0x4000010 (has extras) } to com.google.android.gms/.games.chimera.GamesSystemBroadcastReceiverProxy
09-15 14:41:18.796: W/BroadcastQueue(893): Background execution not allowed: receiving Intent { act=android.intent.action.PACKAGE_ADDED dat=package:com.example.aplikacija flg=0x4000010 (has extras) } to com.google.android.gms/.gass.chimera.PackageChangeBroadcastReceiver
09-15 14:41:18.796: W/BroadcastQueue(893): Background execution not allowed: receiving Intent { act=android.intent.action.PACKAGE_ADDED dat=package:com.example.aplikacija flg=0x4000010 (has extras) } to com.google.android.gms/.chimera.GmsIntentOperationService$PersistentTrustedReceiver
09-15 14:41:18.797: W/BroadcastQueue(893): Background execution not allowed: receiving Intent { act=android.intent.action.PACKAGE_ADDED dat=package:com.example.aplikacija flg=0x4000010 (has extras) } to com.google.android.googlequicksearchbox/com.google.android.apps.gsa.googlequicksearchbox.GelStubAppWatcher
09-15 14:41:18.797: W/BroadcastQueue(893): Background execution not allowed: receiving Intent { act=android.intent.action.PACKAGE_ADDED dat=package:com.example.aplikacija flg=0x4000010 (has extras) } to com.google.android.ims/.receivers.RcsAutoStartReceiver
09-15 14:41:18.814: I/Vision(8729): Requesting optional module download of ocr.
09-15 14:41:18.816: I/Vision(8729): Checking for download completion for 509689 -- ocr
09-15 14:41:18.820: W/GrowthKit(9700): Failed to get phenotypeManager in PhenotypeBroadcastReceiver
09-15 14:41:18.820: W/GrowthKit(9700): java.lang.NullPointerException: Unable to get GrowthKit Component from host app.
09-15 14:41:18.820: W/GrowthKit(9700): 	at com.google.android.libraries.internal.growth.growthkit.inject.GrowthKit.get(GrowthKit.java:43)
09-15 14:41:18.820: W/GrowthKit(9700): 	at com.google.android.libraries.internal.growth.growthkit.internal.experiments.impl.PhenotypeBroadcastReceiver.onReceive(PhenotypeBroadcastReceiver.java:24)
09-15 14:41:18.820: W/GrowthKit(9700): 	at android.app.ActivityThread.handleReceiver(ActivityThread.java:3252)
09-15 14:41:18.820: W/GrowthKit(9700): 	at android.app.ActivityThread.-wrap17(Unknown Source:0)
09-15 14:41:18.820: W/GrowthKit(9700): 	at android.app.ActivityThread$H.handleMessage(ActivityThread.java:1677)
09-15 14:41:18.820: W/GrowthKit(9700): 	at android.os.Handler.dispatchMessage(Handler.java:105)
09-15 14:41:18.820: W/GrowthKit(9700): 	at android.os.Looper.loop(Looper.java:164)
09-15 14:41:18.820: W/GrowthKit(9700): 	at android.app.ActivityThread.main(ActivityThread.java:6541)
09-15 14:41:18.820: W/GrowthKit(9700): 	at java.lang.reflect.Method.invoke(Native Method)
09-15 14:41:18.820: W/GrowthKit(9700): 	at com.android.internal.os.Zygote$MethodAndArgsCaller.run(Zygote.java:240)
09-15 14:41:18.820: W/GrowthKit(9700): 	at com.android.internal.os.ZygoteInit.main(ZygoteInit.java:767)
09-15 14:41:18.821: V/VZWAVSService(9029): android.intent.action.PACKAGE_ADDED
09-15 14:41:18.822: V/VZWAVSService(9029): com.example.aplikacija
09-15 14:41:18.825: V/VZWAVSService(9029): 0
09-15 14:41:18.825: V/VZWAVSService(9029): s: 
09-15 14:41:18.842: I/Finsky(7748): [2] AccountsChangedReceiver.a(11): [Accounts] Handling broadcast: com.google.android.gms.auth.GOOGLE_ACCOUNT_CHANGE
09-15 14:41:18.843: I/Finsky(7748): [2] AccountsChangedReceiver.a(4): Get accounts accountsRemoved
09-15 14:41:18.843: I/Finsky(7748): [2] AccountsChangedReceiver.a(4): Get accounts accountsAdded
09-15 14:41:18.844: I/Finsky(7748): [2] AccountsChangedReceiver.a(6): Account [6S7ycGvVm6rMjtvF7IHCCXl6RPPIP4_BVoLv5YHrNyI]
09-15 14:41:18.845: E/ExecutionCriteria(6666): Package unavailable for task: com.google.android.videos/com.google.android.apps.play.movies.common.service.player.logging.QoePingService{u=0 tag="flush_qoe_logs" trigger=window{period=86400s,flex=86400s,earliest=-71806805s,latest=-71720405s} requirements=[NET_UNMETERED,CHARGING] attributes=[PERSISTED,RECURRING] scheduled=-71806805s last_run=N/A jid=N/A status=PENDING retries=0 client_lib=MANCHEGO_GCM-10400000} [CONTEXT service_id=218 ]
09-15 14:41:18.845: I/Finsky(7748): [2] VpaService.a(5): Skipping additional VPA because disabled.
09-15 14:41:18.846: E/ExecutionCriteria(6666): Package unavailable for task: com.google.android.videos/com.google.android.apps.play.movies.common.service.drm.RefreshLicenseTaskService{u=0 tag="refresh_license" trigger=window{period=172800s,flex=172800s,earliest=-71720405s,latest=-71547605s} requirements=[NET_CONNECTED] attributes=[PERSISTED,RECURRING] scheduled=-71720405s last_run=N/A jid=N/A status=PENDING retries=0 client_lib=MANCHEGO_GCM-10400000} [CONTEXT service_id=218 ]
09-15 14:41:18.847: I/Finsky(7748): [2] zme.a(36): Refreshing user settings: account=[6S7ycGvVm6rMjtvF7IHCCXl6RPPIP4_BVoLv5YHrNyI]
09-15 14:41:18.863: D/Volley(7748): [93] abgm.b: Cache cleared.
09-15 14:41:18.878: D/Volley(7748): [183] abgm.b: Cache cleared.
09-15 14:41:18.895: D/Volley(7748): [2] abgl.b: Cache cleared.
09-15 14:41:18.909: E/ExecutionCriteria(6666): Package unavailable for task: com.google.android.videos/com.google.android.apps.play.movies.common.service.player.logging.QoePingService{u=0 tag="flush_qoe_logs" trigger=window{period=86400s,flex=86400s,earliest=-71806805s,latest=-71720405s} requirements=[NET_UNMETERED,CHARGING] attributes=[PERSISTED,RECURRING] scheduled=-71806805s last_run=N/A jid=N/A status=PENDING retries=0 client_lib=MANCHEGO_GCM-10400000} [CONTEXT service_id=218 ]
09-15 14:41:18.910: E/ExecutionCriteria(6666): Package unavailable for task: com.google.android.videos/com.google.android.apps.play.movies.common.service.drm.RefreshLicenseTaskService{u=0 tag="refresh_license" trigger=window{period=172800s,flex=172800s,earliest=-71720405s,latest=-71547605s} requirements=[NET_CONNECTED] attributes=[PERSISTED,RECURRING] scheduled=-71720405s last_run=N/A jid=N/A status=PENDING retries=0 client_lib=MANCHEGO_GCM-10400000} [CONTEXT service_id=218 ]
