09-15 14:41:08.066: I/MultiDex(9442): VM with version 2.1.0 has multidex support
09-15 14:41:08.066: I/MultiDex(9442): install
09-15 14:41:08.066: I/MultiDex(9442): VM has multidex support, MultiDex support library is disabled.
09-15 14:41:08.088: I/BackdropActivity(9442): onCreate()
09-15 14:41:08.108: I/PBSessionCacheImpl(7297): Deleted sessionId[32094145597333677] from persistence.
09-15 14:41:08.148: W/SearchServiceCore(7297): Abort, client detached.
09-15 14:41:08.160: D/sound_trigger_hw(628): stdev_start_recognition:[1] Enter
09-15 14:41:08.160: D/sound_trigger_platform(628): platform_stdev_is_session_allowed: stdev->audio_concurrency_active 0 session_allowed 1
09-15 14:41:08.160: D/sound_trigger_hw(628): get_confidence_levels_payload: No smlib for uuid, sending opaque data
09-15 14:41:08.160: D/sound_trigger_platform(628): platform_stdev_send_hwmad_cal: previous acdb_id 128 new acdb_id 128, sw_mad 0 return
09-15 14:41:08.160: D/sound_trigger_platform(628): platform_stdev_send_calibration: sending afe calibration for device(1) acdb_id(128)
09-15 14:41:08.160: I/ACDB-LOADER(628): ACDB AFE returned = -19
09-15 14:41:08.160: D/sound_trigger_hw(628): sound_trigger_set_device: enable device (1) = listen-cpe-handset-mic
09-15 14:41:08.182: D/sound_trigger_hw(628): cpe_reg_sm_params:[1] Enter
09-15 14:41:08.183: D/sound_trigger_hw(628): configure_lab: media_cfg format=0, packing=1, events=0, mode=1
09-15 14:41:08.211: D/sound_trigger_hw(628): cpe_reg_sm_params:[1] Exit, status=0
09-15 14:41:08.211: D/sound_trigger_hw(628): reg_hal_event_session: ST_EVENT_SESSION_REGISTER capture_handle 54 pcm 0xe7d030e0
09-15 14:41:08.211: D/sound_trigger_hw(628): cpe_start:[1] Enter
09-15 14:41:08.215: D/sound_trigger_hw(628): cpe_start:[1] Exit, status=0
09-15 14:41:08.215: D/sound_trigger_hw(628): stdev_start_recognition:[1] Exit status 0
09-15 14:41:08.216: I/SoundTriggerHelper(893): startRecognition successful.
09-15 14:41:08.216: I/GsaVoiceInteractionSrv(1955): Start Hotword Recognition Status: true
09-15 14:41:08.217: D/sound_trigger_hw(628): stdev_stop_recognition:[1] Enter
09-15 14:41:08.217: D/sound_trigger_hw(628): dereg_hal_event_session: ST_EVENT_SESSION_DEREGISTER capture_handle 54 pcm 0xe7d030e0
09-15 14:41:08.217: I/sound_trigger_hw(628): cpe_stop:[1] Enter
09-15 14:41:08.220: D/sound_trigger_hw(628): cpe_stop:[1] Exit, status=0
09-15 14:41:08.221: D/sound_trigger_hw(628): sound_trigger_set_device: disable device (1) = listen-cpe-handset-mic
09-15 14:41:08.224: D/sound_trigger_hw(628): cpe_dereg_sm_params:[1] Enter
09-15 14:41:08.224: D/sound_trigger_hw(628): stdev_stop_recognition:[1] Exit status 0
09-15 14:41:08.225: I/GsaVoiceInteractionSrv(1955): Stop Hotword Recognition status: true
09-15 14:41:08.251: I/FontLog(8729): Updating from directory version 0 to 14 from disk [CONTEXT service_id=132 ]
09-15 14:41:08.258: I/FontLog(8729): Received query Google Sans, URI content://com.google.android.gms.fonts [CONTEXT service_id=132 ]
09-15 14:41:08.259: I/zygote64(8729): Deoptimizing java.lang.Object bopq.a(int) due to JIT inline cache
09-15 14:41:08.261: I/FontLog(8729): Query [Google Sans] resolved to {Google Sans, wdth 100.0, wght 400, ital 0.0, bestEffort false} [CONTEXT service_id=132 ]
09-15 14:41:08.263: I/FontLog(8729): Fetch {Google Sans, wdth 100.0, wght 400, ital 0.0, bestEffort false} end status Status{statusCode=SUCCESS, resolution=null} [CONTEXT service_id=132 ]
09-15 14:41:08.269: I/FontLog(8729): Pulling font file for id = 1, cache size = 1 [CONTEXT service_id=132 ]
09-15 14:41:08.277: I/FontLog(8729): Received query Google Sans, URI content://com.google.android.gms.fonts [CONTEXT service_id=132 ]
09-15 14:41:08.278: I/FontLog(8729): Query [Google Sans] resolved to {Google Sans, wdth 100.0, wght 400, ital 0.0, bestEffort false} [CONTEXT service_id=132 ]
09-15 14:41:08.284: I/BackdropActivity(9442): android_id: 4573152685354843690
09-15 14:41:08.287: I/FontLog(8729): Fetch {Google Sans, wdth 100.0, wght 400, ital 0.0, bestEffort false} end status Status{statusCode=SUCCESS, resolution=null} [CONTEXT service_id=132 ]
09-15 14:41:08.288: I/BackdropActivity(9442): onResume()
09-15 14:41:08.294: I/FontLog(8729): Pulling font file for id = 2, cache size = 2 [CONTEXT service_id=132 ]
09-15 14:41:08.304: D/OpenGLRenderer(9442): HWUI GL Pipeline
09-15 14:41:08.310: I/FTLNetworkMonitor(9442): NetworkMonitoringService was created
09-15 14:41:08.334: I/Adreno(9442): QUALCOMM build                   : 7142022, Ib5823dd10c
09-15 14:41:08.334: I/Adreno(9442): Build Date                       : 06/23/17
09-15 14:41:08.334: I/Adreno(9442): OpenGL ES Shader Compiler Version: EV031.18.00.00
09-15 14:41:08.334: I/Adreno(9442): Local Branch                     : O11A
09-15 14:41:08.334: I/Adreno(9442): Remote Branch                    : 
09-15 14:41:08.334: I/Adreno(9442): Remote Branch                    : 
09-15 14:41:08.334: I/Adreno(9442): Reconstruct Branch               : 
09-15 14:41:08.342: I/Adreno(9442): PFP: 0x005ff087, ME: 0x005ff063
09-15 14:41:08.354: I/OpenGLRenderer(9442): Initialized EGL, version 1.4
09-15 14:41:08.354: D/OpenGLRenderer(9442): Swap behavior 2
09-15 14:41:08.370: I/FTLNetworkMonitor(9442): Network Info: [type: WIFI[], state: CONNECTED/CONNECTED, reason: (unspecified), extra: "wl-ftl-mt50-1-5", failover: false, available: true, roaming: false, metered: false]
09-15 14:41:08.371: I/FTLNetworkMonitor(9442): Network Info: [type: WIFI[], state: CONNECTED/CONNECTED, reason: (unspecified), extra: "wl-ftl-mt50-1-5", failover: false, available: true, roaming: false, metered: false]
09-15 14:41:08.382: I/GoogleInputMethod(6794): onFinishInput() : Dummy InputConnection bound
09-15 14:41:08.383: I/GoogleInputMethod(6794): onStartInput() : Dummy InputConnection bound
09-15 14:41:08.462: I/ActivityManager(893): Displayed com.google.android.apps.mtaas.backdrop/.BackdropActivity: +475ms
09-15 14:41:08.469: W/OpenGLRenderer(2068): Incorrectly called buildLayer on View: ShortcutAndWidgetContainer, destroying layer...
09-15 14:41:08.806: E/VibratorService(644): Setting amplitude  to: 3596
09-15 14:41:08.858: D/AndroidRuntime(9479): >>>>>> START com.android.internal.os.RuntimeInit uid 2000 <<<<<<
09-15 14:41:08.970: D/AndroidRuntime(9479): Calling main entry com.android.commands.am.Am
09-15 14:41:08.977: I/ActivityManager(893): Force stopping com.google.android.apps.mtaas.loginutil appid=10116 user=0: start instr
09-15 14:41:08.994: I/ActivityManager(893): Start proc 9489:com.google.android.apps.mtaas.loginutil/u0a116 for added application com.google.android.apps.mtaas.loginutil
09-15 14:41:09.035: D/NetworkSecurityConfig(9489): No Network Security Config specified, using platform default
09-15 14:41:09.058: E/VibratorService(644): Setting amplitude  to: 3596
09-15 14:41:09.060: D/LoginUtil(9489): Connected to Internet
09-15 14:41:09.075: D/LoginUtil(9489): Adding Account {name=IMXOH6XX5EHS6JFFZN3MW3FAVA-00@cloudtestlabaccounts.com, type=com.google}
09-15 14:41:09.092: I/ActivityManager(893): Start proc 9507:com.google.android.apps.auth.test.support/u0a118 for service com.google.android.apps.auth.test.support/.services.AccountService
09-15 14:41:09.138: I/zygote64(893): Background concurrent copying GC freed 48386(2MB) AllocSpace objects, 26(528KB) LOS objects, 42% free, 14MB/25MB, paused 337us total 131.876ms
09-15 14:41:09.144: E/ActivityThread(9507): Failed to find provider info for com.google.android.apps.common.testing.services.storage.testargs
09-15 14:41:09.145: W/AuthService(9507): [TestArgsHelper] Error when calling AndroidTestUtil.getTestArgs(). Note that this behavior might be expected.
09-15 14:41:09.162: I/AuthService(9507): [AddAccountOperation] Call GmsCore API.
09-15 14:41:09.261: I/zygote64(7109): Do partial code cache collection, code=51KB, data=34KB
09-15 14:41:09.262: I/zygote64(7109): After code cache collection, code=50KB, data=34KB
09-15 14:41:09.262: I/zygote64(7109): Increasing code cache capacity to 256KB
09-15 14:41:09.373: W/Conscrypt(6666): Could not set socket write timeout: java.net.SocketException: Socket closed
09-15 14:41:09.373: W/Conscrypt(6666): 	at com.google.android.gms.org.conscrypt.Platform.setSocketWriteTimeout(:com.google.android.gms@202116019@20.21.16 (040400-315540369):2)
09-15 14:41:09.373: W/Conscrypt(6666): 	at com.google.android.gms.org.conscrypt.ConscryptFileDescriptorSocket.setSoWriteTimeout(:com.google.android.gms@202116019@20.21.16 (040400-315540369):0)
09-15 14:41:09.382: W/Conscrypt(6666): Could not set socket write timeout: java.net.SocketException: Socket closed
09-15 14:41:09.382: W/Conscrypt(6666): 	at com.google.android.gms.org.conscrypt.Platform.setSocketWriteTimeout(:com.google.android.gms@202116019@20.21.16 (040400-315540369):2)
09-15 14:41:09.382: W/Conscrypt(6666): 	at com.google.android.gms.org.conscrypt.ConscryptFileDescriptorSocket.setSoWriteTimeout(:com.google.android.gms@202116019@20.21.16 (040400-315540369):0)
09-15 14:41:09.547: E/Backup(6666): [BackupTransportMigratorChimeraService] Could not migrate transport!
09-15 14:41:09.560: I/Backup(6666): [BackupTransportMigratorChimeraService] Starting migration...
09-15 14:41:09.729: I/Auth(6666): [AccountVisibility] Add account explicitly with whitelisted packages 0
09-15 14:41:09.791: D/AccountManagerService(893): Visibility was not initialized
09-15 14:41:09.801: I/AccountManagerService(893): the accounts changed, sending broadcast of android.accounts.LOGIN_ACCOUNTS_CHANGED
09-15 14:41:09.809: D/MusicLifecycle(7785): com.google.android.music.awareness.AwarenessRouter$2 generated event: Broadcast received with context com.google.android.music.ui.PhoneMusicApplication@b2df323 and intent Intent { act=android.accounts.LOGIN_ACCOUNTS_CHANGED flg=0x5000010 }
09-15 14:41:09.810: D/MusicLifecycle(7785): com.google.android.music.eventlog.MusicEventLogger$1 generated event: Broadcast received with context com.google.android.music.ui.PhoneMusicApplication@b2df323 and intent Intent { act=android.accounts.LOGIN_ACCOUNTS_CHANGED flg=0x5000010 }
09-15 14:41:09.812: I/zygote64(8729): Deoptimizing android.content.ComponentName aabw.startService(android.content.Intent) due to JIT inline cache
09-15 14:41:09.858: I/Backup(6666): [GmsBackupAccountManager] Backup account not found in gmscore.
09-15 14:41:09.871: I/AccountManagerService(893): the accounts changed, sending broadcast of android.accounts.LOGIN_ACCOUNTS_CHANGED
09-15 14:41:09.880: I/Auth(6666): [AccountStatusChecker] OnDataChanged check: <ELLIDED:1789593452>
09-15 14:41:09.888: I/Auth(6666): [AccountStatusChecker] Canceling for <ELLIDED:1789593452>
09-15 14:41:09.889: I/ContactsProvider(6907): Accounts changed
09-15 14:41:09.917: I/Backup(6666): [GmsBackupAccountManager] Backup account not found in gmscore.
09-15 14:41:09.917: E/PlayCommon(7785): [2] MetalogHelper.<init>: Failed to restore PlayMetalog
09-15 14:41:09.918: E/PlayCommon(7785): [2] MetalogHelper.<init>: Failed to restore LogsUploadAttempt
09-15 14:41:09.939: I/Icing(8729): updateResources: need to parse acce{com.google.android.gms} [CONTEXT service_id=21 ]
09-15 14:41:09.939: I/ContactsProvider(6907): Accounts changed
09-15 14:41:09.956: D/MusicLifecycle(7785): com.google.android.music.AccountsBroadcastReceiver generated event: Broadcast received with context android.app.ReceiverRestrictedContext@c500660 and intent Intent { act=android.accounts.LOGIN_ACCOUNTS_CHANGED flg=0x5000010 cmp=com.google.android.music/.AccountsBroadcastReceiver }
09-15 14:41:09.957: D/MusicLifecycle(7785): com.google.android.music.awareness.AwarenessRouter$2 generated event: Broadcast received with context com.google.android.music.ui.PhoneMusicApplication@b2df323 and intent Intent { act=android.accounts.LOGIN_ACCOUNTS_CHANGED flg=0x5000010 }
09-15 14:41:09.957: D/MusicLifecycle(7785): com.google.android.music.eventlog.MusicEventLogger$1 generated event: Broadcast received with context com.google.android.music.ui.PhoneMusicApplication@b2df323 and intent Intent { act=android.accounts.LOGIN_ACCOUNTS_CHANGED flg=0x5000010 }
09-15 14:41:09.964: W/JobInfo(893): Specified flex for 109449 is +57m36s0ms. Clamped to +1h12m0s0ms
09-15 14:41:09.967: I/SignupStatusTask(7785): Starting 'com.google.android.music.sync.google.MusicGcmTaskService
09-15 14:41:09.993: E/SyncManager(893): Couldn't find backoff values for IMXOH6XX5EHS6JFFZN3MW3FAVA-00@cloudtestlabaccounts.com/com.android.contacts:u0
09-15 14:41:09.994: D/AwarenessRouter(7785): 0 new fences
09-15 14:41:09.998: E/SyncManager(893): Couldn't find backoff values for IMXOH6XX5EHS6JFFZN3MW3FAVA-00@cloudtestlabaccounts.com/com.google.android.gms.auth.accountstate:u0
09-15 14:41:10.004: E/SyncManager(893): Couldn't find backoff values for IMXOH6XX5EHS6JFFZN3MW3FAVA-00@cloudtestlabaccounts.com/com.google.android.gms.appstate:u0
09-15 14:41:10.004: D/AwarenessRouter(7785): 0 fences already registered
09-15 14:41:10.013: I/Auth(6666): [BroadcastManager] Broadcasting account services changed.
09-15 14:41:10.018: D/AwarenessRouter(7785): Successfully removed 0 context fences
09-15 14:41:10.023: I/ActivityManager(893): Start proc 9531:com.google.android.gm/u0a98 for content provider com.google.android.gm/com.android.exchange.provider.ExchangeDirectoryProvider
09-15 14:41:10.033: E/SyncManager(893): Couldn't find backoff values for IMXOH6XX5EHS6JFFZN3MW3FAVA-00@cloudtestlabaccounts.com/com.google.android.gms.people:u0
09-15 14:41:10.046: D/AwarenessRouter(7785): 0 new fences
09-15 14:41:10.050: E/SyncManager(893): Couldn't find backoff values for IMXOH6XX5EHS6JFFZN3MW3FAVA-00@cloudtestlabaccounts.com/com.google.android.gms.reminders:u0
09-15 14:41:10.052: D/AwarenessRouter(7785): 0 fences already registered
09-15 14:41:10.056: D/AwarenessRouter(7785): Successfully removed 0 context fences
09-15 14:41:10.057: I/AuthService(9507): [AddAccountOperation] Succeeded.
09-15 14:41:10.061: E/SyncManager(893): Couldn't find backoff values for IMXOH6XX5EHS6JFFZN3MW3FAVA-00@cloudtestlabaccounts.com/com.google.android.music.MusicContent:u0
09-15 14:41:10.069: E/SyncManager(893): Couldn't find backoff values for IMXOH6XX5EHS6JFFZN3MW3FAVA-00@cloudtestlabaccounts.com/gmail-ls:u0
09-15 14:41:10.080: E/SyncManager(893): Couldn't find backoff values for IMXOH6XX5EHS6JFFZN3MW3FAVA-00@cloudtestlabaccounts.com/com.google.android.location.reporting:u0
09-15 14:41:10.091: I/zygote64(8729): Compiler allocated 6MB to compile acca accd.a(java.lang.String)
09-15 14:41:10.099: E/SyncManager(893): Couldn't find backoff values for IMXOH6XX5EHS6JFFZN3MW3FAVA-00@cloudtestlabaccounts.com/com.google.android.gms.auth.confirm:u0
09-15 14:41:10.107: I/Finsky(7748): [2] iof.c(2): ApplicationRestrictions: {}
09-15 14:41:10.113: E/SyncManager(893): Couldn't find backoff values for IMXOH6XX5EHS6JFFZN3MW3FAVA-00@cloudtestlabaccounts.com/com.android.chrome:u0
09-15 14:41:10.133: I/Icing(8729): doRemovePackageData com.google.android.videos [CONTEXT service_id=21 ]
09-15 14:41:10.136: E/SyncManager(893): Couldn't find backoff values for IMXOH6XX5EHS6JFFZN3MW3FAVA-00@cloudtestlabaccounts.com/com.google.android.gms.games:u0
09-15 14:41:10.149: I/Icing(8729): updateResources: need to parse acce{com.google.android.gm} [CONTEXT service_id=21 ]
09-15 14:41:10.162: W/ActivityManager(893): Background start not allowed: service Intent { act=com.google.firebase.INSTANCE_ID_EVENT pkg=com.google.android.gm cmp=com.google.android.gm/com.google.firebase.iid.FirebaseInstanceIdService (has extras) } to com.google.android.gm/com.google.firebase.iid.FirebaseInstanceIdService from pid=9531 uid=10098 pkg=com.google.android.gm
09-15 14:41:10.163: E/FirebaseInstanceId(9531): Failed to start service while in background: java.lang.IllegalStateException: Not allowed to start service Intent { act=com.google.firebase.INSTANCE_ID_EVENT pkg=com.google.android.gm cmp=com.google.android.gm/com.google.firebase.iid.FirebaseInstanceIdService (has extras) }: app is in background uid UidRecord{1f38bf6 u0a98 LAST idle procs:1 seq(0,0,0)}
09-15 14:41:10.165: W/Icing(8729): Package com.google.android.gm Corpus messages/com.google/IMXOH6XX5EHS6JFFZN3MW3FAVA-00%40cloudtestlabaccounts.com Version 1 failed appdatasearch-corpus-whitelist [CONTEXT service_id=21 ]
09-15 14:41:10.173: E/SyncManager(893): Couldn't find backoff values for IMXOH6XX5EHS6JFFZN3MW3FAVA-00@cloudtestlabaccounts.com/com.google.android.gms.fitness:u0
09-15 14:41:10.191: W/Gmail(9531): EasBundling:in EasBundling.init, isBundlingEnabled=true
09-15 14:41:10.233: I/AuthService(9507): [AccountService] Execution time for add account with authorization code, options: Bundle[{}] is 1082 ms.
09-15 14:41:10.238: D/LoginUtil(9489): Instrumentation completed successfully
09-15 14:41:10.238: I/ActivityManager(893): Force stopping com.google.android.apps.mtaas.loginutil appid=10116 user=0: finished inst
09-15 14:41:10.238: I/ActivityManager(893): Killing 9489:com.google.android.apps.mtaas.loginutil/u0a116 (adj 0): stop com.google.android.apps.mtaas.loginutil
09-15 14:41:10.239: W/Binder(893): Outgoing transactions from this process must be FLAG_ONEWAY
09-15 14:41:10.239: W/Binder(893): java.lang.Throwable
09-15 14:41:10.239: W/Binder(893): 	at android.os.BinderProxy.transact(Binder.java:736)
09-15 14:41:10.239: W/Binder(893): 	at android.app.IInstrumentationWatcher$Stub$Proxy.instrumentationFinished(IInstrumentationWatcher.java:160)
09-15 14:41:10.239: W/Binder(893): 	at com.android.server.am.InstrumentationReporter$MyThread.run(InstrumentationReporter.java:86)
09-15 14:41:10.241: D/AndroidRuntime(9479): Shutting down VM
09-15 14:41:10.247: W/app_process(9479): Thread attaching while runtime is shutting down: Binder:9479_3
09-15 14:41:10.247: I/AndroidRuntime(9479): NOTE: attach of thread 'Binder:9479_3' failed
09-15 14:41:10.283: I/Icing(8729): updateResources: need to parse acce{com.google.android.gms} [CONTEXT service_id=21 ]
09-15 14:41:10.295: I/ContactDirectoryManager(6907): deleted 0 stale rows which don't have any relevant directory
09-15 14:41:10.296: I/ContactDirectoryManager(6907): Discovered 1 contact directories in 327ms
09-15 14:41:10.318: E/PlayCommon(7748): [58] akqt.<init>(10): Failed to restore PlayMetalog
09-15 14:41:10.327: E/ExecutionCriteria(6666): Package unavailable for task: com.google.android.videos/com.google.android.apps.play.movies.common.service.player.logging.QoePingService{u=0 tag="flush_qoe_logs" trigger=window{period=86400s,flex=86400s,earliest=-71806796s,latest=-71720396s} requirements=[NET_UNMETERED,CHARGING] attributes=[PERSISTED,RECURRING] scheduled=-71806796s last_run=N/A jid=N/A status=PENDING retries=0 client_lib=MANCHEGO_GCM-10400000} [CONTEXT service_id=218 ]
09-15 14:41:10.328: E/ExecutionCriteria(6666): Package unavailable for task: com.google.android.videos/com.google.android.apps.play.movies.common.service.drm.RefreshLicenseTaskService{u=0 tag="refresh_license" trigger=window{period=172800s,flex=172800s,earliest=-71720396s,latest=-71547596s} requirements=[NET_CONNECTED] attributes=[PERSISTED,RECURRING] scheduled=-71720396s last_run=N/A jid=N/A status=PENDING retries=0 client_lib=MANCHEGO_GCM-10400000} [CONTEXT service_id=218 ]
09-15 14:41:10.339: E/PlayCommon(7748): [58] akqt.<init>(13): Failed to restore LogsUploadAttempt
09-15 14:41:10.423: W/GAV2(9531): Thread[main,5,main]: Need to call initialize() and be in fallback mode to start dispatch.
09-15 14:41:10.500: E/zygote64(9531): The String#value field is not present on Android versions >= 6.0
09-15 14:41:10.526: W/Gmail(9531): Gmail:For b/73513912, load account content://com.android.gmail.ui/account.-2137146394 from MailAppProvider. Is account valid result: 1.
09-15 14:41:10.535: I/zygote64(893): Background concurrent copying GC freed 83509(6MB) AllocSpace objects, 163(4MB) LOS objects, 42% free, 20MB/35MB, paused 206us total 222.837ms
09-15 14:41:10.539: W/Gmail(9531): Gmail:For b/73513912, load account content://com.google.android.gm.email.provider/account.-437561172?suppress_combined%3Dtrue from MailAppProvider. Is account valid result: 1.
09-15 14:41:10.569: I/Icing(8729): doRemovePackageData com.google.android.videos [CONTEXT service_id=21 ]
09-15 14:41:10.597: E/ExecutionCriteria(6666): Package unavailable for task: com.google.android.videos/com.google.android.apps.play.movies.common.service.player.logging.QoePingService{u=0 tag="flush_qoe_logs" trigger=window{period=86400s,flex=86400s,earliest=-71806797s,latest=-71720397s} requirements=[NET_UNMETERED,CHARGING] attributes=[PERSISTED,RECURRING] scheduled=-71806797s last_run=N/A jid=N/A status=PENDING retries=0 client_lib=MANCHEGO_GCM-10400000} [CONTEXT service_id=218 ]
09-15 14:41:10.598: E/ExecutionCriteria(6666): Package unavailable for task: com.google.android.videos/com.google.android.apps.play.movies.common.service.drm.RefreshLicenseTaskService{u=0 tag="refresh_license" trigger=window{period=172800s,flex=172800s,earliest=-71720397s,latest=-71547597s} requirements=[NET_CONNECTED] attributes=[PERSISTED,RECURRING] scheduled=-71720397s last_run=N/A jid=N/A status=PENDING retries=0 client_lib=MANCHEGO_GCM-10400000} [CONTEXT service_id=218 ]
09-15 14:41:10.601: I/zygote64(8729): Compiler allocated 4MB to compile void aceo.a()
09-15 14:41:10.662: I/CheckinUtil(6666): Classify the device as Phone. [CONTEXT service_id=130 ]
09-15 14:41:10.688: W/ActivityManager(893): Unable to start service Intent { cmp=com.google.android.gm/com.android.email.service.AttachmentService } U=0: not found
09-15 14:41:10.696: W/Conscrypt(6666): Could not set socket write timeout: java.net.SocketException: Socket closed
09-15 14:41:10.696: W/Conscrypt(6666): 	at com.google.android.gms.org.conscrypt.Platform.setSocketWriteTimeout(:com.google.android.gms@202116019@20.21.16 (040400-315540369):2)
09-15 14:41:10.696: W/Conscrypt(6666): 	at com.google.android.gms.org.conscrypt.ConscryptFileDescriptorSocket.setSoWriteTimeout(:com.google.android.gms@202116019@20.21.16 (040400-315540369):0)
09-15 14:41:10.700: I/zygote64(6666): Background concurrent copying GC freed 128830(6MB) AllocSpace objects, 11(192KB) LOS objects, 50% free, 9MB/18MB, paused 243us total 134.708ms
09-15 14:41:10.720: W/Conscrypt(6666): Could not set socket write timeout: java.net.SocketException: Socket closed
09-15 14:41:10.720: W/Conscrypt(6666): 	at com.google.android.gms.org.conscrypt.Platform.setSocketWriteTimeout(:com.google.android.gms@202116019@20.21.16 (040400-315540369):2)
09-15 14:41:10.720: W/Conscrypt(6666): 	at com.google.android.gms.org.conscrypt.ConscryptFileDescriptorSocket.setSoWriteTimeout(:com.google.android.gms@202116019@20.21.16 (040400-315540369):0)
09-15 14:41:11.030: I/Auth(6666): [BroadcastManager] Broadcasting account services changed.
09-15 14:41:11.060: I/Auth(6666): [AccountStatusChecker] OnDataChanged check: <ELLIDED:1789593452>
09-15 14:41:11.065: I/Auth(6666): [AccountStatusChecker] Canceling for <ELLIDED:1789593452>
09-15 14:41:11.324: I/Finsky(7748): [2] xvx.a(14): Server requests device config token
09-15 14:41:11.336: I/Finsky(7748): [171] imq.h(31): GameSdkDeviceInfo experiment not enabled.
09-15 14:41:11.851: I/Finsky(7748): [2] imd.a(9): Received device config token CisaKQoTNDU3MzE1MjY4NTM1NDg0MzY5MBISChAxNjAwMjA2MDcxNjkyMDk3
09-15 14:41:11.862: D/Volley(7748): [77] abgm.b: Could not delete cache entry for key=[7bCs-Lfe0kDowKc3AmObv-69tfv8_kmIqCubbSSAP0E], filename=y7QO0Tz7E1KmeCOlT_OmhK2TQrI
09-15 14:41:11.864: I/Finsky(7748): [2] xvu.a(1): Request device config token was successful in toc.
09-15 14:41:12.158: I/ActivityManager(893): Start proc 9590:com.google.android.configupdater/u0a10 for service com.google.android.configupdater/.MainJobService
09-15 14:41:12.178: I/Finsky(7748): [96] kes.a(24): Process stable target turned on mid-process: 12609472
09-15 14:41:12.178: I/Finsky(7748): [96] kes.a(24): Process stable target turned on mid-process: 12624692
09-15 14:41:12.179: I/Finsky(7748): [96] kes.a(24): Process stable target turned on mid-process: 12644828
09-15 14:41:12.180: I/Finsky(7748): [96] kes.a(24): Process stable target turned on mid-process: 12648202
09-15 14:41:12.197: I/Finsky(7748): [2] zme.a(36): Refreshing user settings: account=[6S7ycGvVm6rMjtvF7IHCCXl6RPPIP4_BVoLv5YHrNyI]
09-15 14:41:12.241: D/Volley(7748): [93] abgm.b: Cache cleared.
09-15 14:41:12.284: D/Volley(7748): [183] abgm.b: Cache cleared.
09-15 14:41:12.314: D/Volley(7748): [2] abgl.b: Cache cleared.
09-15 14:41:12.369: I/MusicPreferences(7785): Setting store availability: true
09-15 14:41:12.397: I/ActivityManager(893): Killing 8407:com.google.android.play.games.ui/u0a129 (adj 906): empty #17
09-15 14:41:12.407: I/zygote(7748): Do partial code cache collection, code=244KB, data=159KB
09-15 14:41:12.427: I/zygote(7748): After code cache collection, code=243KB, data=159KB
09-15 14:41:12.427: I/zygote(7748): Increasing code cache capacity to 1024KB
09-15 14:41:12.503: I/MusicPreferences(7785): Account auto-selected
09-15 14:41:12.531: I/ActivityManager(893): Start proc 9615:com.android.chrome/u0a70 for broadcast com.android.chrome/org.chromium.chrome.browser.services.AccountsChangedReceiver
09-15 14:41:12.543: D/PlaybackClient(7785): clearQueue
09-15 14:41:12.550: D/PlaybackClient(7785): Sending intent to service intent=Intent { act=com.google.android.music.clearqueue cmp=com.google.android.music/.playback2.MusicPlaybackService } extras=NULL
09-15 14:41:12.560: D/MusicLifecycle(7785): com.google.android.music.playback2.MusicPlaybackService generated event: Service created
09-15 14:41:12.561: I/MusicPlaybackService(7785): v2 onCreate
09-15 14:41:12.573: V/MediaRouter(7785): Adding route: RouteInfo{ name=Phone, description=null, status=null, category=RouteCategory{ name=System types=ROUTE_TYPE_LIVE_AUDIO ROUTE_TYPE_LIVE_VIDEO  groupable=false }, supportedTypes=ROUTE_TYPE_LIVE_AUDIO ROUTE_TYPE_LIVE_VIDEO , presentationDisplay=null }
09-15 14:41:12.581: V/MediaRouter(7785): Dispatching route change: RouteInfo{ name=Headphones, description=null, status=null, category=RouteCategory{ name=System types=ROUTE_TYPE_LIVE_AUDIO ROUTE_TYPE_LIVE_VIDEO  groupable=false }, supportedTypes=ROUTE_TYPE_LIVE_AUDIO ROUTE_TYPE_LIVE_VIDEO , presentationDisplay=null }
09-15 14:41:12.581: V/MediaRouter(7785): Audio routes updated: AudioRoutesInfo{ type=HEADPHONES }, a2dp=false
09-15 14:41:12.587: V/MediaRouter(7785): Selecting route: RouteInfo{ name=Headphones, description=null, status=null, category=RouteCategory{ name=System types=ROUTE_TYPE_LIVE_AUDIO ROUTE_TYPE_LIVE_VIDEO  groupable=false }, supportedTypes=ROUTE_TYPE_LIVE_AUDIO ROUTE_TYPE_LIVE_VIDEO , presentationDisplay=null }
09-15 14:41:12.593: I/MediaRouter(7785): Found default route: MediaRouter.RouteInfo{ uniqueId=android/.support.v7.media.SystemMediaRouteProvider:DEFAULT_ROUTE, name=Headphones, description=null, iconUri=null, enabled=true, connecting=false, connectionState=0, canDisconnect=false, playbackType=0, playbackStream=3, deviceType=0, volumeHandling=1, volume=11, volumeMax=15, presentationDisplayId=-1, extras=null, settingsIntent=null, providerPackageName=android }
09-15 14:41:12.593: I/MediaRouter(7785): Unselecting the current route because it is no longer selectable: null
09-15 14:41:12.629: I/zygote64(7785): Deoptimizing int[] com.google.common.collect.RegularImmutableMap.createHashTable(java.lang.Object[], int, int, int) due to JIT inline cache
09-15 14:41:12.640: V/MediaRouterClient(7785): setCallback
09-15 14:41:12.694: I/ActivityManager(893): Start proc 9638:com.google.android.apps.photos/u0a94 for broadcast com.google.android.apps.photos/.account.full.RefreshAccountsReceiver
09-15 14:41:12.696: I/ActivityManager(893): Killing 8334:com.google.android.calendar/u0a68 (adj 906): empty #17
09-15 14:41:12.881: I/MediaSessionManager(7785): MediaSessionManager created
09-15 14:41:12.887: V/MediaSessionManager(7785): MediaSessionManager being initialized
09-15 14:41:12.922: D/MusicServiceTask(7785): ReloadStateTask ReloadStateTask
09-15 14:41:12.922: I/MusicPlaybackService(7785): v2 onBind received with intent Intent { cmp=com.google.android.music/.playback2.MusicPlaybackService }
09-15 14:41:12.924: V/MediaRouter(7785): Selecting route: RouteInfo{ name=Headphones, description=null, status=null, category=RouteCategory{ name=System types=ROUTE_TYPE_LIVE_AUDIO ROUTE_TYPE_LIVE_VIDEO  groupable=false }, supportedTypes=ROUTE_TYPE_LIVE_AUDIO ROUTE_TYPE_LIVE_VIDEO , presentationDisplay=null }
09-15 14:41:12.926: V/MediaRouterClient(7785): MAIN: synchronize
09-15 14:41:12.927: I/TaskManagerImpl(7785): onStartNextTask current task: null
09-15 14:41:12.927: I/TaskManagerImpl(7785): starting next task: com.google.android.music.playback2.tasks.ReloadStateTask@b0ae8e6 at time 493801
09-15 14:41:12.928: D/MusicServiceTask(7785): ReloadStateTask submitToBackground: callable=com.google.android.music.playback2.callables.ReloadStateCallable@e7f6e27
09-15 14:41:12.933: I/MusicPlaybackService(7785): v2 handle message with intent Intent { act=com.google.android.music.clearqueue cmp=com.google.android.music/.playback2.MusicPlaybackService }
09-15 14:41:12.933: I/MusicPlaybackService(7785): v2 Queuing intent Intent { act=com.google.android.music.clearqueue cmp=com.google.android.music/.playback2.MusicPlaybackService }
09-15 14:41:12.935: D/CallableWrapper(7785): Calling callable=com.google.android.music.playback2.callables.ReloadStateCallable@e7f6e27
09-15 14:41:12.970: W/PlaybackServiceState(7785): reload: Can't reload mix descriptor. No valid ID found.
09-15 14:41:12.970: D/PlaybackServiceState(7785): reload: no mix descriptor found
09-15 14:41:12.978: D/CallableWrapper(7785): Finished callable=com.google.android.music.playback2.callables.ReloadStateCallable@e7f6e27
09-15 14:41:12.978: D/MusicProfiler(7785): callable: duration=0045ms name=ReloadStateCallable
09-15 14:41:12.982: D/MusicServiceTask(7785): ReloadStateTask Deliver message: taskMessage=[STATE_RELOADED, com.google.android.music.store.LocalPlayQueue@111ba7d]
09-15 14:41:12.982: D/MusicServiceTask(7785): ReloadStateTask submitToMainThread: message=[STATE_RELOADED, com.google.android.music.store.LocalPlayQueue@111ba7d]
09-15 14:41:12.982: D/MusicServiceTask(7785): ReloadStateTask submitToMainThread: message=[FINISHED, null]
09-15 14:41:12.983: I/MusicPlaybackService(7785): v2 State reloaded PlaybackServiceState {mQueuePosition=-1, mQueueLength=0, mQueueItem=null, mPlayerState=0, mElapsedPlayPosition=0, mMix=null, mRepeatMode=0, mShuffleMode=0, mAdReason=0, mAudioSessionId=-1, mRouteType=0, mIsCurrentTrackFullyBuffered=false, mCastNotificationState=[INACTIVE, Optional.absent(), false], mTrackDownloadProgress=null, mIsSystemGaplessEnabled=true}
09-15 14:41:12.984: D/NowPlayingArt(7785): loadArt called for null
09-15 14:41:12.993: I/MusicPlaybackService(7785): v2 processing queued intent Intent { act=com.google.android.music.clearqueue cmp=com.google.android.music/.playback2.MusicPlaybackService }
09-15 14:41:12.993: I/MusicPlaybackService(7785): v2 onStartCommand: intent=Intent { act=com.google.android.music.clearqueue cmp=com.google.android.music/.playback2.MusicPlaybackService } extras=NULL
09-15 14:41:12.993: I/PlaybackManager(7785): v2 clearQueue
09-15 14:41:12.993: I/PlaybackManager(7785): v2 clearMixDescriptor
09-15 14:41:12.994: D/PlayPositionManager(7785): performing playposition (BEFORE_CLEAR_QUEUE)
09-15 14:41:12.994: I/MusicPlaybackService(7785): v2 onPlayStateChanged: IDLE
09-15 14:41:12.994: I/MusicPlaybackService(7785): v2 handlePlayerStateChanged to IDLE with context null
09-15 14:41:12.994: D/AndroidRuntime(9655): >>>>>> START com.android.internal.os.RuntimeInit uid 2000 <<<<<<
09-15 14:41:12.995: I/TaskManagerImpl(7785): Task finished: com.google.android.music.playback2.tasks.ReloadStateTask@b0ae8e6
09-15 14:41:12.995: D/MusicProfiler(7785): TaskManagerImpl duration=0068ms task=com.google.android.music.playback2.tasks.ReloadStateTask@b0ae8e6
09-15 14:41:12.996: I/TaskManagerImpl(7785): onStartNextTask current task: null
09-15 14:41:12.996: I/TaskManagerImpl(7785): starting next task: com.google.android.music.playback2.tasks.ClearQueueTask@50cad72 at time 493870
09-15 14:41:12.996: D/MusicServiceTask(7785): ClearQueueTask submitToBackground: callable=com.google.android.music.playback2.callables.ClearQueueCallable@b6ac5c3
09-15 14:41:12.998: D/CallableWrapper(7785): Calling callable=com.google.android.music.playback2.callables.ClearQueueCallable@b6ac5c3
09-15 14:41:13.002: D/MusicLifecycle(7785): com.google.android.music.playback.NowPlayingHomeWidgetProvider generated event: Broadcast received with context com.google.android.music.ui.PhoneMusicApplication@b2df323 and intent Intent { act=com.google.android.music.playback.FORCE_WIDGET_PROVIDER_REFRESH flg=0x10 }
09-15 14:41:13.006: D/MusicPlaybackService(7785): v2 notifyPlayStateChanged
09-15 14:41:13.007: V/BroadcastManager(7785): v2 com.android.music.playstatechanged
09-15 14:41:13.010: D/NowPlayingArt(7785): loadArt called for null
09-15 14:41:13.013: I/TaskManagerImpl(7785): onStartNextTask current task: com.google.android.music.playback2.tasks.ClearQueueTask@50cad72
09-15 14:41:13.016: D/MusicLifecycle(7785): com.google.android.music.playback2.MusicPlaybackService$4 generated event: Broadcast received with context com.google.android.music.playback2.MusicPlaybackService@367a445 and intent Intent { act=com.android.music.playstatechanged flg=0x10000010 (has extras) }
09-15 14:41:13.016: D/CallableWrapper(7785): Finished callable=com.google.android.music.playback2.callables.ClearQueueCallable@b6ac5c3
09-15 14:41:13.017: D/MusicProfiler(7785): callable: duration=0020ms name=ClearQueueCallable
09-15 14:41:13.017: D/MusicLifecycle(7785): com.google.android.music.playback.NowPlayingHomeWidgetProvider generated event: Broadcast received with context com.google.android.music.ui.PhoneMusicApplication@b2df323 and intent Intent { act=com.google.android.music.playback.FORCE_WIDGET_PROVIDER_REFRESH flg=0x10 }
09-15 14:41:13.017: I/MusicPlaybackService(7785): v2 handleUpdateQueueState: with state [PlayQueueState: position=-1, length=0, currentItem=null, shuffleMode=0]
09-15 14:41:13.018: D/PlaybackManager(7785): v2 attempt feedQueueIfNeeded queueLength=0 isInCloudQueueMode()=false mIsEndOfFeed=false isRadio()=false
09-15 14:41:13.018: D/MusicPlaybackService(7785): v2 notifyQueueChanged
09-15 14:41:13.018: V/BroadcastManager(7785): v2 com.android.music.queuechanged
09-15 14:41:13.018: W/BroadcastManager(7785): setQueueItemExtras with a null queue item PlaybackServiceState {mQueuePosition=-1, mQueueLength=0, mQueueItem=null, mPlayerState=0, mElapsedPlayPosition=0, mMix=null, mRepeatMode=0, mShuffleMode=0, mAdReason=0, mAudioSessionId=-1, mRouteType=0, mIsCurrentTrackFullyBuffered=false, mCastNotificationState=[INACTIVE, Optional.absent(), false], mTrackDownloadProgress=null, mIsSystemGaplessEnabled=true}
09-15 14:41:13.026: I/PlaybackManager(7785): v2 prepareNextTrack for position 0
09-15 14:41:13.026: I/PlaybackManager(7785): v2 prepareNextTrack - end of songlist
09-15 14:41:13.026: D/MediaPlayerController(7785): prepareNext null
09-15 14:41:13.026: D/MusicServiceTask(7785): ClearQueueTask Deliver message: taskMessage=[UPDATED_QUEUE_RESULT, null]
09-15 14:41:13.026: D/MusicServiceTask(7785): ClearQueueTask submitToMainThread: message=[UPDATED_QUEUE_RESULT, null]
09-15 14:41:13.027: D/MusicServiceTask(7785): ClearQueueTask submitToMainThread: message=[FINISHED, null]
09-15 14:41:13.027: I/PlaybackManager(7785): v2 onTaskMessage taskMessage=[UPDATED_QUEUE_RESULT, null]
09-15 14:41:13.028: I/MusicPlaybackService(7785): v2 onPlayStateChanged: IDLE
09-15 14:41:13.028: I/MusicPlaybackService(7785): v2 handlePlayerStateChanged to IDLE with context null
09-15 14:41:13.028: I/PlaybackManager(7785): v2 clearMixDescriptor
09-15 14:41:13.028: I/TaskManagerImpl(7785): Task finished: com.google.android.music.playback2.tasks.ClearQueueTask@50cad72
09-15 14:41:13.028: D/MusicProfiler(7785): TaskManagerImpl duration=0032ms task=com.google.android.music.playback2.tasks.ClearQueueTask@50cad72
09-15 14:41:13.028: I/TaskManagerImpl(7785): onStartNextTask current task: null
09-15 14:41:13.029: D/MusicPlaybackService(7785): v2 notifyPlayStateChanged
09-15 14:41:13.029: V/BroadcastManager(7785): v2 com.android.music.playstatechanged
09-15 14:41:13.031: D/NowPlayingArt(7785): loadArt called for null
09-15 14:41:13.035: D/MusicLifecycle(7785): com.google.android.music.playback2.MusicPlaybackService$4 generated event: Broadcast received with context com.google.android.music.playback2.MusicPlaybackService@367a445 and intent Intent { act=com.android.music.playstatechanged flg=0x10000010 (has extras) }
09-15 14:41:13.036: D/MusicLifecycle(7785): com.google.android.music.playback.NowPlayingHomeWidgetProvider generated event: Broadcast received with context com.google.android.music.ui.PhoneMusicApplication@b2df323 and intent Intent { act=com.google.android.music.playback.FORCE_WIDGET_PROVIDER_REFRESH flg=0x10 }
09-15 14:41:13.079: I/EventLogSendingHelper(7297): Sending log events.
09-15 14:41:13.097: I/EventLogSendingHelper(7297): Sending log events.
09-15 14:41:13.100: D/AndroidRuntime(9655): Calling main entry com.android.commands.pm.Pm
09-15 14:41:13.106: E/asset(9672): setgid: Operation not permitted
09-15 14:41:13.314: I/Auth(6666): [AccountStatusChecker] OnDataChanged check: <ELLIDED:1789593452>
09-15 14:41:13.316: I/Auth(6666): [AccountStatusChecker] Canceling for <ELLIDED:1789593452>
09-15 14:41:13.531: I/zygote64(893): Background concurrent copying GC freed 63841(4MB) AllocSpace objects, 126(3MB) LOS objects, 42% free, 14MB/25MB, paused 215us total 121.177ms
09-15 14:41:13.774: I/Finsky(7748): [2] JobSchedulerEngine$PhoneskyJobSchedulerJobService.onStartJob(5): SCH: onJobSchedulerWakeup with jobId 9001
09-15 14:41:13.780: I/Finsky(7748): [2] tqm.a(19): Scheduling fallback job with id: 9034, and delay: 43200000 ms
09-15 14:41:13.792: I/Finsky(7748): [2] tqm.a(5): Scheduling fallback in 64799991 (absolute: 65294656)
09-15 14:41:13.823: I/Finsky(7748): [2] tqv.handleMessage(10): SCH: DeviceState: DeviceState{currentTime=1600206073812, isCharging=true, isIdle=false, netAny=true, netNotRoaming=true, netUnmetered=true, batteryPercent=100.0}
09-15 14:41:13.839: I/Finsky(7748): [172] ttj.a(7): SCH: Jobs in database: 1-1337 12-1 24-77777777 26-1414141414 
09-15 14:41:13.869: I/zygote64(9638): Method exceeds compiler instruction limit: 17354 in void gen_binder.root.RootModule$Generated.a(android.content.Context, java.lang.Class, java.lang.Object, aemh)
09-15 14:41:13.874: I/Finsky(7748): [2] tqw.a(20): SCH: Running job: 12-1
09-15 14:41:13.875: I/Finsky(7748): [2] ContentSyncJob.a(14): ContentSyncJob started
09-15 14:41:13.876: I/Finsky(7748): [2] ozs.c(4): Enqueuing libraries load for -1068709219
09-15 14:41:13.878: I/Finsky(7748): [2] tqv.handleMessage(63): SCH: RunningQueue size: 1, PendingQueue size: 0
09-15 14:41:13.879: I/Finsky(7748): [2] tqv.handleMessage(66): SCH: Running queue: 12-1 
09-15 14:41:13.880: I/Finsky(7748): [80] ozs.a(25): Starting libraries load for -1068709219
09-15 14:41:13.884: I/Finsky(7748): [80] ozs.a(43): Loaded library for account: [6S7ycGvVm6rMjtvF7IHCCXl6RPPIP4_BVoLv5YHrNyI]
09-15 14:41:13.893: I/Finsky(7748): [80] ozs.a(47): Finished loading 1 libraries.
09-15 14:41:13.919: I/zygote(7748): Deoptimizing boolean j$.util.stream.StreamSpliterators$AbstractWrappingSpliterator.doAdvance() due to JIT inline cache
09-15 14:41:13.986: D/MusicProfiler(7785): http: duration=0616ms uri=https://mclients.googleapis.com/sj/v2.5/config?hl=en_US&tier=none&dv=72101&client-build-type=PROD&alt=json&max-results=0
09-15 14:41:14.131: I/PackageManager.DexOptimizer(893): Running dexopt (dexoptNeeded=1) on: /data/app/vmdl1706151020.tmp/base.apk pkg=com.example.aplikacija isa=arm64 dexoptFlags=boot_complete,public target-filter=quicken oatDir=/data/app/vmdl1706151020.tmp/oat sharedLibraries=null
09-15 14:41:14.159: I/dex2oat(9689): /system/bin/dex2oat --input-vdex-fd=-1 --output-vdex-fd=17 --compiler-filter=quicken --classpath-dir=/data/app/vmdl1706151020.tmp
09-15 14:41:14.201: I/PeopleChimeraService(8729): onService. callbacks = zzr@8f56341, request = com.google.android.gms.common.internal.GetServiceRequest@9ff40e6
09-15 14:41:14.283: I/zygote64(8729): Deoptimizing void com.google.android.gms.org.conscrypt.NativeRef.finalize() due to JIT inline cache
09-15 14:41:14.309: I/zygote64(7785): Do partial code cache collection, code=58KB, data=47KB
09-15 14:41:14.310: I/zygote64(7785): After code cache collection, code=54KB, data=46KB
09-15 14:41:14.310: I/zygote64(7785): Increasing code cache capacity to 256KB
09-15 14:41:14.412: I/ConfigSyncHelper(7785): User gained Woodstock.
09-15 14:41:14.417: I/ConfigSyncHelper(7785): Nautilus trial became available.
09-15 14:41:14.417: I/ConfigSyncHelper(7785): Nautilus purchase became available.
09-15 14:41:14.432: I/MusicExperimentManager(7785): Received config change, experiments list is 12600335,12600357,12600390,12600394,12600397,12600426,12600428,12600430,12600445,12600465,12600466,12600467,12600506,12600526,12600530,12600536,12602068,12604244,12604245,12604246,12611729,12612165,12612247,12616614,12616615,12617467,12619023,12619033,12619127,12620830,12625361,12625500,12625941,12626008,12626945,12627281,12627951,12628654,12629142,12629667,12630065,12630209,12631091,12632064,12632720,12633320,12634000,12635213,12636020,12641074,12641836,12641837,12642809,12643537,12648818,12649047,12650284,12650285,12652170,12653224,12653393,12653567,12655808,12656567,12657925,12658555,12658847,12660587,12664007,12664317,12664580,12667660,12669086,12669482,12671098,12672321,12672324,12672325,12672332,12672341,12672348,12672782,12673278,12673392,12673485,12673574,12673925,12674608,20350003,20350004,20350006
09-15 14:41:14.470: D/AwarenessRouter(7785): 0 new fences
09-15 14:41:14.476: D/AwarenessRouter(7785): 0 fences already registered
09-15 14:41:14.483: D/AwarenessRouter(7785): Successfully removed 0 context fences
09-15 14:41:14.520: I/PeopleDatabaseHelper(8729): cleanUpNonGplusAccounts done.
09-15 14:41:14.564: I/zygote64(7785): Deoptimizing boolean com.google.common.collect.RegularImmutableSet.contains(java.lang.Object) due to JIT inline cache
09-15 14:41:14.572: E/Backup(6666): [BackupTransportMigratorChimeraService] Could not migrate transport!
09-15 14:41:14.574: I/Backup(6666): [BackupTransportMigratorChimeraService] Starting migration...
09-15 14:41:14.592: W/TrackCacheManag(9636): type=1400 audit(0.0:177): avc: denied { open } for path="/data/data/com.google.android.music/files/._playmusicid" dev="sda35" ino=262770 scontext=u:r:untrusted_app:s0:c512,c768 tcontext=u:object_r:system_data_file:s0 tclass=file permissive=0
09-15 14:41:14.592: W/TrackCacheManag(9636): type=1400 audit(0.0:178): avc: denied { write } for name="._playmusicid" dev="sda35" ino=262770 scontext=u:r:untrusted_app:s0:c512,c768 tcontext=u:object_r:system_data_file:s0 tclass=file permissive=0
09-15 14:41:14.596: E/CacheLocation(7785): Unable to write volume ID file at path: /data/user/0/com.google.android.music/files/._playmusicid, got java.io.FileNotFoundException: /data/data/com.google.android.music/files/._playmusicid (Permission denied)
09-15 14:41:14.638: I/ActivityManager(893): Start proc 9700:com.google.android.calendar/u0a68 for broadcast com.google.android.calendar/.timely.settings.RecentAndDefaultNotificationsFactory$AccountRemovedBroadcastReceiver
09-15 14:41:14.674: I/dex2oat(9689): dex2oat took 515.651ms (779.815ms cpu) (threads: 4) arena alloc=4KB (4256B) java alloc=2MB (2464136B) native alloc=3MB (3387728B) free=2MB (2379440B)
09-15 14:41:14.711: D/MusicContentProvider(7785): Enabling sync for Account {name=IMXOH6XX5EHS6JFFZN3MW3FAVA-00@cloudtestlabaccounts.com, type=com.google}
09-15 14:41:14.798: W/ActivityManager(893): Slow operation: 84ms so far, now at getContentProviderImpl: incProviderCountLocked
09-15 14:41:14.799: W/ActivityManager(893): Slow operation: 84ms so far, now at getContentProviderImpl: before updateLruProcess
09-15 14:41:14.799: W/ActivityManager(893): Slow operation: 84ms so far, now at getContentProviderImpl: after updateLruProcess
09-15 14:41:14.799: W/ActivityManager(893): Slow operation: 84ms so far, now at getContentProviderImpl: before updateOomAdj
09-15 14:41:14.799: W/ActivityManager(893): Slow operation: 84ms so far, now at getContentProviderImpl: after updateOomAdj
09-15 14:41:14.799: W/ActivityManager(893): Slow operation: 84ms so far, now at getContentProviderImpl: done!
09-15 14:41:14.804: D/VoldConnector(893): SND -> {14 volume remount_uid 10132 read}
09-15 14:41:14.805: I/GnssLocationProvider(893): WakeLock acquired by sendMessage(SET_REQUEST, 0, com.android.server.location.GnssLocationProvider$GpsRequest@b27880c)
09-15 14:41:14.805: D/vold(508): Remounting 10132 as mode read
09-15 14:41:14.806: I/GnssLocationProvider(893): WakeLock released by handleMessage(SET_REQUEST, 0, com.android.server.location.GnssLocationProvider$GpsRequest@b27880c)
09-15 14:41:14.810: I/GnssLocationProvider(893): WakeLock acquired by sendMessage(SET_REQUEST, 0, com.android.server.location.GnssLocationProvider$GpsRequest@90c555)
09-15 14:41:14.811: I/GnssLocationProvider(893): WakeLock released by handleMessage(SET_REQUEST, 0, com.android.server.location.GnssLocationProvider$GpsRequest@90c555)
09-15 14:41:14.812: I/GnssLocationProvider(893): WakeLock acquired by sendMessage(SET_REQUEST, 0, com.android.server.location.GnssLocationProvider$GpsRequest@e821b6a)
09-15 14:41:14.813: I/GnssLocationProvider(893): WakeLock released by handleMessage(SET_REQUEST, 0, com.android.server.location.GnssLocationProvider$GpsRequest@e821b6a)
09-15 14:41:14.818: D/VoldConnector(893): RCV <- {200 14 Command succeeded}
09-15 14:41:14.819: D/VoldConnector(893): SND -> {15 volume remount_uid 10132 write}
09-15 14:41:14.819: D/vold(508): Remounting 10132 as mode write
09-15 14:41:14.820: I/GnssLocationProvider(893): WakeLock acquired by sendMessage(SET_REQUEST, 0, com.android.server.location.GnssLocationProvider$GpsRequest@8cb18f8)
09-15 14:41:14.821: I/GnssLocationProvider(893): WakeLock released by handleMessage(SET_REQUEST, 0, com.android.server.location.GnssLocationProvider$GpsRequest@8cb18f8)
09-15 14:41:14.831: D/VoldConnector(893): RCV <- {200 15 Command succeeded}
09-15 14:41:14.831: D/VoldConnector(893): [ 09-15 14:41:14.840   678:  698 E/         ]
09-15 14:41:14.831: D/VoldConnector(893): Couldn't opendir /data/app/vmdl1706151020.tmp: No such file or directory
09-15 14:41:14.840: E/installd(678): Failed to delete /data/app/vmdl1706151020.tmp: No such file or directory
09-15 14:41:14.844: I/Pm(9655): Package com.example.aplikacija installed in 1742 ms
09-15 14:41:14.845: D/PackageInstaller(893): Ignoring abandon after commit relinquished control
09-15 14:41:14.846: I/app_process(9655): System.exit called, status: 0
09-15 14:41:14.846: I/AndroidRuntime(9655): VM exiting with result code 0.
09-15 14:41:14.858: D/MusicLifecycle(7785): com.google.android.music.download.EncapsulatedBroadcastReceiver$1 generated event: Broadcast received with context com.google.android.music.ui.PhoneMusicApplication@b2df323 and intent Intent { act=com.google.android.music.accountchanged flg=0x10 (has extras) }
09-15 14:41:14.858: D/MusicLifecycle(7785): com.google.android.music.download.EncapsulatedBroadcastReceiver$1 generated event: Broadcast received with context com.google.android.music.ui.PhoneMusicApplication@b2df323 and intent Intent { act=com.google.android.music.accountchanged flg=0x10 (has extras) }
09-15 14:41:14.859: I/GcmRegistrationTask(7785): Starting 'com.google.android.music.sync.google.MusicGcmTaskService
09-15 14:41:14.866: I/Finsky(7748): [2] qvg.a(21): PackageMonitor - Received: android.intent.action.PACKAGE_ADDED, [PMCA4hvGisqJW5WCj8U-OjgznH_LUSdIJrF2fIWTrrw]
09-15 14:41:14.866: I/Finsky(7748): [2] qwj.d(11): Invalidating cached PackageState for com.example.aplikacija
09-15 14:41:14.870: I/CarrierServices(3013): [2] RcsAutoStartReceiver.b: carrierServicesJibeServiceEnabled changed from true to true
09-15 14:41:14.872: W/TrackCacheManag(9636): type=1400 audit(0.0:180): avc: denied { open } for path="/data/data/com.google.android.music/files/._playmusicid" dev="sda35" ino=262770 scontext=u:r:untrusted_app:s0:c512,c768 tcontext=u:object_r:system_data_file:s0 tclass=file permissive=0
09-15 14:41:14.875: E/CacheLocation(7785): Unable to write volume ID file at path: /data/user/0/com.google.android.music/files/._playmusicid, got java.io.FileNotFoundException: /data/data/com.google.android.music/files/._playmusicid (Permission denied)
09-15 14:41:14.877: I/InputReader(893): Reconfiguring input devices.  changes=0x00000010
09-15 14:41:14.877: I/CarrierServices(3013): [2] RcsAutoStartReceiver.b: enableRcs changed from true to true
09-15 14:41:14.879: I/Finsky(7748): [2] abny.a(10): Do not start WearSupportService due to Wear service optimization
09-15 14:41:14.880: I/Finsky(7748): [2] abny.a(10): Do not start WearSupportService due to Wear service optimization
09-15 14:41:14.881: D/MusicLifecycle(7785): com.google.android.music.awareness.AwarenessRouter$2 generated event: Broadcast received with context com.google.android.music.ui.PhoneMusicApplication@b2df323 and intent Intent { act=com.google.android.music.accountchanged flg=0x10 (has extras) }
09-15 14:41:14.883: D/MusicLifecycle(7785): com.google.android.music.eventlog.MusicEventLogger$1 generated event: Broadcast received with context com.google.android.music.ui.PhoneMusicApplication@b2df323 and intent Intent { act=com.google.android.music.accountchanged flg=0x10 (has extras) }
09-15 14:41:14.883: D/MusicLifecycle(7785): com.google.android.music.cast.CastTokenClientImpl$1 generated event: Broadcast received with context com.google.android.music.playback2.MusicPlaybackService@367a445 and intent Intent { act=com.google.android.music.accountchanged flg=0x10 (has extras) }
