09-15 14:41:29.763: I/Finsky(7748): [2] tqv.handleMessage(63): SCH: RunningQueue size: 4, PendingQueue size: 13
09-15 14:41:29.764: I/Finsky(7748): [2] tqv.handleMessage(66): SCH: Running queue: 10-2 10-37 10-44 10-53 
09-15 14:41:29.787: I/Isotope(8097): UID: [10040]  PID: [8097] DiskSpacePrefetchPolicy : space available : 21238 MB
09-15 14:41:29.813: I/Finsky:instant_app_inst(8097): [103] AppPreloadHygieneService.a(1): AppPreloadHygieneService disabled
09-15 14:41:29.815: I/InputReader(893): Reconfiguring input devices.  changes=0x00000010
09-15 14:41:29.815: W/ResourceType(893): No known package when getting value for resource number 0x7f080295
09-15 14:41:29.815: W/ResourceType(893): No known package when getting value for resource number 0x7f19000b
09-15 14:41:29.830: I/CarrierServices(3013): [2] RcsAutoStartReceiver.b: carrierServicesJibeServiceEnabled changed from true to true
09-15 14:41:29.836: I/Auth(6666): [AuthManaged,PasswordComplexityHelperImpl] Updating password complexity components state.
09-15 14:41:29.836: I/Auth(6666): [AuthManaged,PasswordComplexityHelperImpl] Enabling com.google.android.gms.auth.managed.ui.SetNewPasswordActivity
09-15 14:41:29.837: I/CarrierServices(3013): [2] RcsAutoStartReceiver.b: enableRcs changed from true to true
09-15 14:41:29.837: D/RegisteredNfcFServicesCache(1970): Service unchanged, not updating
09-15 14:41:29.838: I/CarrierServices(3013): [2] RcsAutoStartReceiver.b: RcsAutoStartReceiver triggered. Fetching RCS State. Action: android.intent.action.PACKAGE_CHANGED
09-15 14:41:29.841: I/CarrierServices(3013): [2] aws.a: Migration binding to RcsMigrationService
09-15 14:41:29.844: I/Bugle(4157): returning RCS state provider.
09-15 14:41:29.851: I/Auth(6666): [AccountStatusChecker] OnDataChanged check: <ELLIDED:1789593452>
09-15 14:41:29.851: D/CarrierSvcBindHelper(1497): No carrier app for: 0
09-15 14:41:29.851: D/ImsResolver(1497): maybeAddedImsService, packageName: com.android.vending
09-15 14:41:29.852: I/Auth(6666): [AccountStatusChecker] Canceling for <ELLIDED:1789593452>
09-15 14:41:29.859: I/CarrierServices(4157): [307] ieq.a: Sim state is not ready. Returning last known operation mode.
09-15 14:41:29.860: I/CarrierServices(3013): [237] awt.doInBackground: Saving RCS State
09-15 14:41:29.861: I/CarrierServices(3013): [237] awt.doInBackground: Old operation mode: 0
09-15 14:41:29.873: I/Finsky(7748): [77] tsg.a(16): SCH: jobFinished: 10-53. TimeElapsed: 115ms.
09-15 14:41:29.879: I/CarrierServices(3013): [237] awt.doInBackground: New operation mode: 0
09-15 14:41:29.880: I/CarrierServices(3013): [2] aww.a: Unbinding RcsMigrationService
09-15 14:41:29.882: I/Telecom(893): DefaultDialerCache: Refreshing default dialer for user 0: now com.google.android.dialer: DDC.oR@AI0
09-15 14:41:29.895: I/ActivityManager(893): Start proc 10330:com.android.printspooler/u0a99 for service com.android.printspooler/.model.PrintSpoolerService
09-15 14:41:29.910: I/Finsky(7748): [2] tqw.a(37): SCH: Job 10-53 finished. Not rescheduling.
09-15 14:41:29.911: I/Finsky(7748): [2] tqw.a(20): SCH: Running job: 10-54
09-15 14:41:29.913: I/Finsky(7748): [2] tqv.handleMessage(63): SCH: RunningQueue size: 4, PendingQueue size: 12
09-15 14:41:29.914: I/Finsky(7748): [2] tqv.handleMessage(66): SCH: Running queue: 10-2 10-37 10-44 10-54 
09-15 14:41:29.932: D/ausj(8097): Outputstream is being buffered in memory.
09-15 14:41:29.953: I/Finsky(7748): [198] tsg.a(16): SCH: jobFinished: 10-54. TimeElapsed: 42ms.
09-15 14:41:29.954: I/Finsky(7748): [2] tqw.a(37): SCH: Job 10-54 finished. Not rescheduling.
09-15 14:41:29.958: I/Finsky(7748): [2] tqw.a(20): SCH: Running job: 10-55
09-15 14:41:29.961: I/Finsky(7748): [2] tqv.handleMessage(63): SCH: RunningQueue size: 4, PendingQueue size: 11
09-15 14:41:29.962: I/Finsky(7748): [2] tqv.handleMessage(66): SCH: Running queue: 10-2 10-37 10-44 10-55 
09-15 14:41:29.979: W/SearchServiceCore(7297): Abort, client detached.
09-15 14:41:30.132: I/ChromeSync(8729): [Sync,SyncIntentOperation] Handling the intent: Intent { act=com.google.android.gms.phenotype.COMMITTED flg=0x10 pkg=com.google.android.gms cmp=com.google.android.gms/.chimera.GmsIntentOperationService (has extras) }.
09-15 14:41:30.141: I/MdiSyncModule(8729): flag handling is skipping irrelevant intent.
09-15 14:41:30.156: W/ModuleInitIntentOp(8729): Dropping unexpected action com.google.android.gms.phenotype.COMMITTED
09-15 14:41:30.161: I/Fitness(6666): OnPackageChangedOperation got intent: Intent { act=android.intent.action.PACKAGE_CHANGED dat=package:com.android.vending flg=0x45000010 cmp=com.google.android.gms/.chimera.PersistentIntentOperationService (has extras) } [CONTEXT service_id=17 ]
09-15 14:41:30.223: I/PTCommittedOperation(6666): Receive new configuration for com.google.android.gms.trustagent
09-15 14:41:30.238: I/Fitness(6666): FitCleanupIntentOperation received Intent android.intent.action.PACKAGE_CHANGED [CONTEXT service_id=17 ]
09-15 14:41:30.246: I/Finsky(7748): [198] tsg.a(16): SCH: jobFinished: 10-55. TimeElapsed: 262ms.
09-15 14:41:30.251: I/Finsky(7748): [2] tqw.a(37): SCH: Job 10-55 finished. Not rescheduling.
09-15 14:41:30.252: I/Icing(8729): IndexChimeraService.getServiceInterface callingPackage=com.google.android.gms componentName=AppsCorpus serviceId=36 [CONTEXT service_id=21 ]
09-15 14:41:30.259: I/Finsky(7748): [2] tqw.a(20): SCH: Running job: 10-57
09-15 14:41:30.260: I/Finsky(7748): [2] tqv.handleMessage(63): SCH: RunningQueue size: 4, PendingQueue size: 10
09-15 14:41:30.261: I/Finsky(7748): [2] tqv.handleMessage(66): SCH: Running queue: 10-2 10-37 10-44 10-57 
09-15 14:41:30.271: I/Finsky(7748): [198] jtu.a(13): Not exactly one managed account. Nothing uploaded.
09-15 14:41:30.293: I/Finsky(7748): [198] tsg.a(16): SCH: jobFinished: 10-57. TimeElapsed: 24ms.
09-15 14:41:30.295: I/Finsky(7748): [2] tqw.a(37): SCH: Job 10-57 finished. Not rescheduling.
09-15 14:41:30.299: I/zygote64(893): Background concurrent copying GC freed 82752(3MB) AllocSpace objects, 5(100KB) LOS objects, 42% free, 15MB/27MB, paused 346us total 370.091ms
09-15 14:41:30.303: I/Finsky(7748): [2] tqw.a(20): SCH: Running job: 10-59
09-15 14:41:30.309: I/TestSupport(8729): AwaitCommitOperation: uncommitted: FlagOverride(com.google.android.gms.auth_account, , Flag(auth_sig_override_sha1, '74ea479e8f05f30a9b0776589f4badcac7b87049', 4, 0), false) [CONTEXT service_id=133 ]
09-15 14:41:30.310: I/TestSupport(8729): AwaitCommitOperation:  sleeping for 2560 msec. [CONTEXT service_id=133 ]
09-15 14:41:30.329: I/Finsky(7748): [2] tqv.handleMessage(63): SCH: RunningQueue size: 4, PendingQueue size: 9
09-15 14:41:30.329: I/Finsky(7748): [2] tqv.handleMessage(66): SCH: Running queue: 10-2 10-37 10-44 10-59 
09-15 14:41:30.350: I/GmsCoreXrpcWrapper(8729): Returning a channel provider with trafficStatsTag=12803
09-15 14:41:30.351: I/Auth(6666): [AuthManaged,PasswordComplexityHelperImpl] Updating password complexity components state.
09-15 14:41:30.351: I/Auth(6666): [AuthManaged,PasswordComplexityHelperImpl] Enabling com.google.android.gms.auth.managed.ui.SetNewPasswordActivity
09-15 14:41:30.360: I/ChromeSync(8729): [Sync,SyncIntentOperation] Handling the intent: Intent { act=com.google.android.gms.phenotype.COMMITTED flg=0x10 pkg=com.google.android.gms cmp=com.google.android.gms/.chimera.GmsIntentOperationService (has extras) }.
09-15 14:41:30.368: I/MdiSyncModule(8729): flag handling is skipping irrelevant intent.
09-15 14:41:30.379: W/ModuleInitIntentOp(8729): Dropping unexpected action com.google.android.gms.phenotype.COMMITTED
09-15 14:41:30.390: I/PTCommittedOperation(6666): Receive new configuration for com.google.android.gms.trustlet_onbody
09-15 14:41:30.420: I/ChromeSync(8729): [Sync,SyncIntentOperation] Handling the intent: Intent { act=com.google.android.gms.phenotype.COMMITTED flg=0x10 pkg=com.google.android.gms cmp=com.google.android.gms/.chimera.GmsIntentOperationService (has extras) }.
09-15 14:41:30.424: I/MdiSyncModule(8729): flag handling is skipping irrelevant intent.
09-15 14:41:30.430: I/zygote(7748): Do full code cache collection, code=489KB, data=341KB
09-15 14:41:30.430: W/ModuleInitIntentOp(8729): Dropping unexpected action com.google.android.gms.phenotype.COMMITTED
09-15 14:41:30.456: I/PTCommittedOperation(6666): Receive new configuration for com.google.android.gms.auth_api_phone
09-15 14:41:30.465: E/ActivityThread(8097): Failed to find provider info for com.google.android.instantapps.supervisor.SupervisorArchiveProvider
09-15 14:41:30.465: I/PTCommittedOperation(6666): Receive new configuration for com.google.android.gms.auth_api_proxy
09-15 14:41:30.473: I/ChromeSync(8729): [Sync,SyncIntentOperation] Handling the intent: Intent { act=com.google.android.gms.phenotype.COMMITTED flg=0x10 pkg=com.google.android.gms cmp=com.google.android.gms/.chimera.GmsIntentOperationService (has extras) }.
09-15 14:41:30.478: I/MdiSyncModule(8729): flag handling is skipping irrelevant intent.
09-15 14:41:30.478: W/ModuleInitIntentOp(8729): Dropping unexpected action com.google.android.gms.phenotype.COMMITTED
09-15 14:41:30.482: I/Icing(8729): Usage reports ok 0, Failed Usage reports 0, indexed 0, rejected 0 [CONTEXT service_id=21 ]
09-15 14:41:30.484: I/Isotope(8097): UID: [10040]  PID: [8097] HygieneTask : Syncing Archive List of size 1
09-15 14:41:30.488: I/ChromeSync(8729): [Sync,SyncIntentOperation] Handling the intent: Intent { act=com.google.android.gms.phenotype.COMMITTED flg=0x10 pkg=com.google.android.gms cmp=com.google.android.gms/.chimera.GmsIntentOperationService (has extras) }.
09-15 14:41:30.491: I/MdiSyncModule(8729): flag handling is skipping irrelevant intent.
09-15 14:41:30.496: W/ModuleInitIntentOp(8729): Dropping unexpected action com.google.android.gms.phenotype.COMMITTED
09-15 14:41:30.496: I/PlayCommon(8097): [80] akrb.c(29): Preparing logs for uploading
09-15 14:41:30.502: I/Icing(8729): Indexing com.google.android.gms-internal.3p:MobileApplication from com.google.android.gms using seqno 109 [CONTEXT service_id=21 ]
09-15 14:41:30.510: I/PTCommittedOperation(6666): Receive new configuration for com.google.android.client_error_logging
09-15 14:41:30.517: I/ChromeSync(8729): [Sync,SyncIntentOperation] Handling the intent: Intent { act=com.google.android.gms.phenotype.COMMITTED flg=0x10 pkg=com.google.android.gms cmp=com.google.android.gms/.chimera.GmsIntentOperationService (has extras) }.
09-15 14:41:30.521: I/zygote(7748): After code cache collection, code=462KB, data=283KB
09-15 14:41:30.521: I/MdiSyncModule(8729): flag handling is skipping irrelevant intent.
09-15 14:41:30.531: W/ModuleInitIntentOp(8729): Dropping unexpected action com.google.android.gms.phenotype.COMMITTED
09-15 14:41:30.534: E/ActivityThread(8097): Failed to find provider info for com.google.android.instantapps.supervisor.SupervisorArchiveProvider
09-15 14:41:30.536: I/Isotope(8097): UID: [10040]  PID: [8097] DownloadHandler : file not present on device. Running state machine for com.google.android.instantapps.dna.archive:39.
09-15 14:41:30.537: I/Isotope(8097): UID: [10040]  PID: [8097] DownloadHandler : download state: not_found
09-15 14:41:30.540: W/PlayCommon(8097): [80] akrb.a(1): No account for auth token provided
09-15 14:41:30.587: I/PTCommittedOperation(6666): Receive new configuration for com.google.android.gms.romanesco
09-15 14:41:30.590: I/ChromeSync(8729): [Sync,SyncIntentOperation] Handling the intent: Intent { act=com.google.android.gms.phenotype.COMMITTED flg=0x10 pkg=com.google.android.gms cmp=com.google.android.gms/.chimera.GmsIntentOperationService (has extras) }.
09-15 14:41:30.599: I/Isotope(8097): UID: [10040]  PID: [8097] DownloadHandler : FullArchive will be downloaded here: /storage/emulated/0/Android/data/com.android.vending/files/dna_data/FullArchive9229549751600206090599
09-15 14:41:30.600: I/Isotope(8097): UID: [10040]  PID: [8097] DownloadManagerWrapper : Enqueuing download for url : https://r2---sn-p5qs7n7z.gvt1.com/play-apps-download-default/download/by-id/AF3DWBcPyOghWqybwzPGzUbuyExVUwnT_qf7AKNIcOTAawHHDfgt0YFVIUexFX-UNZaUpwKL2wW1Znfw4sA0fn1rFAndOTGe0wC3hZwJEhroZT6Q7Xfa_wYkOAZ625xpGfkVU7SPlzB2?cpn=t0YcKrIMEE_ZMuz2&fexp=20580244&initcwndbps=12540&mh=66&mm=31&mn=sn-p5qs7n7z&ms=au&mt=1600206041&mv=m&mvi=2&pl=24&expire=1602625290&ip=108.177.7.94&ipbits=0&sparams=expire,ipbits,ip,q:,initcwndbps,mh,mm,mn,ms,mv,mvi,pl&signature=84556B58DB36966AD4B399EE1433BD4E671452A8.B0D74E67DD7B3D371D1828BD06FBDAB855170D23&key=am3&playpn=MQ..
09-15 14:41:30.605: I/MdiSyncModule(8729): flag handling is skipping irrelevant intent.
09-15 14:41:30.617: I/ActivityManager(893): Start proc 10354:android.process.media/u0a16 for content provider com.android.providers.downloads/.DownloadProvider
09-15 14:41:30.629: I/PTCommittedOperation(6666): Receive new configuration for com.google.android.gms.platformconfigurator
09-15 14:41:30.638: I/PlayCommon(8097): [80] akrb.c(169): Connecting to server: https://play.googleapis.com/play/log?format=raw&proto_v2=true
09-15 14:41:30.656: I/ChromeSync(8729): [Sync,SyncIntentOperation] Handling the intent: Intent { act=com.google.android.gms.phenotype.COMMITTED flg=0x10 pkg=com.google.android.gms cmp=com.google.android.gms/.chimera.GmsIntentOperationService (has extras) }.
09-15 14:41:30.663: I/MdiSyncModule(8729): flag handling is skipping irrelevant intent.
09-15 14:41:30.666: W/ModuleInitIntentOp(8729): Dropping unexpected action com.google.android.gms.phenotype.COMMITTED
09-15 14:41:30.677: I/Icing(8729): Indexing com.google.android.gms-apps from com.google.android.gms [CONTEXT service_id=21 ]
09-15 14:41:30.698: E/Finsky(7748): [201] zse.a(4): No installation state for package com.example.aplikacija
09-15 14:41:30.699: E/Finsky(7748): [201] zsf.run(3): Could not update ApkInfoData row
09-15 14:41:30.711: I/BgTaskExecutorImpl(7297): Starting EXCLUSIVE background task fetch_opt_in_statuses.
09-15 14:41:30.734: E/Finsky(7748): [201] zse.a(4): No installation state for package androidx.test.services
09-15 14:41:30.734: E/Finsky(7748): [201] zsf.run(3): Could not update ApkInfoData row
09-15 14:41:30.761: I/PlayCommon(8097): [80] akrb.c(199): Successfully uploaded logs.
09-15 14:41:30.789: I/Auth(6666): [AuthManaged,PasswordComplexityHelperImpl] Updating password complexity components state.
09-15 14:41:30.790: I/Auth(6666): [AuthManaged,PasswordComplexityHelperImpl] Enabling com.google.android.gms.auth.managed.ui.SetNewPasswordActivity
09-15 14:41:30.833: I/ChromeSync(8729): [Sync,SyncIntentOperation] Handling the intent: Intent { act=com.google.android.gms.phenotype.COMMITTED flg=0x10 pkg=com.google.android.gms cmp=com.google.android.gms/.chimera.GmsIntentOperationService (has extras) }.
09-15 14:41:30.835: I/MdiSyncModule(8729): flag handling is skipping irrelevant intent.
09-15 14:41:30.841: E/Finsky(7748): [201] zse.a(4): No installation state for package com.qualcomm.timeservice
09-15 14:41:30.842: E/Finsky(7748): [201] zsf.run(3): Could not update ApkInfoData row
09-15 14:41:30.865: I/Finsky(7748): [199] tsg.a(16): SCH: jobFinished: 10-37. TimeElapsed: 1598ms.
09-15 14:41:30.866: I/ExposureNotification(8729): Phenotype config updated, isEnabled: true [CONTEXT service_id=236 ]
09-15 14:41:30.866: I/Finsky(7748): [2] tqw.a(37): SCH: Job 10-37 finished. Not rescheduling.
09-15 14:41:30.867: I/Finsky(7748): [2] tqw.a(20): SCH: Running job: 10-60
09-15 14:41:30.873: W/ModuleInitIntentOp(8729): Dropping unexpected action com.google.android.gms.phenotype.COMMITTED
09-15 14:41:30.877: I/Finsky(7748): [2] tsg.a(16): SCH: jobFinished: 10-60. TimeElapsed: 8ms.
09-15 14:41:30.877: I/NearbyMediums(6666): BluetoothAdapter's name was not set by Nearby Connections, ignoring call to restore device name [CONTEXT service_id=54 ]
09-15 14:41:30.877: I/Finsky(7748): [2] tqv.handleMessage(63): SCH: RunningQueue size: 4, PendingQueue size: 8
09-15 14:41:30.878: I/Finsky(7748): [2] tqv.handleMessage(66): SCH: Running queue: 10-2 10-44 10-59 10-60 
09-15 14:41:30.878: I/Finsky(7748): [2] tqw.a(37): SCH: Job 10-60 finished. Not rescheduling.
09-15 14:41:30.880: I/Finsky(7748): [2] tqw.a(20): SCH: Running job: 10-61
09-15 14:41:30.882: I/Finsky(7748): [2] tqv.handleMessage(63): SCH: RunningQueue size: 4, PendingQueue size: 7
09-15 14:41:30.883: I/NearbySharing(8729): Runtime state initialization complete. Sharing is enabled. [CONTEXT service_id=194 ]
09-15 14:41:30.888: I/Finsky(7748): [2] tqv.handleMessage(66): SCH: Running queue: 10-2 10-44 10-59 10-61 
09-15 14:41:30.897: I/ChromeSync(8729): [Sync,SyncIntentOperation] Handling the intent: Intent { act=com.google.android.gms.phenotype.COMMITTED flg=0x10 pkg=com.google.android.gms cmp=com.google.android.gms/.chimera.GmsIntentOperationService (has extras) }.
09-15 14:41:30.901: I/MdiSyncModule(8729): flag handling is skipping irrelevant intent.
09-15 14:41:30.903: W/ModuleInitIntentOp(8729): Dropping unexpected action com.google.android.gms.phenotype.COMMITTED
09-15 14:41:30.907: I/Finsky(7748): [198] tsg.a(16): SCH: jobFinished: 10-59. TimeElapsed: 603ms.
09-15 14:41:30.909: I/Finsky(7748): [2] tqw.a(37): SCH: Job 10-59 finished. Not rescheduling.
09-15 14:41:30.910: I/Finsky(7748): [2] tqw.a(20): SCH: Running job: 10-62
09-15 14:41:30.912: I/Finsky(7748): [2] tqv.handleMessage(63): SCH: RunningQueue size: 4, PendingQueue size: 6
09-15 14:41:30.912: I/Finsky(7748): [2] tqv.handleMessage(66): SCH: Running queue: 10-2 10-44 10-61 10-62 
09-15 14:41:30.913: E/ExecutionCriteria(6666): Package unavailable for task: com.google.android.videos/com.google.android.apps.play.movies.common.service.player.logging.QoePingService{u=0 tag="flush_qoe_logs" trigger=window{period=86400s,flex=86400s,earliest=-71806817s,latest=-71720417s} requirements=[NET_UNMETERED,CHARGING] attributes=[PERSISTED,RECURRING] scheduled=-71806817s last_run=N/A jid=N/A status=PENDING retries=0 client_lib=MANCHEGO_GCM-10400000} [CONTEXT service_id=218 ]
09-15 14:41:30.919: E/ExecutionCriteria(6666): Package unavailable for task: com.google.android.videos/com.google.android.apps.play.movies.common.service.drm.RefreshLicenseTaskService{u=0 tag="refresh_license" trigger=window{period=172800s,flex=172800s,earliest=-71720417s,latest=-71547617s} requirements=[NET_CONNECTED] attributes=[PERSISTED,RECURRING] scheduled=-71720417s last_run=N/A jid=N/A status=PENDING retries=0 client_lib=MANCHEGO_GCM-10400000} [CONTEXT service_id=218 ]
09-15 14:41:30.934: I/ChromeSync(8729): [Sync,SyncIntentOperation] Handling the intent: Intent { act=com.google.android.gms.phenotype.COMMITTED flg=0x10 pkg=com.google.android.gms cmp=com.google.android.gms/.chimera.GmsIntentOperationService (has extras) }.
09-15 14:41:30.934: I/MdiSyncModule(8729): flag handling is skipping irrelevant intent.
09-15 14:41:30.937: W/ModuleInitIntentOp(8729): Dropping unexpected action com.google.android.gms.phenotype.COMMITTED
09-15 14:41:30.943: I/ChromeSync(8729): [Sync,SyncIntentOperation] Handling the intent: Intent { act=com.google.android.gms.phenotype.COMMITTED flg=0x10 pkg=com.google.android.gms cmp=com.google.android.gms/.chimera.GmsIntentOperationService (has extras) }.
09-15 14:41:30.944: I/MdiSyncModule(8729): flag handling is skipping irrelevant intent.
09-15 14:41:30.947: W/ModuleInitIntentOp(8729): Dropping unexpected action com.google.android.gms.phenotype.COMMITTED
09-15 14:41:30.953: E/Finsky(7748): [76] grv.a(2): Failed to refresh connectivity profile metrics. Reset metrics.
09-15 14:41:30.974: I/ChromeSync(8729): [Sync,SyncIntentOperation] Handling the intent: Intent { act=com.google.android.gms.phenotype.COMMITTED flg=0x10 pkg=com.google.android.gms cmp=com.google.android.gms/.chimera.GmsIntentOperationService (has extras) }.
09-15 14:41:30.978: I/MdiSyncModule(8729): flag handling is skipping irrelevant intent.
09-15 14:41:30.980: W/ModuleInitIntentOp(8729): Dropping unexpected action com.google.android.gms.phenotype.COMMITTED
09-15 14:41:30.990: I/Finsky(7748): [198] tsg.a(16): SCH: jobFinished: 10-62. TimeElapsed: 77ms.
09-15 14:41:30.992: I/Finsky(7748): [2] tqw.a(37): SCH: Job 10-62 finished. Not rescheduling.
09-15 14:41:30.994: I/Finsky(7748): [2] tqw.a(20): SCH: Running job: 10-66
09-15 14:41:30.996: I/Finsky(7748): [2] tqv.handleMessage(63): SCH: RunningQueue size: 4, PendingQueue size: 5
09-15 14:41:30.996: I/Finsky(7748): [2] tqv.handleMessage(66): SCH: Running queue: 10-2 10-44 10-61 10-66 
09-15 14:41:31.004: I/PTCommittedOperation(6666): Receive new configuration for com.google.android.gms.easysignin
09-15 14:41:31.005: I/SystemUpdate(8729): [Installation,ReceiverIntentOperation] Received intent: Intent { act=com.google.android.gms.phenotype.com.google.android.gms.update.COMMITTED flg=0x10 cmp=com.google.android.gms/.chimera.GmsIntentOperationService (has extras) }.
09-15 14:41:31.010: I/Finsky(7748): [198] AssetModuleServiceCleanerHygieneJob.a(3): Running asset module service cleaner
09-15 14:41:31.016: I/Icing(8729): Indexing done com.google.android.gms-apps [CONTEXT service_id=21 ]
09-15 14:41:31.037: I/ChromeSync(8729): [Sync,SyncIntentOperation] Handling the intent: Intent { act=com.google.android.gms.phenotype.COMMITTED flg=0x10 pkg=com.google.android.gms cmp=com.google.android.gms/.chimera.GmsIntentOperationService (has extras) }.
09-15 14:41:31.039: I/MdiSyncModule(8729): flag handling is skipping irrelevant intent.
09-15 14:41:31.040: W/ModuleInitIntentOp(8729): Dropping unexpected action com.google.android.gms.phenotype.COMMITTED
09-15 14:41:31.048: I/Finsky(7748): [198] eoy.a(12): Removed 0 old sessions.
09-15 14:41:31.050: I/Finsky(7748): [198] epb.a(12): Removed 0 obsolete sessions.
09-15 14:41:31.061: I/ExposureNotification(6666): ExposureNotificationInternalService.onCreate, com.google.android.gms.nearby.exposurenotification.service.ExposureNotificationInternalChimeraService@88236c7 [CONTEXT service_id=236 ]
09-15 14:41:31.062: I/Finsky(7748): [198] eok.a(12): Deleted 0 orphaned directories.
09-15 14:41:31.072: I/ExposureNotification(6666): ExposureServiceInternalService.onStartCommand, Intent { act=com.google.android.gms.nearby.exposurenotification.service.ACTION_CLIENT_CHANGE cmp=com.google.android.gms/.nearby.exposurenotification.service.ExposureNotificationInternalService } [CONTEXT service_id=236 ]
09-15 14:41:31.073: I/zygote64(6666): Background concurrent copying GC freed 201645(10MB) AllocSpace objects, 25(580KB) LOS objects, 50% free, 17MB/34MB, paused 164us total 498.811ms
09-15 14:41:31.078: I/ExposureNotification(6666): Utils#isSupported enabled=true, isDeviceSupported=true, isBluetoothSupported=true [CONTEXT service_id=236 ]
09-15 14:41:31.085: I/ExposureNotification(6666): ExposureNotificationInternalService.onStartCommand received intent, action=com.google.android.gms.nearby.exposurenotification.service.ACTION_CLIENT_CHANGE [CONTEXT service_id=236 ]
09-15 14:41:31.085: I/PTCommittedOperation(6666): Receive new configuration for com.google.android.gms.backup
09-15 14:41:31.086: I/ExposureNotification(6666): No consent client [CONTEXT service_id=236 ]
09-15 14:41:31.086: I/ExposureNotification(6666): No client, try to stop tracing. [CONTEXT service_id=236 ]
09-15 14:41:31.086: I/ExposureNotification(6666): ExposureServiceInternalService.stopTracing [CONTEXT service_id=236 ]
09-15 14:41:31.096: I/ChromeSync(8729): [Sync,SyncIntentOperation] Handling the intent: Intent { act=com.google.android.gms.phenotype.COMMITTED flg=0x10 pkg=com.google.android.gms cmp=com.google.android.gms/.chimera.GmsIntentOperationService (has extras) }.
09-15 14:41:31.098: I/MdiSyncModule(8729): flag handling is skipping irrelevant intent.
09-15 14:41:31.098: I/PTCommittedOperation(6666): Receive new configuration for com.google.android.gms.auth_account
09-15 14:41:31.104: I/ExposureNotification(6666): AlarmManagerImpl.opportunisticSchedule called, delay=1800000ms [CONTEXT service_id=236 ]
09-15 14:41:31.108: W/ModuleInitIntentOp(8729): Dropping unexpected action com.google.android.gms.phenotype.COMMITTED
09-15 14:41:31.115: I/PTCommittedOperation(6666): Receive new configuration for com.google.android.gms.family
09-15 14:41:31.119: I/Isotope(8097): UID: [10040]  PID: [8097] DownloadManagerWrapper : Enqueued download for url : https://r2---sn-p5qs7n7z.gvt1.com/play-apps-download-default/download/by-id/AF3DWBcPyOghWqybwzPGzUbuyExVUwnT_qf7AKNIcOTAawHHDfgt0YFVIUexFX-UNZaUpwKL2wW1Znfw4sA0fn1rFAndOTGe0wC3hZwJEhroZT6Q7Xfa_wYkOAZ625xpGfkVU7SPlzB2?cpn=t0YcKrIMEE_ZMuz2&fexp=20580244&initcwndbps=12540&mh=66&mm=31&mn=sn-p5qs7n7z&ms=au&mt=1600206041&mv=m&mvi=2&pl=24&expire=1602625290&ip=108.177.7.94&ipbits=0&sparams=expire,ipbits,ip,q:,initcwndbps,mh,mm,mn,ms,mv,mvi,pl&signature=84556B58DB36966AD4B399EE1433BD4E671452A8.B0D74E67DD7B3D371D1828BD06FBDAB855170D23&key=am3&playpn=MQ.. with downloadId 58
09-15 14:41:31.122: I/PTCommittedOperation(6666): Receive new configuration for com.google.android.gms.smart_profile
09-15 14:41:31.124: I/ExposureNotification(6666): User turn off scanning. [CONTEXT service_id=236 ]
09-15 14:41:31.124: I/ExposureNotification(6666): Not scanning! [CONTEXT service_id=236 ]
09-15 14:41:31.124: W/ExposureNotification(6666): stopTracing called but Scanner failed to stop! [CONTEXT service_id=236 ]
09-15 14:41:31.125: I/PTCommittedOperation(6666): Receive new configuration for com.google.android.location
09-15 14:41:31.131: I/Finsky(7748): [198] eou.a(12): Logged 0 packages in store.
09-15 14:41:31.138: I/ChromeSync(8729): [Sync,SyncIntentOperation] Handling the intent: Intent { act=com.google.android.gms.phenotype.COMMITTED flg=0x10 pkg=com.google.android.gms cmp=com.google.android.gms/.chimera.GmsIntentOperationService (has extras) }.
09-15 14:41:31.141: I/Isotope(8097): UID: [10040]  PID: [8097] DownloadHandler : received download id for FullArchive: 58
09-15 14:41:31.141: I/MdiSyncModule(8729): flag handling is skipping irrelevant intent.
09-15 14:41:31.144: W/ModuleInitIntentOp(8729): Dropping unexpected action com.google.android.gms.phenotype.COMMITTED
09-15 14:41:31.152: I/ExposureNotification(6666): ThreadSafeLevelDbWrapper: do open LevelDb contact-tracing-self-tracing-key-db [CONTEXT service_id=236 ]
09-15 14:41:31.153: I/ExposureNotification(6666): ThreadSafeLevelDbWrapper:contact-tracing-self-tracing-key-db instance aivc@d8d3842 created [CONTEXT service_id=236 ]
09-15 14:41:31.153: I/PTCommittedOperation(6666): Receive new configuration for com.google.android.gms.growth
09-15 14:41:31.153: I/ExposureNotification(6666): ThreadSafeLevelDbWrapper:contact-tracing-self-tracing-key-db instance aivc@d8d3842 closed [CONTEXT service_id=236 ]
09-15 14:41:31.155: D/DownloadManager(10354): [58] Starting
09-15 14:41:31.157: I/PTCommittedOperation(6666): Receive new configuration for com.google.android.gms.notifications
09-15 14:41:31.159: I/ExposureNotification(6666): ThreadSafeLevelDbWrapper: do close LevelDb contact-tracing-self-tracing-key-db [CONTEXT service_id=236 ]
09-15 14:41:31.160: I/Finsky(7748): [198] tsg.a(16): SCH: jobFinished: 10-66. TimeElapsed: 166ms.
09-15 14:41:31.161: I/Finsky(7748): [2] tqw.a(37): SCH: Job 10-66 finished. Not rescheduling.
09-15 14:41:31.161: I/PTCommittedOperation(6666): Receive new configuration for com.google.android.gms.netrec
09-15 14:41:31.164: I/PTCommittedOperation(6666): Receive new configuration for com.google.android.gms.tapandpay
09-15 14:41:31.171: I/Finsky(7748): [2] tqw.a(20): SCH: Running job: 10-68
09-15 14:41:31.173: I/ChromeSync(8729): [Sync,SyncIntentOperation] Handling the intent: Intent { act=com.google.android.gms.phenotype.COMMITTED flg=0x10 pkg=com.google.android.gms cmp=com.google.android.gms/.chimera.GmsIntentOperationService (has extras) }.
09-15 14:41:31.175: I/MdiSyncModule(8729): flag handling is skipping irrelevant intent.
09-15 14:41:31.177: I/NearbySharing(6666): ReceiveSurfaceService started [CONTEXT service_id=194 ]
09-15 14:41:31.178: W/ModuleInitIntentOp(8729): Dropping unexpected action com.google.android.gms.phenotype.COMMITTED
09-15 14:41:31.180: I/Finsky(7748): [2] tqv.handleMessage(63): SCH: RunningQueue size: 4, PendingQueue size: 4
09-15 14:41:31.181: I/Finsky(7748): [2] tqv.handleMessage(66): SCH: Running queue: 10-2 10-44 10-61 10-68 
09-15 14:41:31.193: I/Finsky(7748): [2] inv.a(6): Not showing UninstallSuggestions notification: there's enough free space
09-15 14:41:31.197: I/Finsky(7748): [199] tsg.a(16): SCH: jobFinished: 10-61. TimeElapsed: 317ms.
09-15 14:41:31.197: I/Finsky(7748): [2] tqw.a(37): SCH: Job 10-61 finished. Not rescheduling.
09-15 14:41:31.199: I/Finsky(7748): [2] tqw.a(20): SCH: Running job: 10-69
09-15 14:41:31.203: I/Finsky(7748): [2] tqv.handleMessage(63): SCH: RunningQueue size: 4, PendingQueue size: 3
09-15 14:41:31.203: I/Finsky(7748): [2] tqv.handleMessage(66): SCH: Running queue: 10-2 10-44 10-68 10-69 
09-15 14:41:31.207: I/ChromeSync(8729): [Sync,SyncIntentOperation] Handling the intent: Intent { act=com.google.android.gms.phenotype.COMMITTED flg=0x10 pkg=com.google.android.gms cmp=com.google.android.gms/.chimera.GmsIntentOperationService (has extras) }.
09-15 14:41:31.208: I/MdiSyncModule(8729): flag handling is skipping irrelevant intent.
09-15 14:41:31.210: W/ModuleInitIntentOp(8729): Dropping unexpected action com.google.android.gms.phenotype.COMMITTED
09-15 14:41:31.211: I/Finsky(7748): [72] tsg.a(16): SCH: jobFinished: 10-68. TimeElapsed: 40ms.
09-15 14:41:31.212: I/Finsky(7748): [2] tqw.a(37): SCH: Job 10-68 finished. Not rescheduling.
09-15 14:41:31.213: I/Finsky(7748): [2] tqw.a(20): SCH: Running job: 10-73
09-15 14:41:31.215: I/Finsky(7748): [2] tqv.handleMessage(63): SCH: RunningQueue size: 4, PendingQueue size: 2
09-15 14:41:31.222: I/Finsky(7748): [2] tqv.handleMessage(66): SCH: Running queue: 10-2 10-44 10-69 10-73 
09-15 14:41:31.222: I/PTCommittedOperation(6666): Receive new configuration for com.google.android.gms.photos
09-15 14:41:31.225: I/PTCommittedOperation(6666): Receive new configuration for com.google.android.gms.places
09-15 14:41:31.230: I/Isotope(8097): UID: [10040]  PID: [8097] DownloadHandler : download state: downloading
09-15 14:41:31.240: I/ChromeSync(8729): [Sync,SyncIntentOperation] Handling the intent: Intent { act=com.google.android.gms.phenotype.COMMITTED flg=0x10 pkg=com.google.android.gms cmp=com.google.android.gms/.chimera.GmsIntentOperationService (has extras) }.
09-15 14:41:31.243: I/PTCommittedOperation(6666): Receive new configuration for com.google.android.gms.signin
09-15 14:41:31.244: I/MdiSyncModule(8729): flag handling is skipping irrelevant intent.
09-15 14:41:31.247: W/ModuleInitIntentOp(8729): Dropping unexpected action com.google.android.gms.phenotype.COMMITTED
09-15 14:41:31.278: D/NetworkSecurityConfig(10354): No Network Security Config specified, using platform default
09-15 14:41:31.285: I/ChromeSync(8729): [Sync,SyncIntentOperation] Handling the intent: Intent { act=com.google.android.gms.phenotype.COMMITTED flg=0x10 pkg=com.google.android.gms cmp=com.google.android.gms/.chimera.GmsIntentOperationService (has extras) }.
09-15 14:41:31.287: I/MdiSyncModule(8729): flag handling is skipping irrelevant intent.
09-15 14:41:31.289: W/ModuleInitIntentOp(8729): Dropping unexpected action com.google.android.gms.phenotype.COMMITTED
09-15 14:41:31.290: D/NetworkSecurityConfig(10354): No Network Security Config specified, using platform default
09-15 14:41:31.338: E/ExecutionCriteria(6666): Package unavailable for task: com.google.android.videos/com.google.android.apps.play.movies.common.service.player.logging.QoePingService{u=0 tag="flush_qoe_logs" trigger=window{period=86400s,flex=86400s,earliest=-71806817s,latest=-71720417s} requirements=[NET_UNMETERED,CHARGING] attributes=[PERSISTED,RECURRING] scheduled=-71806817s last_run=N/A jid=N/A status=PENDING retries=0 client_lib=MANCHEGO_GCM-10400000} [CONTEXT service_id=218 ]
09-15 14:41:31.338: E/ExecutionCriteria(6666): Package unavailable for task: com.google.android.videos/com.google.android.apps.play.movies.common.service.drm.RefreshLicenseTaskService{u=0 tag="refresh_license" trigger=window{period=172800s,flex=172800s,earliest=-71720417s,latest=-71547617s} requirements=[NET_CONNECTED] attributes=[PERSISTED,RECURRING] scheduled=-71720417s last_run=N/A jid=N/A status=PENDING retries=0 client_lib=MANCHEGO_GCM-10400000} [CONTEXT service_id=218 ]
09-15 14:41:31.366: I/ChromeSync(8729): [Sync,SyncIntentOperation] Handling the intent: Intent { act=com.google.android.gms.phenotype.COMMITTED flg=0x10 pkg=com.google.android.gms cmp=com.google.android.gms/.chimera.GmsIntentOperationService (has extras) }.
09-15 14:41:31.369: I/MdiSyncModule(8729): flag handling is skipping irrelevant intent.
09-15 14:41:31.373: W/ModuleInitIntentOp(8729): Dropping unexpected action com.google.android.gms.phenotype.COMMITTED
09-15 14:41:31.385: I/ExposureNotification(6666): ExposureServiceInternalService.onDestroy, com.google.android.gms.nearby.exposurenotification.service.ExposureNotificationInternalChimeraService@88236c7 [CONTEXT service_id=236 ]
09-15 14:41:31.407: I/Finsky(7748): [76] tsg.a(16): SCH: jobFinished: 10-73. TimeElapsed: 194ms.
09-15 14:41:31.408: I/Finsky(7748): [2] tqw.a(37): SCH: Job 10-73 finished. Not rescheduling.
09-15 14:41:31.410: I/Finsky(7748): [2] tqw.a(20): SCH: Running job: 10-76
09-15 14:41:31.411: I/FetchOptInStatusTask(7297): Audio History Disabled: Deleting model
09-15 14:41:31.420: I/Finsky(7748): [2] tsg.a(16): SCH: jobFinished: 10-76. TimeElapsed: 10ms.
09-15 14:41:31.421: I/Finsky(7748): [2] tqv.handleMessage(63): SCH: RunningQueue size: 4, PendingQueue size: 1
09-15 14:41:31.421: I/Finsky(7748): [2] tqv.handleMessage(66): SCH: Running queue: 10-2 10-44 10-69 10-76 
09-15 14:41:31.422: I/Finsky(7748): [2] tqw.a(37): SCH: Job 10-76 finished. Not rescheduling.
09-15 14:41:31.422: I/Auth(6666): [AuthManaged,PasswordComplexityHelperImpl] Updating password complexity components state.
09-15 14:41:31.422: I/Auth(6666): [AuthManaged,PasswordComplexityHelperImpl] Enabling com.google.android.gms.auth.managed.ui.SetNewPasswordActivity
09-15 14:41:31.426: I/Finsky(7748): [2] tqw.a(20): SCH: Running job: 10-77
09-15 14:41:31.430: I/Finsky(7748): [2] tsg.a(16): SCH: jobFinished: 10-77. TimeElapsed: 3ms.
09-15 14:41:31.431: I/Finsky(7748): [2] tqv.handleMessage(63): SCH: RunningQueue size: 4, PendingQueue size: 0
09-15 14:41:31.432: I/Finsky(7748): [2] tqv.handleMessage(66): SCH: Running queue: 10-2 10-44 10-69 10-77 
09-15 14:41:31.432: I/Finsky(7748): [2] tqw.a(37): SCH: Job 10-77 finished. Not rescheduling.
09-15 14:41:31.433: I/Finsky(7748): [2] tqv.handleMessage(63): SCH: RunningQueue size: 3, PendingQueue size: 0
09-15 14:41:31.433: I/PTCommittedOperation(6666): Receive new configuration for com.google.android.gms.auth_authzen
09-15 14:41:31.433: I/Finsky(7748): [2] tqv.handleMessage(66): SCH: Running queue: 10-2 10-44 10-69 
09-15 14:41:31.442: I/ChromeSync(8729): [Sync,SyncIntentOperation] Handling the intent: Intent { act=com.google.android.gms.phenotype.COMMITTED flg=0x10 pkg=com.google.android.gms cmp=com.google.android.gms/.chimera.GmsIntentOperationService (has extras) }.
09-15 14:41:31.444: I/MdiSyncModule(8729): flag handling is skipping irrelevant intent.
09-15 14:41:31.453: W/ModuleInitIntentOp(8729): Dropping unexpected action com.google.android.gms.phenotype.COMMITTED
09-15 14:41:31.457: I/Finsky(7748): [2] tsg.a(16): SCH: jobFinished: 10-44. TimeElapsed: 1884ms.
09-15 14:41:31.459: I/Finsky(7748): [2] tqw.a(37): SCH: Job 10-44 finished. Not rescheduling.
09-15 14:41:31.460: I/Finsky(7748): [2] tqv.handleMessage(63): SCH: RunningQueue size: 2, PendingQueue size: 0
09-15 14:41:31.460: I/Finsky(7748): [2] tqv.handleMessage(66): SCH: Running queue: 10-2 10-69 
09-15 14:41:31.540: W/NetworkScheduler(6666): Immediate task was not started com.google.android.calendar/com.firebase.jobdispatcher.GooglePlayReceiver{u=0 tag="PhenotypeCommitFirebase" trigger=window{start=0s,end=1s,earliest=0s,latest=0s} requirements=[NET_ANY] attributes=[PERSISTED] scheduled=0s last_run=N/A jid=N/A status=PENDING retries=0 client_lib=FIREBASE_JOB_DISPATCHER-1}. Rescheduling immediate tasks can cause excessive battery drain.
09-15 14:41:31.548: E/NetworkScheduler.ATC(6666): Called cancelTask for already completed task com.google.android.calendar/com.firebase.jobdispatcher.GooglePlayReceiver{u=0 tag="PhenotypeCommitFirebase" trigger=window{start=0s,end=1s,earliest=0s,latest=0s} requirements=[NET_ANY] attributes=[PERSISTED] scheduled=0s last_run=0s jid=N/A status=PENDING retries=0 client_lib=FIREBASE_JOB_DISPATCHER-1} :5 [CONTEXT service_id=218 ]
09-15 14:41:31.549: I/PTCommittedOperation(6666): Receive new configuration for com.google.android.gms.vision
09-15 14:41:31.553: I/Auth(6666): [AuthManaged,PasswordComplexityHelperImpl] Updating password complexity components state.
09-15 14:41:31.554: I/Auth(6666): [AuthManaged,PasswordComplexityHelperImpl] Enabling com.google.android.gms.auth.managed.ui.SetNewPasswordActivity
09-15 14:41:31.559: I/ChromeSync(8729): [Sync,SyncIntentOperation] Handling the intent: Intent { act=com.google.android.gms.phenotype.COMMITTED flg=0x10 pkg=com.google.android.gms cmp=com.google.android.gms/.chimera.GmsIntentOperationService (has extras) }.
09-15 14:41:31.561: I/MdiSyncModule(8729): flag handling is skipping irrelevant intent.
09-15 14:41:31.569: E/Finsky(7748): [2] drq.a(59): Null parsed response for request=[[ ] https://android.clients.google.com/fdfe/fetchBillingUiInstructions 0xe8d195d1 NORMAL 22]
09-15 14:41:31.569: I/ActivityManager(893): Killing 9507:com.google.android.apps.auth.test.support/u0a118 (adj 906): empty #17
09-15 14:41:31.570: W/ModuleInitIntentOp(8729): Dropping unexpected action com.google.android.gms.phenotype.COMMITTED
09-15 14:41:31.593: W/NetworkScheduler(6666): No record of active task com.google.android.calendar/com.firebase.jobdispatcher.GooglePlayReceiver{u=0 tag="PhenotypeCommitFirebase" trigger=window{start=0s,end=1s,earliest=0s,latest=0s} requirements=[NET_ANY] attributes=[PERSISTED] scheduled=0s last_run=0s jid=N/A status=PENDING retries=0 client_lib=FIREBASE_JOB_DISPATCHER-1}
09-15 14:41:31.605: I/BgTaskExecutorImpl(7297): Starting EXCLUSIVE background task now_update_gcm_registration.
09-15 14:41:31.618: I/ProximityAuth(6666): [BetterTogetherFeatureSupportIntentOperation] setFeatureSupported for [BETTER_TOGETHER_HOST] finished with status [SUCCESS].
09-15 14:41:31.620: W/SearchServiceCore(7297): Abort, client detached.
09-15 14:41:31.620: W/SearchServiceCore(7297): Abort, client detached.
09-15 14:41:31.636: I/PTCommittedOperation(6666): Receive new configuration for com.google.android.gms.tron.metrics
09-15 14:41:31.639: I/ChromeSync(8729): [Sync,SyncIntentOperation] Handling the intent: Intent { act=com.google.android.gms.phenotype.COMMITTED flg=0x10 pkg=com.google.android.gms cmp=com.google.android.gms/.chimera.GmsIntentOperationService (has extras) }.
09-15 14:41:31.640: I/MdiSyncModule(8729): flag handling is skipping irrelevant intent.
09-15 14:41:31.645: W/ModuleInitIntentOp(8729): Dropping unexpected action com.google.android.gms.phenotype.COMMITTED
09-15 14:41:31.647: I/zygote64(10221): Waiting for a blocking GC ProfileSaver
09-15 14:41:31.658: I/zygote(8097): Do partial code cache collection, code=59KB, data=37KB
09-15 14:41:31.665: I/zygote64(10221): WaitForGcToComplete blocked for 17.829ms for cause ProfileSaver
09-15 14:41:31.687: W/OptInChecker(7297): Missing cached UDC setting for NOW_CARDS
09-15 14:41:31.688: I/zygote(8097): After code cache collection, code=54KB, data=35KB
09-15 14:41:31.688: I/zygote(8097): Increasing code cache capacity to 256KB
09-15 14:41:31.713: I/PTCommittedOperation(6666): Receive new configuration for com.google.android.gms.wearable
09-15 14:41:31.716: I/ChromeSync(8729): [Sync,SyncIntentOperation] Handling the intent: Intent { act=com.google.android.gms.phenotype.COMMITTED flg=0x10 pkg=com.google.android.gms cmp=com.google.android.gms/.chimera.GmsIntentOperationService (has extras) }.
09-15 14:41:31.719: I/MdiSyncModule(8729): flag handling is skipping irrelevant intent.
09-15 14:41:31.725: W/ModuleInitIntentOp(8729): Dropping unexpected action com.google.android.gms.phenotype.COMMITTED
09-15 14:41:31.757: I/Auth(6666): [AuthManaged,PasswordComplexityHelperImpl] Updating password complexity components state.
09-15 14:41:31.757: I/Auth(6666): [AuthManaged,PasswordComplexityHelperImpl] Enabling com.google.android.gms.auth.managed.ui.SetNewPasswordActivity
09-15 14:41:31.783: I/PTCommittedOperation(6666): Receive new configuration for com.google.android.gms.walletp2p.v2
09-15 14:41:31.787: I/ProximityAuth(6666): [BetterTogetherFeatureSupportIntentOperation] setFeatureSupported for [SMS_CONNECT_HOST] finished with status [SUCCESS].
09-15 14:41:31.794: I/ChromeSync(8729): [Sync,SyncIntentOperation] Handling the intent: Intent { act=com.google.android.gms.phenotype.COMMITTED flg=0x10 pkg=com.google.android.gms cmp=com.google.android.gms/.chimera.GmsIntentOperationService (has extras) }.
09-15 14:41:31.795: I/MdiSyncModule(8729): flag handling is skipping irrelevant intent.
09-15 14:41:31.800: I/PhoneskyRecoveryLogs(8729): Experiments updated. Start recovery checks. [CONTEXT service_id=242 ]
09-15 14:41:31.800: W/ModuleInitIntentOp(8729): Dropping unexpected action com.google.android.gms.phenotype.COMMITTED
09-15 14:41:31.878: I/PTCommittedOperation(6666): Receive new configuration for com.google.android.gms.phonesky_recovery
09-15 14:41:31.888: W/DownloadManager(10354): fallocate() not supported; falling back to ftruncate()
09-15 14:41:31.911: I/Auth(6666): [AuthManaged,PasswordComplexityHelperImpl] Updating password complexity components state.
09-15 14:41:31.911: I/Auth(6666): [AuthManaged,PasswordComplexityHelperImpl] Enabling com.google.android.gms.auth.managed.ui.SetNewPasswordActivity
09-15 14:41:31.951: W/OptInChecker(7297): Missing cached UDC setting for NOW_CARDS
09-15 14:41:31.951: W/OptInChecker(7297): Missing cached UDC setting for NOW_NOTIFICATIONS
09-15 14:41:31.952: W/OptInChecker(7297): Missing cached UDC setting for CHROME_HISTORY_SYNC
09-15 14:41:31.969: I/zygote64(10246): Waiting for a blocking GC ProfileSaver
09-15 14:41:31.984: I/MobileDataHub(8729): Scheduling periodic tasks
09-15 14:41:32.022: I/zygote64(10246): WaitForGcToComplete blocked for 53.230ms for cause ProfileSaver
09-15 14:41:32.044: I/ChromeSync(8729): [Sync,SyncIntentOperation] Handling the intent: Intent { act=com.google.android.gms.phenotype.COMMITTED flg=0x10 pkg=com.google.android.gms cmp=com.google.android.gms/.chimera.GmsIntentOperationService (has extras) }.
09-15 14:41:32.046: I/MdiSyncModule(8729): flag handling is skipping irrelevant intent.
09-15 14:41:32.050: W/ModuleInitIntentOp(8729): Dropping unexpected action com.google.android.gms.phenotype.COMMITTED
09-15 14:41:32.078: I/PTCommittedOperation(6666): Receive new configuration for com.google.android.gms.firebase.auth
09-15 14:41:32.081: I/Herrevad(6666): [770] abqg.a: updateListenState
09-15 14:41:32.174: I/zygote64(8729): Compiler allocated 16MB to compile void qwb.b(qwd)
09-15 14:41:32.200: I/zygote64(8729): Background concurrent copying GC freed 147462(7MB) AllocSpace objects, 19(424KB) LOS objects, 50% free, 9MB/19MB, paused 230us total 193.207ms
09-15 14:41:32.234: I/Vision(8729): Requesting optional module download of ocr.
09-15 14:41:32.237: I/Vision(8729): Checking for download completion for 523109 -- ocr
09-15 14:41:32.240: E/ConfigFileUtils(8729): Failed to read config file: /data/user_de/0/com.google.android.gms/app_chimera/next_container.pb (No such file or directory)
09-15 14:41:32.244: W/PayUpdateIntentOperatio(8729): Dropping unexpected action: com.google.android.gms.phenotype.com.google.android.gms.pay.COMMITTED [CONTEXT service_id=198 ]
09-15 14:41:32.283: I/PTCommittedOperation(6666): Receive new configuration for com.google.android.gms.ads
09-15 14:41:32.289: I/ModuleSetMgr(8729): Container features not yet downloaded are disabled.
09-15 14:41:32.295: I/PTCommittedOperation(6666): Receive new configuration for com.google.android.gms.car
09-15 14:41:32.297: I/ModuleSetMgr(8729): Container features not yet downloaded are disabled.
09-15 14:41:32.304: I/PTCommittedOperation(6666): Receive new configuration for com.google.android.gms.gcm
09-15 14:41:32.308: I/GmsModuleFndr(8729): Beginning GMS chimera module scan
09-15 14:41:32.321: I/PTCommittedOperation(6666): Receive new configuration for com.google.android.gms.rcs
09-15 14:41:32.324: I/zygote64(8729): Deoptimizing bpaa bopu.a(int) due to JIT inline cache
09-15 14:41:32.333: I/ModuleSetMgr(8729): Computing pending module set with APKs: [[AdsFdrDynamite.integ:22060000000], [Payments.integ:202690008000400], [PaymentsDynamite.integ:202690008000400], [AdsFdrDynamite.integ:21460000000], [Cronetdynamite:202116040400], [Dynamiteloader:202116040000], [Dynamitemodulesa:202116040000], [Dynamitemodulesc:202116040000], [Googlecertificates:202116040000], [Mapsdynamite:202116040000], [Measurementdynamite:202116040000]]
09-15 14:41:32.341: I/PTCommittedOperation(6666): Receive new configuration for com.google.android.gms.ulr
09-15 14:41:32.353: I/ModuleSetMgr(8729): Pending container module APKs: []
09-15 14:41:32.353: I/ModuleSetMgr(8729): Pending non-container module APKs: [[AdsFdrDynamite.integ:22060000000], [Payments.integ:202690008000400], [PaymentsDynamite.integ:202690008000400]]
09-15 14:41:32.355: E/MDD(8729): FileGroupManager: Trying to add group brella_av9_com_google_android_settings_intelligence for uninstalled app com.google.android.settings.intelligence.
09-15 14:41:32.358: W/MDD(8729): MDDManager class bcdz
09-15 14:41:32.358: W/zygote64(10246): Suspending all threads took: 54.698ms
09-15 14:41:32.365: E/MDD(8729): FileGroupManager: Trying to add group brella_av9_com_google_android_apps_miphone_brella_trainfood for uninstalled app com.google.android.apps.miphone.brella.trainfood.
09-15 14:41:32.369: W/MDD(8729): MDDManager class bcdz
09-15 14:41:32.386: W/SearchServiceCore(7297): Abort, client detached.
09-15 14:41:32.391: E/MDD(8729): FileGroupManager: Trying to add group reveal.barcode for uninstalled app com.google.android.apps.accessibility.reveal.
09-15 14:41:32.392: W/MDD(8729): MDDManager class bcdz
09-15 14:41:32.395: W/PackageParser(8729): Unknown element under <manifest>: queries at /data/user_de/0/com.google.android.gms/app_chimera/m/00000015/dl-AdsFdrDynamite.integ_22060000000.apk Binary XML file line #5
09-15 14:41:32.398: W/PackageParser(8729): Unknown element under <manifest>: queries at /data/user_de/0/com.google.android.gms/app_chimera/m/00000016/dl-Payments.integ_202690008000400.apk Binary XML file line #5
09-15 14:41:32.423: I/ChimeraConfigurator(8729): Update complete: success
09-15 14:41:32.434: I/ModuleSetMgr(8729): Container features not yet downloaded are disabled.
09-15 14:41:32.439: I/PTCommittedOperation(6666): Receive new configuration for com.google.android.gms.appinvite
09-15 14:41:32.442: I/Auth(6666): [AuthManaged,PasswordComplexityHelperImpl] Updating password complexity components state.
09-15 14:41:32.442: I/Auth(6666): [AuthManaged,PasswordComplexityHelperImpl] Enabling com.google.android.gms.auth.managed.ui.SetNewPasswordActivity
09-15 14:41:32.513: I/ChromeSync(8729): [Sync,SyncIntentOperation] Handling the intent: Intent { act=com.google.android.gms.phenotype.COMMITTED flg=0x10 pkg=com.google.android.gms cmp=com.google.android.gms/.chimera.GmsIntentOperationService (has extras) }.
09-15 14:41:32.533: I/Auth(6666): [AuthManaged,PasswordComplexityHelperImpl] Updating password complexity components state.
09-15 14:41:32.533: I/Auth(6666): [AuthManaged,PasswordComplexityHelperImpl] Enabling com.google.android.gms.auth.managed.ui.SetNewPasswordActivity
09-15 14:41:32.540: I/MdiSyncModule(8729): flag handling is skipping irrelevant intent.
09-15 14:41:32.541: W/ModuleInitIntentOp(8729): Dropping unexpected action com.google.android.gms.phenotype.COMMITTED
09-15 14:41:32.542: I/PTCommittedOperation(6666): Receive new configuration for com.google.android.gms.setupservices
09-15 14:41:32.545: I/ChromeSync(8729): [Sync,SyncIntentOperation] Handling the intent: Intent { act=com.google.android.gms.phenotype.COMMITTED flg=0x10 pkg=com.google.android.gms cmp=com.google.android.gms/.chimera.GmsIntentOperationService (has extras) }.
09-15 14:41:32.546: I/MdiSyncModule(8729): flag handling is skipping irrelevant intent.
09-15 14:41:32.548: W/ModuleInitIntentOp(8729): Dropping unexpected action com.google.android.gms.phenotype.COMMITTED
09-15 14:41:32.565: I/ChromeSync(8729): [Sync,SyncIntentOperation] Handling the intent: Intent { act=com.google.android.gms.phenotype.COMMITTED flg=0x10 pkg=com.google.android.gms cmp=com.google.android.gms/.chimera.GmsIntentOperationService (has extras) }.
09-15 14:41:32.567: I/PTCommittedOperation(6666): Receive new configuration for com.google.android.gms.usagereporting
09-15 14:41:32.569: I/MdiSyncModule(8729): flag handling is skipping irrelevant intent.
09-15 14:41:32.571: W/ModuleInitIntentOp(8729): Dropping unexpected action com.google.android.gms.phenotype.COMMITTED
09-15 14:41:32.598: I/GCoreUlr(6666): WorldUpdater received intent Intent { act=com.google.android.location.reporting.ACTION_UPDATE_WORLD cmp=com.google.android.gms/com.google.android.location.reporting.service.DispatchingService (has extras) } with receiverAction com.google.gservices.intent.action.GSERVICES_CHANGED
09-15 14:41:32.603: I/ChromeSync(8729): [Sync,SyncIntentOperation] Handling the intent: Intent { act=com.google.android.gms.phenotype.COMMITTED flg=0x10 pkg=com.google.android.gms cmp=com.google.android.gms/.chimera.GmsIntentOperationService (has extras) }.
09-15 14:41:32.605: I/MdiSyncModule(8729): flag handling is skipping irrelevant intent.
09-15 14:41:32.606: W/ModuleInitIntentOp(8729): Dropping unexpected action com.google.android.gms.phenotype.COMMITTED
