09-15 14:41:00.187: E/GmsClient(8729): unable to connect to service: com.google.android.gms.auth.key.retrieval.service.START on com.google.android.gms
09-15 14:41:00.195: I/zygote64(8729): Background concurrent copying GC freed 45862(2MB) AllocSpace objects, 16(320KB) LOS objects, 49% free, 5MB/10MB, paused 169us total 291.772ms
09-15 14:41:00.204: I/MS_RegisterService(8729): Tachyon host: instantmessaging-pa.googleapis.com, Tachyon port: 443
09-15 14:41:00.224: I/zygote64(8729): After code cache collection, code=496KB, data=286KB
09-15 14:41:00.237: I/GCoreUlr(6666): WorldUpdater:com.google.gservices.intent.action.GSERVICES_CHANGED: Ensuring that reporting is stopped because of reasons: (no Google accounts)
09-15 14:41:00.242: I/GeofencerStateMachine(6666): sendQueryLocationOptIn
09-15 14:41:00.256: I/GeofencerStateMachine(6666): sendQueryLocationOptIn
09-15 14:41:00.261: I/MdiSyncModule(8729): flag handling is skipping irrelevant intent.
09-15 14:41:00.265: I/GeofencerStateMachine(6666): sendQueryLocationOptIn
09-15 14:41:00.297: I/GeofencerStateMachine(6666): sendQueryLocationOptIn
09-15 14:41:00.298: I/MS_Utils(8729): version of com.google.android.apps.maps = 978102040
09-15 14:41:00.303: I/MS_RegisterService(8729): RegisterService intent:Intent { act=com.google.android.gms.matchstick.register_intent_action cat=[targeted_intent_op_prefix:com.google.android.libraries.matchstick.net.SilentRegisterIntentOperation] cmp=com.google.android.gms/.chimera.GmsIntentOperationService } isPeriodic:false
09-15 14:41:00.308: I/ModuleSetMgr(8729): Computing pending module set with APKs: [[AdsFdrDynamite.integ:22060000000], [Payments.integ:202690008000400], [PaymentsDynamite.integ:202690008000400], [AdsFdrDynamite.integ:21460000000], [Cronetdynamite:202116040400], [Dynamiteloader:202116040000], [Dynamitemodulesa:202116040000], [Dynamitemodulesc:202116040000], [Googlecertificates:202116040000], [Mapsdynamite:202116040000], [Measurementdynamite:202116040000]]
09-15 14:41:00.312: I/GeofencerStateMachine(6666): sendQueryLocationOptIn
09-15 14:41:00.317: I/GCoreUlr(6666): Unbound from all signal providers.
09-15 14:41:00.345: I/zygote64(6666): Background concurrent copying GC freed 54994(3MB) AllocSpace objects, 13(344KB) LOS objects, 50% free, 8MB/17MB, paused 149us total 313.134ms
09-15 14:41:00.349: I/GeofencerStateMachine(6666): sendQueryLocationOptIn
09-15 14:41:00.364: I/GeofencerStateMachine(6666): sendQueryLocationOptIn
09-15 14:41:00.426: I/GservicesProvider(2045): override update completed
09-15 14:41:00.428: W/MS_RegisterService(8729): Not eligible for registration.
09-15 14:41:00.432: D/GoogleCarrierConfigReceiver(9160): Gservices Changed Received
09-15 14:41:00.464: E/GooglePlayServicesUtil(9176): The Google Play services resources were not found. Check your project configuration to ensure that the resources are included.
09-15 14:41:00.483: I/Backup(8729): [GmsBackupStatusChangeReceiver] Going to enable gms backup transport.
09-15 14:41:00.499: I/GCoreUlr(6666): WorldUpdater received intent Intent { act=com.google.android.location.reporting.ACTION_UPDATE_WORLD cmp=com.google.android.gms/com.google.android.location.reporting.service.DispatchingService (has extras) } with receiverAction com.google.gservices.intent.action.GSERVICES_CHANGED
09-15 14:41:00.522: I/Herrevad(6666): [703] abqg.a: updateListenState
09-15 14:41:00.524: I/NetRec(6666): [700] alek.a: onConfigChanged()
09-15 14:41:00.530: I/BgTaskExecutorImpl(7297): Starting NONEXCLUSIVE background task update_gservices_config.
09-15 14:41:00.538: I/NetRec(6666): [700] alek.a: Cancelling all NetRec GCM tasks
09-15 14:41:00.543: I/CarrierServices(3013): [2] bxu.e: Carrier Services GServices flags:
09-15 14:41:00.543: I/CarrierServices(3013):    carrier_services_security_flags_ec_api_white_listed_packages: com.google.android.apps.messaging,com.google.android.dialer,com.google.android.ims.client.sampleapp,com.android.contacts,com.lge.rcscall,com.android.incallui,com.huawei.incallui.appfeature.rcsfeature
09-15 14:41:00.543: I/CarrierServices(3013):    carrier_services_security_flags_ec_api_white_listed_signatures: B28C3EDB665DF32686224DF800F603E9959BBE4E,0980A12BE993528C19107BC21AD811478C63CEFC,B38FA7B5ECFAEC44620A020752B07E063B3120A8,203997BC46B8792DC9747ABD230569071F9A0439,EDA6413C3E3A95492114FE07CD953AD897E40D1A,760EBB9F4200B3DFB1B817B40FF0563A3C150D39,5B368CFF2DA2686996BC95EAC190EAA4F5630FE5,01D845B26B688D8EF647205A5944E9407E52E06E,27196E386B875E76ADF700E7EA84E4C6EEE33DFA,1CDD04F1E4A732BB0352FDFAEE26D2315526DF85,025D5212BF3B5F5CDA6117A518721D70A94D84E0
09-15 14:41:00.543: I/CarrierServices(3013):    carrier_services_security_flags_test_service_white_listed_packages: com.google.android.ims.mobly.snippets
09-15 14:41:00.543: I/CarrierServices(3013):    carrier_services_security_flags_test_service_white_listed_signatures: AE41481F52E0F58DF2806D5A38EB3DBCA5AE02B0,E165542B31953CC282AA4EF2F4D5F07F7663A2A2
09-15 14:41:00.543: I/CarrierServices(3013):    carrier_services_security_flags_white_listed_packages: com.google.android.apps.messaging,com.google.android.dialer,com.google.android.ims.client.sampleapp,com.android.contacts,com.lge.rcscall,com.android.incallui,com.huawei.incallui.appfeature.rcsfeature
09-15 14:41:00.543: I/CarrierServices(3013):    carrier_services_security_flags_white_listed_signatures: B28C3EDB665DF32686224DF800F603E9959BBE4E,0980A12BE993528C19107BC21AD811478C63CEFC,B38FA7B5ECFAEC44620A020752B07E063B3120A8,203997BC46B8792DC9747ABD230569071F9A0439,EDA6413C3E3A95492114FE07CD953AD897E40D1A,760EBB9F4200B3DFB1B817B40FF0563A3C150D39,5B368CFF2DA2686996BC95EAC190EAA4F5630FE5,01D845B26B688D8EF647205A5944E9407E52E06E,27196E386B875E76ADF700E7EA84E4C6EEE33DFA,1CDD04F1E4A732BB0352FDFAEE26D2315526DF85,025D5212BF3B5F5CDA6117A518721D70A94D84E0
09-15 14:41:00.543: I/CarrierServices(3013):    carrier_services_video_share_disabled_user_agent_substrings: SM-G930,SM-G935,SM-A320
09-15 14:41:00.543: I/CarrierServices(3013): ====================
09-15 14:41:00.545: W/SearchServiceCore(7297): Abort, client detached.
09-15 14:41:00.547: I/OcrModelUpStIntentOp(8729): Updating ocr activity enabled=true (phenotypeFlag=true, lowRamDevice=false, prereqCheck=true)
09-15 14:41:00.550: W/DynamiteModule(8729): Local module descriptor class for com.google.android.gms.vision.dynamite.ocr not found.
09-15 14:41:00.552: W/ProviderHelper(8729): Unknown dynamite feature vision.dynamite.ocr
09-15 14:41:00.553: I/Auth(6666): [AuthManaged,PasswordComplexityHelperImpl] Updating password complexity components state.
09-15 14:41:00.553: I/Auth(6666): [AuthManaged,PasswordComplexityHelperImpl] Enabling com.google.android.gms.auth.managed.ui.SetNewPasswordActivity
09-15 14:41:00.561: I/NetRec(6666): [703] ClearDatabaseService.onHandleIntent: Clearing score cache
09-15 14:41:00.565: I/GservicesUpdateTask(7297): Updating Gservices keys
09-15 14:41:00.570: I/DynamiteModule(8729): Considering local module com.google.android.gms.vision.dynamite.ocr:0 and remote module com.google.android.gms.vision.dynamite.ocr:0
09-15 14:41:00.572: W/ProviderHelper(8729): Unknown dynamite feature vision.ocr
09-15 14:41:00.572: W/DynamiteModule(8729): Local module descriptor class for com.google.android.gms.vision.ocr not found.
09-15 14:41:00.572: I/DynamiteModule(8729): Considering local module com.google.android.gms.vision.ocr:0 and remote module com.google.android.gms.vision.ocr:0
09-15 14:41:00.572: E/Vision(8729): Error loading module com.google.android.gms.vision.ocr optional module true: bii: No acceptable module found. Local version is 0 and remote version is 0.
09-15 14:41:00.575: W/TextNativeHandle(8729): Native handle not yet available. Reverting to no-op handle.
09-15 14:41:00.579: W/DynamiteModule(8729): Local module descriptor class for com.google.android.gms.vision.dynamite.ocr not found.
09-15 14:41:00.580: W/ProviderHelper(8729): Unknown dynamite feature vision.dynamite.ocr
09-15 14:41:00.580: I/DynamiteModule(8729): Considering local module com.google.android.gms.vision.dynamite.ocr:0 and remote module com.google.android.gms.vision.dynamite.ocr:0
09-15 14:41:00.583: D/ConnMetrics:App(9176): IsOptedIn = false
09-15 14:41:00.584: W/ProviderHelper(8729): Unknown dynamite feature vision.ocr
09-15 14:41:00.585: W/DynamiteModule(8729): Local module descriptor class for com.google.android.gms.vision.ocr not found.
09-15 14:41:00.585: I/DynamiteModule(8729): Considering local module com.google.android.gms.vision.ocr:0 and remote module com.google.android.gms.vision.ocr:0
09-15 14:41:00.585: E/Vision(8729): Error loading module com.google.android.gms.vision.ocr optional module true: bii: No acceptable module found. Local version is 0 and remote version is 0.
09-15 14:41:00.594: I/TestSupport(8729): GServices override confirmed: finsky.daily_hygiene_schedule_unauthenticated=false [CONTEXT service_id=133 ]
09-15 14:41:00.600: I/SystemUpdate(8729): [Installation,ReceiverIntentOperation] Received intent: Intent { act=com.google.gservices.intent.action.GSERVICES_CHANGED flg=0x1000010 cmp=com.google.android.gms/.chimera.GmsIntentOperationService$PersistentInternalReceiver }.
09-15 14:41:00.606: I/OcrModelUpStIntentOp(8729): Downloading text recognizer
09-15 14:41:00.614: I/zygote64(2045): Background concurrent copying GC freed 6530(339KB) AllocSpace objects, 1(24KB) LOS objects, 54% free, 1289KB/2MB, paused 1.642ms total 114.527ms
09-15 14:41:00.630: E/ExecutionCriteria(6666): Package unavailable for task: com.google.android.videos/com.google.android.apps.play.movies.common.service.player.logging.QoePingService{u=0 tag="flush_qoe_logs" trigger=window{period=86400s,flex=86400s,earliest=-71806787s,latest=-71720387s} requirements=[NET_UNMETERED,CHARGING] attributes=[PERSISTED,RECURRING] scheduled=-71806787s last_run=N/A jid=N/A status=PENDING retries=0 client_lib=MANCHEGO_GCM-10400000} [CONTEXT service_id=218 ]
09-15 14:41:00.643: E/ExecutionCriteria(6666): Package unavailable for task: com.google.android.videos/com.google.android.apps.play.movies.common.service.drm.RefreshLicenseTaskService{u=0 tag="refresh_license" trigger=window{period=172800s,flex=172800s,earliest=-71720387s,latest=-71547587s} requirements=[NET_CONNECTED] attributes=[PERSISTED,RECURRING] scheduled=-71720387s last_run=N/A jid=N/A status=PENDING retries=0 client_lib=MANCHEGO_GCM-10400000} [CONTEXT service_id=218 ]
09-15 14:41:00.656: I/zygote64(8729): Do partial code cache collection, code=506KB, data=294KB
09-15 14:41:00.673: I/TestSupport(8729): SetOverrideOperation: finsky.background_split_installs_blacklist = com.android.chrome [CONTEXT service_id=133 ]
09-15 14:41:00.692: I/zygote64(8729): After code cache collection, code=506KB, data=294KB
09-15 14:41:00.692: I/GeofencerStateMachine(6666): sendQueryLocationOptIn
09-15 14:41:00.692: I/zygote64(8729): Increasing code cache capacity to 2MB
09-15 14:41:00.699: I/ModuleSetMgr(8729): Pending container module APKs: []
09-15 14:41:00.699: I/ModuleSetMgr(8729): Pending non-container module APKs: [[AdsFdrDynamite.integ:22060000000], [Payments.integ:202690008000400], [PaymentsDynamite.integ:202690008000400]]
09-15 14:41:00.707: I/GeofencerStateMachine(6666): sendQueryLocationOptIn
09-15 14:41:00.729: I/GeofencerStateMachine(6666): sendQueryLocationOptIn
09-15 14:41:00.746: I/GCoreUlr(6666): WorldUpdater:com.google.gservices.intent.action.GSERVICES_CHANGED: Ensuring that reporting is stopped because of reasons: (no Google accounts)
09-15 14:41:00.754: I/GeofencerStateMachine(6666): sendQueryLocationOptIn
09-15 14:41:00.779: I/GeofencerStateMachine(6666): sendQueryLocationOptIn
09-15 14:41:00.797: I/GCoreUlr(6666): Unbound from all signal providers.
09-15 14:41:00.832: I/zygote64(8729): Background concurrent copying GC freed 18607(1210KB) AllocSpace objects, 10(200KB) LOS objects, 50% free, 6MB/12MB, paused 312us total 344.369ms
09-15 14:41:00.853: I/GeofencerStateMachine(6666): sendQueryLocationOptIn
09-15 14:41:00.874: I/GeofencerStateMachine(6666): sendQueryLocationOptIn
09-15 14:41:00.899: I/zygote64(2045): Background concurrent copying GC freed 9501(557KB) AllocSpace objects, 0(0B) LOS objects, 56% free, 1195KB/2MB, paused 6.818ms total 96.169ms
09-15 14:41:00.939: D/CarrierServices(3013): log_saver already enabled
09-15 14:41:00.951: I/GCoreUlr(6666): WorldUpdater received intent Intent { act=com.google.android.location.reporting.ACTION_UPDATE_WORLD cmp=com.google.android.gms/com.google.android.location.reporting.service.DispatchingService (has extras) } with receiverAction com.google.gservices.intent.action.GSERVICES_CHANGED
09-15 14:41:00.953: I/BugleRcs(4157): updating RCS availability
09-15 14:41:00.973: I/zygote64(893): Background concurrent copying GC freed 23377(1305KB) AllocSpace objects, 0(0B) LOS objects, 42% free, 14MB/25MB, paused 225us total 265.777ms
09-15 14:41:00.993: I/BugleRcs(4157): No minimum Cs.apk version is set, not checking Cs.apk version
09-15 14:41:01.000: I/GCoreUlr(6666): WorldUpdater:com.google.gservices.intent.action.GSERVICES_CHANGED: Ensuring that reporting is stopped because of reasons: (no Google accounts)
09-15 14:41:01.005: D/BugleRcsEngine(2728): log_saver already enabled
09-15 14:41:01.007: V/BugleRcs(4157): RcsAvailability updated but unchanged: RCS is disabled due to SIM absent
09-15 14:41:01.010: I/GCoreUlr(6666): Unbound from all signal providers.
09-15 14:41:01.017: I/Bugle(4157): ApnsOta: OTA version -1
09-15 14:41:01.053: I/Vision(8729): Requesting optional module download of ocr.
09-15 14:41:01.054: I/Vision(8729): Checking for download completion for 491927 -- ocr
09-15 14:41:01.071: I/GCoreUlr(6666): Unbound from all signal providers.
09-15 14:41:01.071: I/GCoreUlr(6666): Stopping handler for UlrDispSvcFast
09-15 14:41:01.084: I/Vision(8729): Requesting optional module download of ocr.
09-15 14:41:01.085: I/Vision(8729): Exceeded maximum feature download tries for ocr
09-15 14:41:01.085: W/Vision(8729): Request of optional module download of ocr failed.
09-15 14:41:01.086: I/Vision(8729): Checking for download completion for 491960 -- ocr
09-15 14:41:01.130: I/GservicesProvider(2045): override update completed
09-15 14:41:01.137: D/GoogleCarrierConfigReceiver(9160): Gservices Changed Received
09-15 14:41:01.153: E/GooglePlayServicesUtil(9176): The Google Play services resources were not found. Check your project configuration to ensure that the resources are included.
09-15 14:41:01.167: W/PackageParser(8729): Unknown element under <manifest>: queries at /data/user_de/0/com.google.android.gms/app_chimera/m/00000015/dl-AdsFdrDynamite.integ_22060000000.apk Binary XML file line #5
09-15 14:41:01.173: W/PackageParser(8729): Unknown element under <manifest>: queries at /data/user_de/0/com.google.android.gms/app_chimera/m/00000016/dl-Payments.integ_202690008000400.apk Binary XML file line #5
09-15 14:41:01.213: D/ConnMetrics:App(9176): IsOptedIn = false
09-15 14:41:01.220: I/zygote64(6666): Background concurrent copying GC freed 39670(2MB) AllocSpace objects, 6(116KB) LOS objects, 49% free, 8MB/16MB, paused 3.089ms total 188.592ms
09-15 14:41:01.233: I/TestSupport(8729): GServices override confirmed: finsky.background_split_installs_blacklist=com.android.chrome [CONTEXT service_id=133 ]
09-15 14:41:01.233: I/TSDRIVER(9118): Handled command: PACKAGE
09-15 14:41:01.234: I/Backup(8729): [GmsBackupStatusChangeReceiver] Going to enable gms backup transport.
09-15 14:41:01.236: I/ActivityManager(893): Killing 8358:com.android.providers.calendar/u0a6 (adj 906): empty #17
09-15 14:41:01.279: I/GmsModuleFndr(8729): Beginning GMS chimera module scan
09-15 14:41:01.287: I/NetRec(6666): [699] alek.a: onConfigChanged()
09-15 14:41:01.290: I/Herrevad(6666): [700] abqg.a: updateListenState
09-15 14:41:01.297: I/NetRec(6666): [699] alek.a: Cancelling all NetRec GCM tasks
09-15 14:41:01.301: I/Auth(6666): [AuthManaged,PasswordComplexityHelperImpl] Updating password complexity components state.
09-15 14:41:01.301: I/Auth(6666): [AuthManaged,PasswordComplexityHelperImpl] Enabling com.google.android.gms.auth.managed.ui.SetNewPasswordActivity
09-15 14:41:01.303: I/CarrierServices(3013): [2] bxu.e: Carrier Services GServices flags:
09-15 14:41:01.303: I/CarrierServices(3013):    carrier_services_security_flags_ec_api_white_listed_packages: com.google.android.apps.messaging,com.google.android.dialer,com.google.android.ims.client.sampleapp,com.android.contacts,com.lge.rcscall,com.android.incallui,com.huawei.incallui.appfeature.rcsfeature
09-15 14:41:01.303: I/CarrierServices(3013):    carrier_services_security_flags_ec_api_white_listed_signatures: B28C3EDB665DF32686224DF800F603E9959BBE4E,0980A12BE993528C19107BC21AD811478C63CEFC,B38FA7B5ECFAEC44620A020752B07E063B3120A8,203997BC46B8792DC9747ABD230569071F9A0439,EDA6413C3E3A95492114FE07CD953AD897E40D1A,760EBB9F4200B3DFB1B817B40FF0563A3C150D39,5B368CFF2DA2686996BC95EAC190EAA4F5630FE5,01D845B26B688D8EF647205A5944E9407E52E06E,27196E386B875E76ADF700E7EA84E4C6EEE33DFA,1CDD04F1E4A732BB0352FDFAEE26D2315526DF85,025D5212BF3B5F5CDA6117A518721D70A94D84E0
09-15 14:41:01.303: I/CarrierServices(3013):    carrier_services_security_flags_test_service_white_listed_packages: com.google.android.ims.mobly.snippets
09-15 14:41:01.303: I/CarrierServices(3013):    carrier_services_security_flags_test_service_white_listed_signatures: AE41481F52E0F58DF2806D5A38EB3DBCA5AE02B0,E165542B31953CC282AA4EF2F4D5F07F7663A2A2
09-15 14:41:01.303: I/CarrierServices(3013):    carrier_services_security_flags_white_listed_packages: com.google.android.apps.messaging,com.google.android.dialer,com.google.android.ims.client.sampleapp,com.android.contacts,com.lge.rcscall,com.android.incallui,com.huawei.incallui.appfeature.rcsfeature
09-15 14:41:01.303: I/CarrierServices(3013):    carrier_services_security_flags_white_listed_signatures: B28C3EDB665DF32686224DF800F603E9959BBE4E,0980A12BE993528C19107BC21AD811478C63CEFC,B38FA7B5ECFAEC44620A020752B07E063B3120A8,203997BC46B8792DC9747ABD230569071F9A0439,EDA6413C3E3A95492114FE07CD953AD897E40D1A,760EBB9F4200B3DFB1B817B40FF0563A3C150D39,5B368CFF2DA2686996BC95EAC190EAA4F5630FE5,01D845B26B688D8EF647205A5944E9407E52E06E,27196E386B875E76ADF700E7EA84E4C6EEE33DFA,1CDD04F1E4A732BB0352FDFAEE26D2315526DF85,025D5212BF3B5F5CDA6117A518721D70A94D84E0
09-15 14:41:01.303: I/CarrierServices(3013):    carrier_services_video_share_disabled_user_agent_substrings: SM-G930,SM-G935,SM-A320
09-15 14:41:01.303: I/CarrierServices(3013): ====================
09-15 14:41:01.304: I/BgTaskExecutorImpl(7297): Starting NONEXCLUSIVE background task update_gservices_config.
09-15 14:41:01.305: I/NetRec(6666): [702] ClearDatabaseService.onHandleIntent: Clearing score cache
09-15 14:41:01.309: I/ModuleSetMgr(8729): Computing pending module set with APKs: [[AdsFdrDynamite.integ:22060000000], [Payments.integ:202690008000400], [PaymentsDynamite.integ:202690008000400], [AdsFdrDynamite.integ:21460000000], [Cronetdynamite:202116040400], [Dynamiteloader:202116040000], [Dynamitemodulesa:202116040000], [Dynamitemodulesc:202116040000], [Googlecertificates:202116040000], [Mapsdynamite:202116040000], [Measurementdynamite:202116040000]]
09-15 14:41:01.311: W/SearchServiceCore(7297): Abort, client detached.
09-15 14:41:01.312: I/GservicesUpdateTask(7297): Updating Gservices keys
09-15 14:41:01.326: I/TSDRIVER(9118): CommandService onHandleIntent()
09-15 14:41:01.326: I/TSDRIVER(9118): Got command: PACKAGE
09-15 14:41:01.326: I/TSDRIVER(9118): flag package: Eitjb20uZ29vZ2xlLmFuZHJvaWQuZ21zLmF1dGguYXBpLmNyZWRlbnRpYWxzGh4KGlNhdmVTdHJhdGVneV9fZW5hYmxlU2F2aW5nGAAoPg
09-15 14:41:01.326: I/TSDRIVER(9118): flag package: com.google.android.gms.auth.api.credentials
09-15 14:41:01.331: I/TestSupport(8729): SetOverrideOperation: gms:phenotype:phenotype_flag:debug_bypass_phenotype = false [CONTEXT service_id=133 ]
09-15 14:41:01.361: I/ModuleSetMgr(8729): Pending container module APKs: []
09-15 14:41:01.361: I/ModuleSetMgr(8729): Pending non-container module APKs: [[AdsFdrDynamite.integ:22060000000], [Payments.integ:202690008000400], [PaymentsDynamite.integ:202690008000400]]
09-15 14:41:01.377: E/ExecutionCriteria(6666): Package unavailable for task: com.google.android.videos/com.google.android.apps.play.movies.common.service.player.logging.QoePingService{u=0 tag="flush_qoe_logs" trigger=window{period=86400s,flex=86400s,earliest=-71806787s,latest=-71720387s} requirements=[NET_UNMETERED,CHARGING] attributes=[PERSISTED,RECURRING] scheduled=-71806787s last_run=N/A jid=N/A status=PENDING retries=0 client_lib=MANCHEGO_GCM-10400000} [CONTEXT service_id=218 ]
09-15 14:41:01.396: E/ExecutionCriteria(6666): Package unavailable for task: com.google.android.videos/com.google.android.apps.play.movies.common.service.drm.RefreshLicenseTaskService{u=0 tag="refresh_license" trigger=window{period=172800s,flex=172800s,earliest=-71720387s,latest=-71547587s} requirements=[NET_CONNECTED] attributes=[PERSISTED,RECURRING] scheduled=-71720387s last_run=N/A jid=N/A status=PENDING retries=0 client_lib=MANCHEGO_GCM-10400000} [CONTEXT service_id=218 ]
09-15 14:41:01.407: W/PackageParser(8729): Unknown element under <manifest>: queries at /data/user_de/0/com.google.android.gms/app_chimera/m/00000015/dl-AdsFdrDynamite.integ_22060000000.apk Binary XML file line #5
09-15 14:41:01.411: W/PackageParser(8729): Unknown element under <manifest>: queries at /data/user_de/0/com.google.android.gms/app_chimera/m/00000016/dl-Payments.integ_202690008000400.apk Binary XML file line #5
09-15 14:41:01.438: I/GeofencerStateMachine(6666): sendQueryLocationOptIn
09-15 14:41:01.445: I/ChromeSync(8729): [Sync,SyncIntentOperation] Handling the intent: Intent { act=com.google.gservices.intent.action.GSERVICES_CHANGED flg=0x1000010 cmp=com.google.android.gms/.chimera.GmsIntentOperationService$PersistentInternalReceiver }.
09-15 14:41:01.451: I/GeofencerStateMachine(6666): sendQueryLocationOptIn
09-15 14:41:01.506: I/chatty(6666): uid=10020(u0_a20) com.google.android.gms.persistent identical 2 lines
09-15 14:41:01.523: I/GeofencerStateMachine(6666): sendQueryLocationOptIn
09-15 14:41:01.535: I/MobileDataHub(8729): Scheduling periodic tasks
09-15 14:41:01.537: I/GeofencerStateMachine(6666): sendQueryLocationOptIn
09-15 14:41:01.551: I/BugleRcs(4157): updating RCS availability
09-15 14:41:01.557: D/CarrierServices(3013): log_saver already enabled
09-15 14:41:01.561: I/GeofencerStateMachine(6666): sendQueryLocationOptIn
09-15 14:41:01.585: I/MdiSyncModule(8729): flag handling is skipping irrelevant intent.
09-15 14:41:01.622: I/MS_RegisterService(8729): Tachyon host: instantmessaging-pa.googleapis.com, Tachyon port: 443
09-15 14:41:01.630: E/ExecutionCriteria(6666): Package unavailable for task: com.google.android.videos/com.google.android.apps.play.movies.common.service.player.logging.QoePingService{u=0 tag="flush_qoe_logs" trigger=window{period=86400s,flex=86400s,earliest=-71806788s,latest=-71720388s} requirements=[NET_UNMETERED,CHARGING] attributes=[PERSISTED,RECURRING] scheduled=-71806788s last_run=N/A jid=N/A status=PENDING retries=0 client_lib=MANCHEGO_GCM-10400000} [CONTEXT service_id=218 ]
09-15 14:41:01.631: E/ExecutionCriteria(6666): Package unavailable for task: com.google.android.videos/com.google.android.apps.play.movies.common.service.drm.RefreshLicenseTaskService{u=0 tag="refresh_license" trigger=window{period=172800s,flex=172800s,earliest=-71720388s,latest=-71547588s} requirements=[NET_CONNECTED] attributes=[PERSISTED,RECURRING] scheduled=-71720388s last_run=N/A jid=N/A status=PENDING retries=0 client_lib=MANCHEGO_GCM-10400000} [CONTEXT service_id=218 ]
09-15 14:41:01.646: I/Bugle(4157): ApnsOta: OTA version -1
09-15 14:41:01.647: I/BugleRcs(4157): No minimum Cs.apk version is set, not checking Cs.apk version
09-15 14:41:01.649: V/BugleRcs(4157): RcsAvailability updated but unchanged: RCS is disabled due to SIM absent
09-15 14:41:01.672: I/MS_Utils(8729): version of com.google.android.apps.maps = 978102040
09-15 14:41:01.686: D/BugleRcsEngine(2728): log_saver already enabled
09-15 14:41:01.691: I/MS_RegisterService(8729): RegisterService intent:Intent { act=com.google.android.gms.matchstick.register_intent_action cat=[targeted_intent_op_prefix:com.google.android.libraries.matchstick.net.SilentRegisterIntentOperation] cmp=com.google.android.gms/.chimera.GmsIntentOperationService } isPeriodic:false
09-15 14:41:01.706: I/Icing(8729): doRemovePackageData com.google.android.videos [CONTEXT service_id=21 ]
09-15 14:41:01.747: I/GCoreUlr(6666): DispatchingService ignoring Intent { act=android.net.wifi.WIFI_STATE_CHANGED flg=0x4000010 (has extras) } because ULR inactive
09-15 14:41:01.774: W/MS_RegisterService(8729): Not eligible for registration.
09-15 14:41:01.795: I/SystemUpdate(8729): [Installation,ReceiverIntentOperation] Received intent: Intent { act=com.google.gservices.intent.action.GSERVICES_CHANGED flg=0x1000010 cmp=com.google.android.gms/.chimera.GmsIntentOperationService$PersistentInternalReceiver }.
09-15 14:41:01.813: I/GmsModuleFndr(8729): Beginning GMS chimera module scan
09-15 14:41:01.820: I/OcrModelUpStIntentOp(8729): Updating ocr activity enabled=true (phenotypeFlag=true, lowRamDevice=false, prereqCheck=true)
09-15 14:41:01.822: W/DynamiteModule(8729): Local module descriptor class for com.google.android.gms.vision.dynamite.ocr not found.
09-15 14:41:01.823: W/ProviderHelper(8729): Unknown dynamite feature vision.dynamite.ocr
09-15 14:41:01.828: I/zygote64(2045): Background concurrent copying GC freed 7266(373KB) AllocSpace objects, 1(24KB) LOS objects, 54% free, 1276KB/2MB, paused 2.276ms total 130.180ms
09-15 14:41:01.831: I/GCoreUlr(6666): WorldUpdater received intent Intent { act=com.google.android.location.reporting.ACTION_UPDATE_WORLD cmp=com.google.android.gms/com.google.android.location.reporting.service.DispatchingService (has extras) } with receiverAction com.google.gservices.intent.action.GSERVICES_CHANGED
09-15 14:41:01.837: I/DynamiteModule(8729): Considering local module com.google.android.gms.vision.dynamite.ocr:0 and remote module com.google.android.gms.vision.dynamite.ocr:0
09-15 14:41:01.839: W/ProviderHelper(8729): Unknown dynamite feature vision.ocr
09-15 14:41:01.840: W/DynamiteModule(8729): Local module descriptor class for com.google.android.gms.vision.ocr not found.
09-15 14:41:01.840: I/DynamiteModule(8729): Considering local module com.google.android.gms.vision.ocr:0 and remote module com.google.android.gms.vision.ocr:0
09-15 14:41:01.840: E/Vision(8729): Error loading module com.google.android.gms.vision.ocr optional module true: bii: No acceptable module found. Local version is 0 and remote version is 0.
09-15 14:41:01.843: W/TextNativeHandle(8729): Native handle not yet available. Reverting to no-op handle.
09-15 14:41:01.845: W/DynamiteModule(8729): Local module descriptor class for com.google.android.gms.vision.dynamite.ocr not found.
09-15 14:41:01.846: W/ProviderHelper(8729): Unknown dynamite feature vision.dynamite.ocr
09-15 14:41:01.847: I/DynamiteModule(8729): Considering local module com.google.android.gms.vision.dynamite.ocr:0 and remote module com.google.android.gms.vision.dynamite.ocr:0
09-15 14:41:01.848: W/ProviderHelper(8729): Unknown dynamite feature vision.ocr
09-15 14:41:01.852: E/ExecutionCriteria(6666): Package unavailable for task: com.google.android.videos/com.google.android.apps.play.movies.common.service.player.logging.QoePingService{u=0 tag="flush_qoe_logs" trigger=window{period=86400s,flex=86400s,earliest=-71806788s,latest=-71720388s} requirements=[NET_UNMETERED,CHARGING] attributes=[PERSISTED,RECURRING] scheduled=-71806788s last_run=N/A jid=N/A status=PENDING retries=0 client_lib=MANCHEGO_GCM-10400000} [CONTEXT service_id=218 ]
09-15 14:41:01.852: W/DynamiteModule(8729): Local module descriptor class for com.google.android.gms.vision.ocr not found.
09-15 14:41:01.852: I/DynamiteModule(8729): Considering local module com.google.android.gms.vision.ocr:0 and remote module com.google.android.gms.vision.ocr:0
09-15 14:41:01.852: E/Vision(8729): Error loading module com.google.android.gms.vision.ocr optional module true: bii: No acceptable module found. Local version is 0 and remote version is 0.
09-15 14:41:01.852: E/ExecutionCriteria(6666): Package unavailable for task: com.google.android.videos/com.google.android.apps.play.movies.common.service.drm.RefreshLicenseTaskService{u=0 tag="refresh_license" trigger=window{period=172800s,flex=172800s,earliest=-71720388s,latest=-71547588s} requirements=[NET_CONNECTED] attributes=[PERSISTED,RECURRING] scheduled=-71720388s last_run=N/A jid=N/A status=PENDING retries=0 client_lib=MANCHEGO_GCM-10400000} [CONTEXT service_id=218 ]
09-15 14:41:01.854: I/OcrModelUpStIntentOp(8729): Downloading text recognizer
09-15 14:41:01.892: I/Vision(8729): Requesting optional module download of ocr.
09-15 14:41:01.926: I/Vision(8729): Checking for download completion for 492793 -- ocr
09-15 14:41:01.959: I/GCoreUlr(6666): WorldUpdater:com.google.gservices.intent.action.GSERVICES_CHANGED: Ensuring that reporting is stopped because of reasons: (no Google accounts)
09-15 14:41:01.986: E/ExecutionCriteria(6666): Package unavailable for task: com.google.android.videos/com.google.android.apps.play.movies.common.service.player.logging.QoePingService{u=0 tag="flush_qoe_logs" trigger=window{period=86400s,flex=86400s,earliest=-71806788s,latest=-71720388s} requirements=[NET_UNMETERED,CHARGING] attributes=[PERSISTED,RECURRING] scheduled=-71806788s last_run=N/A jid=N/A status=PENDING retries=0 client_lib=MANCHEGO_GCM-10400000} [CONTEXT service_id=218 ]
09-15 14:41:01.987: I/ModuleSetMgr(8729): Computing pending module set with APKs: [[AdsFdrDynamite.integ:22060000000], [Payments.integ:202690008000400], [PaymentsDynamite.integ:202690008000400], [AdsFdrDynamite.integ:21460000000], [Cronetdynamite:202116040400], [Dynamiteloader:202116040000], [Dynamitemodulesa:202116040000], [Dynamitemodulesc:202116040000], [Googlecertificates:202116040000], [Mapsdynamite:202116040000], [Measurementdynamite:202116040000]]
09-15 14:41:01.987: E/ExecutionCriteria(6666): Package unavailable for task: com.google.android.videos/com.google.android.apps.play.movies.common.service.drm.RefreshLicenseTaskService{u=0 tag="refresh_license" trigger=window{period=172800s,flex=172800s,earliest=-71720388s,latest=-71547588s} requirements=[NET_CONNECTED] attributes=[PERSISTED,RECURRING] scheduled=-71720388s last_run=N/A jid=N/A status=PENDING retries=0 client_lib=MANCHEGO_GCM-10400000} [CONTEXT service_id=218 ]
09-15 14:41:01.988: I/zygote64(8729): Background concurrent copying GC freed 36453(2MB) AllocSpace objects, 20(392KB) LOS objects, 49% free, 6MB/13MB, paused 3.699ms total 431.450ms
09-15 14:41:02.000: I/GCoreUlr(6666): Unbound from all signal providers.
09-15 14:41:02.005: I/Vision(8729): Requesting optional module download of ocr.
09-15 14:41:02.006: I/Vision(8729): Checking for download completion for 492880 -- ocr
09-15 14:41:02.011: I/zygote64(8729): Deoptimizing int os.a(java.lang.Object) due to JIT inline cache
09-15 14:41:02.027: E/ConfigFileUtils(8729): Failed to read config file: /data/user_de/0/com.google.android.gms/app_chimera/next_container.pb (No such file or directory)
09-15 14:41:02.068: I/GCoreUlr(6666): Unbound from all signal providers.
09-15 14:41:02.068: I/GCoreUlr(6666): Stopping handler for UlrDispSvcFast
09-15 14:41:02.114: I/ModuleSetMgr(8729): Container features not yet downloaded are disabled.
09-15 14:41:02.121: I/GservicesProvider(2045): override update completed
09-15 14:41:02.126: D/GoogleCarrierConfigReceiver(9160): Gservices Changed Received
09-15 14:41:02.145: E/GooglePlayServicesUtil(9176): The Google Play services resources were not found. Check your project configuration to ensure that the resources are included.
09-15 14:41:02.162: I/ModuleSetMgr(8729): Container features not yet downloaded are disabled.
09-15 14:41:02.166: E/ExecutionCriteria(6666): Package unavailable for task: com.google.android.videos/com.google.android.apps.play.movies.common.service.player.logging.QoePingService{u=0 tag="flush_qoe_logs" trigger=window{period=86400s,flex=86400s,earliest=-71806788s,latest=-71720388s} requirements=[NET_UNMETERED,CHARGING] attributes=[PERSISTED,RECURRING] scheduled=-71806788s last_run=N/A jid=N/A status=PENDING retries=0 client_lib=MANCHEGO_GCM-10400000} [CONTEXT service_id=218 ]
09-15 14:41:02.167: I/zygote64(6666): Do full code cache collection, code=1527KB, data=953KB
09-15 14:41:02.184: I/TestSupport(8729): GServices override confirmed: gms:phenotype:phenotype_flag:debug_bypass_phenotype=false [CONTEXT service_id=133 ]
09-15 14:41:02.185: I/zygote64(6666): After code cache collection, code=1391KB, data=802KB
09-15 14:41:02.188: I/CarrierServices(3013): [2] bxu.e: Carrier Services GServices flags:
09-15 14:41:02.188: I/CarrierServices(3013):    carrier_services_security_flags_ec_api_white_listed_packages: com.google.android.apps.messaging,com.google.android.dialer,com.google.android.ims.client.sampleapp,com.android.contacts,com.lge.rcscall,com.android.incallui,com.huawei.incallui.appfeature.rcsfeature
09-15 14:41:02.188: I/CarrierServices(3013):    carrier_services_security_flags_ec_api_white_listed_signatures: B28C3EDB665DF32686224DF800F603E9959BBE4E,0980A12BE993528C19107BC21AD811478C63CEFC,B38FA7B5ECFAEC44620A020752B07E063B3120A8,203997BC46B8792DC9747ABD230569071F9A0439,EDA6413C3E3A95492114FE07CD953AD897E40D1A,760EBB9F4200B3DFB1B817B40FF0563A3C150D39,5B368CFF2DA2686996BC95EAC190EAA4F5630FE5,01D845B26B688D8EF647205A5944E9407E52E06E,27196E386B875E76ADF700E7EA84E4C6EEE33DFA,1CDD04F1E4A732BB0352FDFAEE26D2315526DF85,025D5212BF3B5F5CDA6117A518721D70A94D84E0
09-15 14:41:02.188: I/CarrierServices(3013):    carrier_services_security_flags_test_service_white_listed_packages: com.google.android.ims.mobly.snippets
09-15 14:41:02.188: I/CarrierServices(3013):    carrier_services_security_flags_test_service_white_listed_signatures: AE41481F52E0F58DF2806D5A38EB3DBCA5AE02B0,E165542B31953CC282AA4EF2F4D5F07F7663A2A2
09-15 14:41:02.188: I/CarrierServices(3013):    carrier_services_security_flags_white_listed_packages: com.google.android.apps.messaging,com.google.android.dialer,com.google.android.ims.client.sampleapp,com.android.contacts,com.lge.rcscall,com.android.incallui,com.huawei.incallui.appfeature.rcsfeature
09-15 14:41:02.188: I/CarrierServices(3013):    carrier_services_security_flags_white_listed_signatures: B28C3EDB665DF32686224DF800F603E9959BBE4E,0980A12BE993528C19107BC21AD811478C63CEFC,B38FA7B5ECFAEC44620A020752B07E063B3120A8,203997BC46B8792DC9747ABD230569071F9A0439,EDA6413C3E3A95492114FE07CD953AD897E40D1A,760EBB9F4200B3DFB1B817B40FF0563A3C150D39,5B368CFF2DA2686996BC95EAC190EAA4F5630FE5,01D845B26B688D8EF647205A5944E9407E52E06E,27196E386B875E76ADF700E7EA84E4C6EEE33DFA,1CDD04F1E4A732BB0352FDFAEE26D2315526DF85,025D5212BF3B5F5CDA6117A518721D70A94D84E0
09-15 14:41:02.188: I/CarrierServices(3013):    carrier_services_video_share_disabled_user_agent_substrings: SM-G930,SM-G935,SM-A320
09-15 14:41:02.188: I/CarrierServices(3013): ====================
09-15 14:41:02.192: D/ConnMetrics:App(9176): IsOptedIn = false
09-15 14:41:02.194: I/Backup(8729): [GmsBackupStatusChangeReceiver] Going to enable gms backup transport.
09-15 14:41:02.218: I/Herrevad(6666): [719] abqg.a: updateListenState
09-15 14:41:02.220: I/NetRec(6666): [703] alek.a: onConfigChanged()
09-15 14:41:02.220: I/TestSupport(8729): SetFlagOverridesOperation: com.google.android.gms.auth.api.credentials, '', [Flag(SaveStrategy__enableSaving, false, 2, 0)] [CONTEXT service_id=133 ]
09-15 14:41:02.229: I/Auth(6666): [AuthManaged,PasswordComplexityHelperImpl] Updating password complexity components state.
09-15 14:41:02.230: I/Auth(6666): [AuthManaged,PasswordComplexityHelperImpl] Enabling com.google.android.gms.auth.managed.ui.SetNewPasswordActivity
09-15 14:41:02.236: I/BgTaskExecutorImpl(7297): Starting NONEXCLUSIVE background task update_gservices_config.
09-15 14:41:02.244: I/zygote64(893): Background concurrent copying GC freed 23615(1483KB) AllocSpace objects, 2(40KB) LOS objects, 42% free, 14MB/25MB, paused 213us total 361.631ms
09-15 14:41:02.250: I/GservicesUpdateTask(7297): Updating Gservices keys
09-15 14:41:02.257: I/NetRec(6666): [703] alek.a: Cancelling all NetRec GCM tasks
09-15 14:41:02.260: I/NetRec(6666): [700] ClearDatabaseService.onHandleIntent: Clearing score cache
09-15 14:41:02.263: E/ExecutionCriteria(6666): Package unavailable for task: com.google.android.videos/com.google.android.apps.play.movies.common.service.drm.RefreshLicenseTaskService{u=0 tag="refresh_license" trigger=window{period=172800s,flex=172800s,earliest=-71720388s,latest=-71547588s} requirements=[NET_CONNECTED] attributes=[PERSISTED,RECURRING] scheduled=-71720388s last_run=N/A jid=N/A status=PENDING retries=0 client_lib=MANCHEGO_GCM-10400000} [CONTEXT service_id=218 ]
09-15 14:41:02.310: I/ModuleSetMgr(8729): Pending container module APKs: []
09-15 14:41:02.310: I/ModuleSetMgr(8729): Pending non-container module APKs: [[AdsFdrDynamite.integ:22060000000], [Payments.integ:202690008000400], [PaymentsDynamite.integ:202690008000400]]
09-15 14:41:02.334: I/GeofencerStateMachine(6666): sendQueryLocationOptIn
09-15 14:41:02.420: I/chatty(6666): uid=10020(u0_a20) com.google.android.gms.persistent identical 4 lines
09-15 14:41:02.436: I/GeofencerStateMachine(6666): sendQueryLocationOptIn
09-15 14:41:02.439: I/zygote64(6666): Background concurrent copying GC freed 42864(2MB) AllocSpace objects, 2(40KB) LOS objects, 49% free, 9MB/18MB, paused 153us total 209.887ms
09-15 14:41:02.454: I/GeofencerStateMachine(6666): sendQueryLocationOptIn
09-15 14:41:02.480: I/BugleRcs(4157): updating RCS availability
09-15 14:41:02.485: D/CarrierServices(3013): log_saver already enabled
09-15 14:41:02.517: E/ExecutionCriteria(6666): Package unavailable for task: com.google.android.videos/com.google.android.apps.play.movies.common.service.player.logging.QoePingService{u=0 tag="flush_qoe_logs" trigger=window{period=86400s,flex=86400s,earliest=-71806789s,latest=-71720389s} requirements=[NET_UNMETERED,CHARGING] attributes=[PERSISTED,RECURRING] scheduled=-71806789s last_run=N/A jid=N/A status=PENDING retries=0 client_lib=MANCHEGO_GCM-10400000} [CONTEXT service_id=218 ]
09-15 14:41:02.518: E/ExecutionCriteria(6666): Package unavailable for task: com.google.android.videos/com.google.android.apps.play.movies.common.service.drm.RefreshLicenseTaskService{u=0 tag="refresh_license" trigger=window{period=172800s,flex=172800s,earliest=-71720389s,latest=-71547589s} requirements=[NET_CONNECTED] attributes=[PERSISTED,RECURRING] scheduled=-71720389s last_run=N/A jid=N/A status=PENDING retries=0 client_lib=MANCHEGO_GCM-10400000} [CONTEXT service_id=218 ]
09-15 14:41:02.530: D/BugleRcsEngine(2728): log_saver already enabled
09-15 14:41:02.531: I/BugleRcs(4157): No minimum Cs.apk version is set, not checking Cs.apk version
09-15 14:41:02.537: I/Bugle(4157): ApnsOta: OTA version -1
09-15 14:41:02.539: V/BugleRcs(4157): RcsAvailability updated but unchanged: RCS is disabled due to SIM absent
09-15 14:41:02.551: I/GCoreUlr(6666): DispatchingService ignoring Intent { act=android.net.wifi.WIFI_STATE_CHANGED flg=0x4000010 (has extras) } because ULR inactive
09-15 14:41:02.560: W/PackageParser(8729): Unknown element under <manifest>: queries at /data/user_de/0/com.google.android.gms/app_chimera/m/00000016/dl-Payments.integ_202690008000400.apk Binary XML file line #5
09-15 14:41:02.561: I/Icing(8729): Internal init done: storage state 0 [CONTEXT service_id=21 ]
09-15 14:41:02.584: E/ExecutionCriteria(6666): Package unavailable for task: com.google.android.videos/com.google.android.apps.play.movies.common.service.player.logging.QoePingService{u=0 tag="flush_qoe_logs" trigger=window{period=86400s,flex=86400s,earliest=-71806789s,latest=-71720389s} requirements=[NET_UNMETERED,CHARGING] attributes=[PERSISTED,RECURRING] scheduled=-71806789s last_run=N/A jid=N/A status=PENDING retries=0 client_lib=MANCHEGO_GCM-10400000} [CONTEXT service_id=218 ]
09-15 14:41:02.588: I/GCoreUlr(6666): WorldUpdater received intent Intent { act=com.google.android.location.reporting.ACTION_UPDATE_WORLD cmp=com.google.android.gms/com.google.android.location.reporting.service.DispatchingService (has extras) } with receiverAction com.google.gservices.intent.action.GSERVICES_CHANGED
09-15 14:41:02.593: E/ExecutionCriteria(6666): Package unavailable for task: com.google.android.videos/com.google.android.apps.play.movies.common.service.drm.RefreshLicenseTaskService{u=0 tag="refresh_license" trigger=window{period=172800s,flex=172800s,earliest=-71720389s,latest=-71547589s} requirements=[NET_CONNECTED] attributes=[PERSISTED,RECURRING] scheduled=-71720389s last_run=N/A jid=N/A status=PENDING retries=0 client_lib=MANCHEGO_GCM-10400000} [CONTEXT service_id=218 ]
09-15 14:41:02.607: I/TestSupport(8729): AwaitCommitOperation: SaveStrategy__enableSaving [CONTEXT service_id=133 ]
09-15 14:41:02.620: I/aoeb(6666): Removed 0 invalid users [CONTEXT service_id=51 ]
09-15 14:41:02.630: I/TestSupport(8729): AwaitCommitOperation: uncommitted: FlagOverride(com.google.android.gms.auth.api.credentials, , Flag(SaveStrategy__enableSaving, false, 2, 0), false) [CONTEXT service_id=133 ]
09-15 14:41:02.631: I/TestSupport(8729): AwaitCommitOperation:  sleeping for 10 msec. [CONTEXT service_id=133 ]
09-15 14:41:02.637: I/GmsModuleFndr(8729): Beginning GMS chimera module scan
09-15 14:41:02.638: I/GmsModuleFndr(8729): Beginning GMS chimera module scan
09-15 14:41:02.647: I/ModuleSetMgr(8729): Computing pending module set with APKs: [[AdsFdrDynamite.integ:22060000000], [Payments.integ:202690008000400], [PaymentsDynamite.integ:202690008000400], [AdsFdrDynamite.integ:21460000000], [Cronetdynamite:202116040400], [Dynamiteloader:202116040000], [Dynamitemodulesa:202116040000], [Dynamitemodulesc:202116040000], [Googlecertificates:202116040000], [Mapsdynamite:202116040000], [Measurementdynamite:202116040000]]
09-15 14:41:02.647: I/TestSupport(8729): AwaitCommitOperation: uncommitted: FlagOverride(com.google.android.gms.auth.api.credentials, , Flag(SaveStrategy__enableSaving, false, 2, 0), false) [CONTEXT service_id=133 ]
09-15 14:41:02.647: I/TestSupport(8729): AwaitCommitOperation:  sleeping for 20 msec. [CONTEXT service_id=133 ]
09-15 14:41:02.649: I/GCoreUlr(6666): WorldUpdater:com.google.gservices.intent.action.GSERVICES_CHANGED: Ensuring that reporting is stopped because of reasons: (no Google accounts)
09-15 14:41:02.664: I/GCoreUlr(6666): Unbound from all signal providers.
09-15 14:41:02.665: I/ModuleSetMgr(8729): Pending container module APKs: []
09-15 14:41:02.665: I/ModuleSetMgr(8729): Pending non-container module APKs: [[AdsFdrDynamite.integ:22060000000], [Payments.integ:202690008000400], [PaymentsDynamite.integ:202690008000400]]
09-15 14:41:02.679: I/TestSupport(8729): AwaitCommitOperation: uncommitted: FlagOverride(com.google.android.gms.auth.api.credentials, , Flag(SaveStrategy__enableSaving, false, 2, 0), false) [CONTEXT service_id=133 ]
09-15 14:41:02.688: I/TestSupport(8729): AwaitCommitOperation:  sleeping for 40 msec. [CONTEXT service_id=133 ]
09-15 14:41:02.698: W/PackageParser(8729): Unknown element under <manifest>: queries at /data/user_de/0/com.google.android.gms/app_chimera/m/00000015/dl-AdsFdrDynamite.integ_22060000000.apk Binary XML file line #5
09-15 14:41:02.700: W/PackageParser(8729): Unknown element under <manifest>: queries at /data/user_de/0/com.google.android.gms/app_chimera/m/00000016/dl-Payments.integ_202690008000400.apk Binary XML file line #5
09-15 14:41:02.704: I/GCoreUlr(6666): Unbound from all signal providers.
09-15 14:41:02.704: I/GCoreUlr(6666): Stopping handler for UlrDispSvcFast
09-15 14:41:02.724: I/ModuleSetMgr(8729): Computing pending module set with APKs: [[AdsFdrDynamite.integ:22060000000], [Payments.integ:202690008000400], [PaymentsDynamite.integ:202690008000400], [AdsFdrDynamite.integ:21460000000], [Cronetdynamite:202116040400], [Dynamiteloader:202116040000], [Dynamitemodulesa:202116040000], [Dynamitemodulesc:202116040000], [Googlecertificates:202116040000], [Mapsdynamite:202116040000], [Measurementdynamite:202116040000]]
09-15 14:41:02.737: I/ChromeSync(8729): [Sync,SyncIntentOperation] Handling the intent: Intent { act=com.google.gservices.intent.action.GSERVICES_CHANGED flg=0x1000010 cmp=com.google.android.gms/.chimera.GmsIntentOperationService$PersistentInternalReceiver }.
09-15 14:41:02.745: I/TestSupport(8729): AwaitCommitOperation: uncommitted: FlagOverride(com.google.android.gms.auth.api.credentials, , Flag(SaveStrategy__enableSaving, false, 2, 0), false) [CONTEXT service_id=133 ]
09-15 14:41:02.748: I/TestSupport(8729): AwaitCommitOperation:  sleeping for 80 msec. [CONTEXT service_id=133 ]
09-15 14:41:02.761: I/ModuleSetMgr(8729): Pending container module APKs: []
09-15 14:41:02.761: I/ModuleSetMgr(8729): Pending non-container module APKs: [[AdsFdrDynamite.integ:22060000000], [Payments.integ:202690008000400], [PaymentsDynamite.integ:202690008000400]]
09-15 14:41:02.814: W/PackageParser(8729): Unknown element under <manifest>: queries at /data/user_de/0/com.google.android.gms/app_chimera/m/00000015/dl-AdsFdrDynamite.integ_22060000000.apk Binary XML file line #5
09-15 14:41:02.822: W/PackageParser(8729): Unknown element under <manifest>: queries at /data/user_de/0/com.google.android.gms/app_chimera/m/00000016/dl-Payments.integ_202690008000400.apk Binary XML file line #5
09-15 14:41:02.829: I/MobileDataHub(8729): Scheduling periodic tasks
09-15 14:41:02.833: I/MdiSyncModule(8729): flag handling is skipping irrelevant intent.
09-15 14:41:02.854: I/Icing(8729): IndexChimeraService.getServiceInterface callingPackage=com.google.android.gms componentName=null serviceId=36 [CONTEXT service_id=21 ]
09-15 14:41:02.857: I/ChimeraConfigurator(8729): Update complete: success
09-15 14:41:02.866: I/TestSupport(8729): AwaitCommitOperation: uncommitted: FlagOverride(com.google.android.gms.auth.api.credentials, , Flag(SaveStrategy__enableSaving, false, 2, 0), false) [CONTEXT service_id=133 ]
09-15 14:41:02.867: I/TestSupport(8729): AwaitCommitOperation:  sleeping for 160 msec. [CONTEXT service_id=133 ]
09-15 14:41:02.874: I/ModuleSetMgr(8729): Container features not yet downloaded are disabled.
09-15 14:41:02.875: E/ExecutionCriteria(6666): Package unavailable for task: com.google.android.videos/com.google.android.apps.play.movies.common.service.player.logging.QoePingService{u=0 tag="flush_qoe_logs" trigger=window{period=86400s,flex=86400s,earliest=-71806789s,latest=-71720389s} requirements=[NET_UNMETERED,CHARGING] attributes=[PERSISTED,RECURRING] scheduled=-71806789s last_run=N/A jid=N/A status=PENDING retries=0 client_lib=MANCHEGO_GCM-10400000} [CONTEXT service_id=218 ]
09-15 14:41:02.881: E/ExecutionCriteria(6666): Package unavailable for task: com.google.android.videos/com.google.android.apps.play.movies.common.service.drm.RefreshLicenseTaskService{u=0 tag="refresh_license" trigger=window{period=172800s,flex=172800s,earliest=-71720389s,latest=-71547589s} requirements=[NET_CONNECTED] attributes=[PERSISTED,RECURRING] scheduled=-71720389s last_run=N/A jid=N/A status=PENDING retries=0 client_lib=MANCHEGO_GCM-10400000} [CONTEXT service_id=218 ]
09-15 14:41:02.898: I/Icing(8729): IndexChimeraService.getServiceInterface callingPackage=com.google.android.gms componentName=null serviceId=30 [CONTEXT service_id=21 ]
09-15 14:41:02.911: I/MS_RegisterService(8729): Tachyon host: instantmessaging-pa.googleapis.com, Tachyon port: 443
09-15 14:41:02.955: I/MS_Utils(8729): version of com.google.android.apps.maps = 978102040
09-15 14:41:02.980: I/MS_RegisterService(8729): RegisterService intent:Intent { act=com.google.android.gms.matchstick.register_intent_action cat=[targeted_intent_op_prefix:com.google.android.libraries.matchstick.net.SilentRegisterIntentOperation] cmp=com.google.android.gms/.chimera.GmsIntentOperationService } isPeriodic:false
09-15 14:41:03.018: W/MS_RegisterService(8729): Not eligible for registration.
09-15 14:41:03.034: I/TestSupport(8729): AwaitCommitOperation: uncommitted: FlagOverride(com.google.android.gms.auth.api.credentials, , Flag(SaveStrategy__enableSaving, false, 2, 0), false) [CONTEXT service_id=133 ]
09-15 14:41:03.038: I/TestSupport(8729): AwaitCommitOperation:  sleeping for 320 msec. [CONTEXT service_id=133 ]
09-15 14:41:03.062: I/GmsModuleFndr(8729): Beginning GMS chimera module scan
09-15 14:41:03.079: I/SystemUpdate(8729): [Installation,ReceiverIntentOperation] Received intent: Intent { act=com.google.gservices.intent.action.GSERVICES_CHANGED flg=0x1000010 cmp=com.google.android.gms/.chimera.GmsIntentOperationService$PersistentInternalReceiver }.
09-15 14:41:03.089: I/zygote64(8729): Background concurrent copying GC freed 60940(3MB) AllocSpace objects, 22(432KB) LOS objects, 49% free, 7MB/14MB, paused 330us total 286.059ms
09-15 14:41:03.120: I/OcrModelUpStIntentOp(8729): Updating ocr activity enabled=true (phenotypeFlag=true, lowRamDevice=false, prereqCheck=true)
09-15 14:41:03.122: W/DynamiteModule(8729): Local module descriptor class for com.google.android.gms.vision.dynamite.ocr not found.
09-15 14:41:03.124: W/ProviderHelper(8729): Unknown dynamite feature vision.dynamite.ocr
09-15 14:41:03.128: I/ModuleSetMgr(8729): Computing pending module set with APKs: [[AdsFdrDynamite.integ:22060000000], [Payments.integ:202690008000400], [PaymentsDynamite.integ:202690008000400], [AdsFdrDynamite.integ:21460000000], [Cronetdynamite:202116040400], [Dynamiteloader:202116040000], [Dynamitemodulesa:202116040000], [Dynamitemodulesc:202116040000], [Googlecertificates:202116040000], [Mapsdynamite:202116040000], [Measurementdynamite:202116040000]]
09-15 14:41:03.132: I/DynamiteModule(8729): Considering local module com.google.android.gms.vision.dynamite.ocr:0 and remote module com.google.android.gms.vision.dynamite.ocr:0
09-15 14:41:03.133: W/ProviderHelper(8729): Unknown dynamite feature vision.ocr
